###############################################################################
#
# IAR ELF Linker V8.32.1.169/W32 for ARM                  19/Aug/2019  08:56:35
# Copyright 2007-2018 IAR Systems AB.
#
#    Output file  =  
#        G:\MKV44F256FVH16_Pro\IAR_mkv44f128vlh16_software_folder\freeRTOS_iar_mkv44f128vlh16_soft\iar\debug\pwm.out
#    Map file     =  
#        G:\MKV44F256FVH16_Pro\IAR_mkv44f128vlh16_software_folder\freeRTOS_iar_mkv44f128vlh16_soft\iar\debug\list\pwm.map
#    Command line =  
#        -f C:\Users\ADMINI~1\AppData\Local\Temp\EW5114.tmp
#        (G:\MKV44F256FVH16_Pro\IAR_mkv44f128vlh16_software_folder\freeRTOS_iar_mkv44f128vlh16_soft\iar\debug\obj\adc.o
#        G:\MKV44F256FVH16_Pro\IAR_mkv44f128vlh16_software_folder\freeRTOS_iar_mkv44f128vlh16_soft\iar\debug\obj\bldc.o
#        G:\MKV44F256FVH16_Pro\IAR_mkv44f128vlh16_software_folder\freeRTOS_iar_mkv44f128vlh16_soft\iar\debug\obj\board.o
#        G:\MKV44F256FVH16_Pro\IAR_mkv44f128vlh16_software_folder\freeRTOS_iar_mkv44f128vlh16_soft\iar\debug\obj\clock_config.o
#        G:\MKV44F256FVH16_Pro\IAR_mkv44f128vlh16_software_folder\freeRTOS_iar_mkv44f128vlh16_soft\iar\debug\obj\event_groups.o
#        G:\MKV44F256FVH16_Pro\IAR_mkv44f128vlh16_software_folder\freeRTOS_iar_mkv44f128vlh16_soft\iar\debug\obj\fsl_aoi.o
#        G:\MKV44F256FVH16_Pro\IAR_mkv44f128vlh16_software_folder\freeRTOS_iar_mkv44f128vlh16_soft\iar\debug\obj\fsl_assert.o
#        G:\MKV44F256FVH16_Pro\IAR_mkv44f128vlh16_software_folder\freeRTOS_iar_mkv44f128vlh16_soft\iar\debug\obj\fsl_cadc.o
#        G:\MKV44F256FVH16_Pro\IAR_mkv44f128vlh16_software_folder\freeRTOS_iar_mkv44f128vlh16_soft\iar\debug\obj\fsl_clock.o
#        G:\MKV44F256FVH16_Pro\IAR_mkv44f128vlh16_software_folder\freeRTOS_iar_mkv44f128vlh16_soft\iar\debug\obj\fsl_cmp.o
#        G:\MKV44F256FVH16_Pro\IAR_mkv44f128vlh16_software_folder\freeRTOS_iar_mkv44f128vlh16_soft\iar\debug\obj\fsl_common.o
#        G:\MKV44F256FVH16_Pro\IAR_mkv44f128vlh16_software_folder\freeRTOS_iar_mkv44f128vlh16_soft\iar\debug\obj\fsl_crc.o
#        G:\MKV44F256FVH16_Pro\IAR_mkv44f128vlh16_software_folder\freeRTOS_iar_mkv44f128vlh16_soft\iar\debug\obj\fsl_dac.o
#        G:\MKV44F256FVH16_Pro\IAR_mkv44f128vlh16_software_folder\freeRTOS_iar_mkv44f128vlh16_soft\iar\debug\obj\fsl_debug_console.o
#        G:\MKV44F256FVH16_Pro\IAR_mkv44f128vlh16_software_folder\freeRTOS_iar_mkv44f128vlh16_soft\iar\debug\obj\fsl_dmamux.o
#        G:\MKV44F256FVH16_Pro\IAR_mkv44f128vlh16_software_folder\freeRTOS_iar_mkv44f128vlh16_soft\iar\debug\obj\fsl_dspi.o
#        G:\MKV44F256FVH16_Pro\IAR_mkv44f128vlh16_software_folder\freeRTOS_iar_mkv44f128vlh16_soft\iar\debug\obj\fsl_dspi_edma.o
#        G:\MKV44F256FVH16_Pro\IAR_mkv44f128vlh16_software_folder\freeRTOS_iar_mkv44f128vlh16_soft\iar\debug\obj\fsl_edma.o
#        G:\MKV44F256FVH16_Pro\IAR_mkv44f128vlh16_software_folder\freeRTOS_iar_mkv44f128vlh16_soft\iar\debug\obj\fsl_enc.o
#        G:\MKV44F256FVH16_Pro\IAR_mkv44f128vlh16_software_folder\freeRTOS_iar_mkv44f128vlh16_soft\iar\debug\obj\fsl_ewm.o
#        G:\MKV44F256FVH16_Pro\IAR_mkv44f128vlh16_software_folder\freeRTOS_iar_mkv44f128vlh16_soft\iar\debug\obj\fsl_flexcan.o
#        G:\MKV44F256FVH16_Pro\IAR_mkv44f128vlh16_software_folder\freeRTOS_iar_mkv44f128vlh16_soft\iar\debug\obj\fsl_flexcan_edma.o
#        G:\MKV44F256FVH16_Pro\IAR_mkv44f128vlh16_software_folder\freeRTOS_iar_mkv44f128vlh16_soft\iar\debug\obj\fsl_ftfx_cache.o
#        G:\MKV44F256FVH16_Pro\IAR_mkv44f128vlh16_software_folder\freeRTOS_iar_mkv44f128vlh16_soft\iar\debug\obj\fsl_ftfx_controller.o
#        G:\MKV44F256FVH16_Pro\IAR_mkv44f128vlh16_software_folder\freeRTOS_iar_mkv44f128vlh16_soft\iar\debug\obj\fsl_ftfx_flash.o
#        G:\MKV44F256FVH16_Pro\IAR_mkv44f128vlh16_software_folder\freeRTOS_iar_mkv44f128vlh16_soft\iar\debug\obj\fsl_ftfx_flexnvm.o
#        G:\MKV44F256FVH16_Pro\IAR_mkv44f128vlh16_software_folder\freeRTOS_iar_mkv44f128vlh16_soft\iar\debug\obj\fsl_gpio.o
#        G:\MKV44F256FVH16_Pro\IAR_mkv44f128vlh16_software_folder\freeRTOS_iar_mkv44f128vlh16_soft\iar\debug\obj\fsl_i2c.o
#        G:\MKV44F256FVH16_Pro\IAR_mkv44f128vlh16_software_folder\freeRTOS_iar_mkv44f128vlh16_soft\iar\debug\obj\fsl_i2c_edma.o
#        G:\MKV44F256FVH16_Pro\IAR_mkv44f128vlh16_software_folder\freeRTOS_iar_mkv44f128vlh16_soft\iar\debug\obj\fsl_llwu.o
#        G:\MKV44F256FVH16_Pro\IAR_mkv44f128vlh16_software_folder\freeRTOS_iar_mkv44f128vlh16_soft\iar\debug\obj\fsl_lptmr.o
#        G:\MKV44F256FVH16_Pro\IAR_mkv44f128vlh16_software_folder\freeRTOS_iar_mkv44f128vlh16_soft\iar\debug\obj\fsl_pdb.o
#        G:\MKV44F256FVH16_Pro\IAR_mkv44f128vlh16_software_folder\freeRTOS_iar_mkv44f128vlh16_soft\iar\debug\obj\fsl_pit.o
#        G:\MKV44F256FVH16_Pro\IAR_mkv44f128vlh16_software_folder\freeRTOS_iar_mkv44f128vlh16_soft\iar\debug\obj\fsl_pmc.o
#        G:\MKV44F256FVH16_Pro\IAR_mkv44f128vlh16_software_folder\freeRTOS_iar_mkv44f128vlh16_soft\iar\debug\obj\fsl_pwm.o
#        G:\MKV44F256FVH16_Pro\IAR_mkv44f128vlh16_software_folder\freeRTOS_iar_mkv44f128vlh16_soft\iar\debug\obj\fsl_rcm.o
#        G:\MKV44F256FVH16_Pro\IAR_mkv44f128vlh16_software_folder\freeRTOS_iar_mkv44f128vlh16_soft\iar\debug\obj\fsl_sim.o
#        G:\MKV44F256FVH16_Pro\IAR_mkv44f128vlh16_software_folder\freeRTOS_iar_mkv44f128vlh16_soft\iar\debug\obj\fsl_smc.o
#        G:\MKV44F256FVH16_Pro\IAR_mkv44f128vlh16_software_folder\freeRTOS_iar_mkv44f128vlh16_soft\iar\debug\obj\fsl_str.o
#        G:\MKV44F256FVH16_Pro\IAR_mkv44f128vlh16_software_folder\freeRTOS_iar_mkv44f128vlh16_soft\iar\debug\obj\fsl_uart.o
#        G:\MKV44F256FVH16_Pro\IAR_mkv44f128vlh16_software_folder\freeRTOS_iar_mkv44f128vlh16_soft\iar\debug\obj\fsl_uart_edma.o
#        G:\MKV44F256FVH16_Pro\IAR_mkv44f128vlh16_software_folder\freeRTOS_iar_mkv44f128vlh16_soft\iar\debug\obj\fsl_wdog.o
#        G:\MKV44F256FVH16_Pro\IAR_mkv44f128vlh16_software_folder\freeRTOS_iar_mkv44f128vlh16_soft\iar\debug\obj\fsl_xbara.o
#        G:\MKV44F256FVH16_Pro\IAR_mkv44f128vlh16_software_folder\freeRTOS_iar_mkv44f128vlh16_soft\iar\debug\obj\fsl_xbarb.o
#        G:\MKV44F256FVH16_Pro\IAR_mkv44f128vlh16_software_folder\freeRTOS_iar_mkv44f128vlh16_soft\iar\debug\obj\heap_4.o
#        G:\MKV44F256FVH16_Pro\IAR_mkv44f128vlh16_software_folder\freeRTOS_iar_mkv44f128vlh16_soft\iar\debug\obj\key.o
#        G:\MKV44F256FVH16_Pro\IAR_mkv44f128vlh16_software_folder\freeRTOS_iar_mkv44f128vlh16_soft\iar\debug\obj\led.o
#        G:\MKV44F256FVH16_Pro\IAR_mkv44f128vlh16_software_folder\freeRTOS_iar_mkv44f128vlh16_soft\iar\debug\obj\list.o
#        G:\MKV44F256FVH16_Pro\IAR_mkv44f128vlh16_software_folder\freeRTOS_iar_mkv44f128vlh16_soft\iar\debug\obj\main.o
#        G:\MKV44F256FVH16_Pro\IAR_mkv44f128vlh16_software_folder\freeRTOS_iar_mkv44f128vlh16_soft\iar\debug\obj\output.o
#        G:\MKV44F256FVH16_Pro\IAR_mkv44f128vlh16_software_folder\freeRTOS_iar_mkv44f128vlh16_soft\iar\debug\obj\pin_mux.o
#        G:\MKV44F256FVH16_Pro\IAR_mkv44f128vlh16_software_folder\freeRTOS_iar_mkv44f128vlh16_soft\iar\debug\obj\pollingusart.o
#        G:\MKV44F256FVH16_Pro\IAR_mkv44f128vlh16_software_folder\freeRTOS_iar_mkv44f128vlh16_soft\iar\debug\obj\port.o
#        G:\MKV44F256FVH16_Pro\IAR_mkv44f128vlh16_software_folder\freeRTOS_iar_mkv44f128vlh16_soft\iar\debug\obj\portasm.o
#        G:\MKV44F256FVH16_Pro\IAR_mkv44f128vlh16_software_folder\freeRTOS_iar_mkv44f128vlh16_soft\iar\debug\obj\queue.o
#        G:\MKV44F256FVH16_Pro\IAR_mkv44f128vlh16_software_folder\freeRTOS_iar_mkv44f128vlh16_soft\iar\debug\obj\serial_manager.o
#        G:\MKV44F256FVH16_Pro\IAR_mkv44f128vlh16_software_folder\freeRTOS_iar_mkv44f128vlh16_soft\iar\debug\obj\serial_port_uart.o
#        G:\MKV44F256FVH16_Pro\IAR_mkv44f128vlh16_software_folder\freeRTOS_iar_mkv44f128vlh16_soft\iar\debug\obj\startup_MKV46F16.o
#        G:\MKV44F256FVH16_Pro\IAR_mkv44f128vlh16_software_folder\freeRTOS_iar_mkv44f128vlh16_soft\iar\debug\obj\stream_buffer.o
#        G:\MKV44F256FVH16_Pro\IAR_mkv44f128vlh16_software_folder\freeRTOS_iar_mkv44f128vlh16_soft\iar\debug\obj\system_MKV46F16.o
#        G:\MKV44F256FVH16_Pro\IAR_mkv44f128vlh16_software_folder\freeRTOS_iar_mkv44f128vlh16_soft\iar\debug\obj\tasks.o
#        G:\MKV44F256FVH16_Pro\IAR_mkv44f128vlh16_software_folder\freeRTOS_iar_mkv44f128vlh16_soft\iar\debug\obj\timers.o
#        G:\MKV44F256FVH16_Pro\IAR_mkv44f128vlh16_software_folder\freeRTOS_iar_mkv44f128vlh16_soft\iar\debug\obj\uart_adapter.o
#        --redirect _Printf=_PrintfSmallNoMb --redirect _Scanf=_ScanfSmallNoMb
#        --no_out_extension -o
#        G:\MKV44F256FVH16_Pro\IAR_mkv44f128vlh16_software_folder\freeRTOS_iar_mkv44f128vlh16_soft\iar\debug\pwm.out
#        --map
#        G:\MKV44F256FVH16_Pro\IAR_mkv44f128vlh16_software_folder\freeRTOS_iar_mkv44f128vlh16_soft\iar\debug\list\pwm.map
#        --config
#        G:\MKV44F256FVH16_Pro\IAR_mkv44f128vlh16_software_folder\freeRTOS_iar_mkv44f128vlh16_soft\iar/MKV46F256xxx16_flash.icf
#        --semihosting --entry __iar_program_start --vfe --text_out locale)
#
###############################################################################

*******************************************************************************
*** RUNTIME MODEL ATTRIBUTES
***

CppFlavor       = *
__Heap_Handler  = DLMalloc
__SystemLibrary = DLib
__dlib_version  = 6


*******************************************************************************
*** HEAP SELECTION
***

The advanced heap was selected because the application calls memory
allocation functions outside of system library functions, and there
are calls to deallocation functions in the application.


*******************************************************************************
*** PLACEMENT SUMMARY
***

"A0":  place at 0x0 { ro section .intvec };
"P1":  place in [from 0x400 to 0x40f] { section FlashConfig };
"P2":  place in [from 0x0 to 0x3ff] |
                [from 0x410 to 0x1'ffff] { ro };
define block RW { rw };
"P3":  place in [from 0x1fff'e000 to 0x1fff'ffff] |
                [from 0x2000'0000 to 0x2000'3bff] { block RW };
define block ZI { zi };
"P4":  place in [from 0x1fff'e000 to 0x1fff'ffff] |
                [from 0x2000'0000 to 0x2000'3bff] { block ZI };
define block CSTACK with size = 1K, alignment = 8 { };
"P6":  place in [from 0x2000'3c00 to 0x2000'3fff] { block CSTACK };
initialize by copy { rw, section .textrw };

  Section            Kind         Address    Size  Object
  -------            ----         -------    ----  ------
"A0":                                       0x400
  .intvec            ro code          0x0   0x400  startup_MKV46F16.o [1]
                                  - 0x400   0x400

"P1":                                        0x10
  FlashConfig        ro code        0x400    0x10  startup_MKV46F16.o [1]
                                  - 0x410    0x10

"P2":                                      0x67f4
  .text              ro code        0x410   0x9a4  tasks.o [1]
  .text              ro code        0xdb4   0x274  heap_4.o [1]
  .text              ro code       0x1028    0x66  ABImemset.o [4]
  .text              ro code       0x108e    0xa4  list.o [1]
  .text              ro code       0x1132    0x3a  zero_init3.o [4]
  .text              ro code       0x116c   0x25c  port.o [1]
  .text              ro code       0x13c8   0x4fc  timers.o [1]
  CODE               ro code       0x18c4    0xb0  portasm.o [1]
  .text              ro code       0x1974   0x712  queue.o [1]
  .rodata            const         0x2086     0x2  key.o [1]
  .text              ro code       0x2088    0xa6  ABImemcpy.o [4]
  .text              ro code       0x212e     0x2  startup_MKV46F16.o [1]
  .text              ro code       0x2130   0x6b8  fsl_pwm.o [1]
  .text              ro code       0x27e8    0x1c  fsl_assert.o [1]
  .text              ro code       0x2804   0x20a  fsl_debug_console.o [1]
  .text              ro code       0x2a0e     0x2  startup_MKV46F16.o [1]
  .text              ro code       0x2a10   0x1fc  serial_manager.o [1]
  .text              ro code       0x2c0c     0x6  ABImemclr4.o [4]
  .text              ro code       0x2c12   0x310  fsl_str.o [1]
  .text              ro code       0x2f22     0x2  startup_MKV46F16.o [1]
  .text              ro code       0x2f24    0xd4  serial_port_uart.o [1]
  .text              ro code       0x2ff8    0x32  ABImemset48.o [4]
  .text              ro code       0x302a     0x2  startup_MKV46F16.o [1]
  .text              ro code       0x302c    0x36  strlen.o [4]
  .text              ro code       0x3062     0x2  startup_MKV46F16.o [1]
  .text              ro code       0x3064   0x178  uart_adapter.o [1]
  .text              ro code       0x31dc   0x388  fsl_uart.o [1]
  .text              ro code       0x3564   0x654  fsl_cadc.o [1]
  .text              ro code       0x3bb8   0x624  fsl_clock.o [1]
  .text              ro code       0x41dc   0x4d0  xprintfsmall_nomb.o [2]
  .text              ro code       0x46ac    0x16  strchr.o [4]
  .text              ro code       0x46c2     0x2  startup_MKV46F16.o [1]
  .text              ro code       0x46c4    0x40  xfail_s.o [2]
  .text              ro code       0x4704    0x58  memchr.o [4]
  .text              ro code       0x475c     0x6  abort.o [2]
  .text              ro code       0x4764    0x14  exit.o [5]
  .text              ro code       0x4778   0x344  main.o [1]
  .text              ro code       0x4abc    0xb8  pin_mux.o [1]
  .text              ro code       0x4b74    0xac  clock_config.o [1]
  .text              ro code       0x4c20    0x18  board.o [1]
  .text              ro code       0x4c38    0x18  led.o [1]
  .text              ro code       0x4c50   0x21c  key.o [1]
  .text              ro code       0x4e6c   0x1c8  bldc.o [1]
  .text              ro code       0x5034    0xf4  adc.o [1]
  .text              ro code       0x5128    0x34  pollingusart.o [1]
  .text              ro code       0x515c    0x28  printf.o [2]
  .text              ro code       0x5184   0x338  fsl_gpio.o [1]
  .text              ro code       0x54bc    0xb0  fsl_xbara.o [1]
  .text              ro code       0x556c   0x230  I64DivMod.o [4]
  .text              ro code       0x579c     0x2  I64DivZer.o [4]
  .text              ro code       0x57a0   0x214  fsl_edma.o [1]
  .rodata            const         0x59b4    0x88  fsl_debug_console.o [1]
  .rodata            const         0x5a3c    0x88  fsl_uart.o [1]
  .rodata            const         0x5ac4    0x88  fsl_uart.o [1]
  .rodata            const         0x5b4c    0x88  serial_manager.o [1]
  .rodata            const         0x5bd4    0x88  serial_port_uart.o [1]
  .rodata            const         0x5c5c    0x7c  uart_adapter.o [1]
  .text              ro code       0x5cd8    0x7c  fsl_dspi.o [1]
  .rodata            const         0x5d54    0x74  fsl_cadc.o [1]
  .rodata            const         0x5dc8    0x74  fsl_clock.o [1]
  .rodata            const         0x5e3c    0x74  fsl_dspi.o [1]
  .rodata            const         0x5eb0    0x74  fsl_edma.o [1]
  .rodata            const         0x5f24    0x74  fsl_flexcan.o [1]
  .rodata            const         0x5f98    0x74  fsl_gpio.o [1]
  .rodata            const         0x600c    0x74  fsl_uart.o [1]
  .rodata            const         0x6080    0x74  fsl_xbara.o [1]
  .text              ro code       0x60f4    0x74  fsl_flexcan.o [1]
  .rodata            const         0x6168    0x70  fsl_pwm.o [1]
  .text              ro code       0x61d8    0x58  fsl_i2c.o [1]
  .rodata            const         0x6230    0x48  uart_adapter.o [1]
  .rodata            const         0x6278    0x40  fsl_xbara.o [1]
  .rodata            const         0x62b8    0x3c  fsl_cadc.o [1]
  .rodata            const         0x62f4    0x3c  fsl_pwm.o [1]
  .rodata            const         0x6330    0x3c  main.o [1]
  .text              ro code       0x636c    0x36  system_MKV46F16.o [1]
  .rodata            const         0x63a4    0x30  adc.o [1]
  .rodata            const         0x63d4    0x2c  fsl_assert.o [1]
  .rodata            const         0x6400    0x2c  main.o [1]
  .rodata            const         0x642c    0x2c  main.o [1]
  .rodata            const         0x6458    0x2c  main.o [1]
  .rodata            const         0x6484    0x2c  main.o [1]
  .text              ro code       0x64b0    0x2c  copy_init3.o [4]
  .rodata            const         0x64dc    0x28  adc.o [1]
  .rodata            const         0x6504    0x28  fsl_debug_console.o [1]
  .text              ro code       0x652c    0x28  startup_MKV46F16.o [1]
  .text              ro code       0x6554    0x28  data_init.o [4]
  .rodata            const         0x657c    0x24  main.o [1]
  .rodata            const         0x65a0    0x24  main.o [1]
  .rodata            const         0x65c4    0x24  main.o [1]
  .rodata            const         0x65e8    0x24  uart_adapter.o [1]
  .text              ro code       0x660c    0x22  fpinit_M.o [3]
  .iar.init_table    const         0x6630    0x24  - Linker created -
  .text              ro code       0x6654    0x20  putchar.o [2]
  .text              ro code       0x6674    0x1e  cmain.o [4]
  .text              ro code       0x6692     0x4  low_level_init.o [2]
  .text              ro code       0x6696     0x4  exit.o [2]
  .text              ro code       0x669c     0xa  cexit.o [4]
  .rodata            const         0x66a8    0x1c  bldc.o [1]
  .rodata            const         0x66c4    0x1c  fsl_uart.o [1]
  .rodata            const         0x66e0    0x18  fsl_dspi.o [1]
  .rodata            const         0x66f8    0x18  fsl_flexcan.o [1]
  .rodata            const         0x6710    0x18  fsl_flexcan.o [1]
  .rodata            const         0x6728    0x18  fsl_uart.o [1]
  .rodata            const         0x6740    0x18  main.o [1]
  .rodata            const         0x6758    0x18  main.o [1]
  .rodata            const         0x6770    0x18  main.o [1]
  .text              ro code       0x6788    0x16  xprout.o [2]
  .rodata            const         0x67a0    0x14  fsl_cadc.o [1]
  .rodata            const         0x67b4    0x14  fsl_clock.o [1]
  .rodata            const         0x67c8    0x14  fsl_gpio.o [1]
  .rodata            const         0x67dc    0x14  fsl_gpio.o [1]
  .rodata            const         0x67f0    0x14  fsl_gpio.o [1]
  Initializer bytes  const         0x6804    0x14  <for RW-1>
  .rodata            const         0x6818    0x10  bldc.o [1]
  .rodata            const         0x6828    0x10  fsl_cadc.o [1]
  .rodata            const         0x6838    0x10  fsl_clock.o [1]
  .rodata            const         0x6848    0x10  fsl_debug_console.o [1]
  .rodata            const         0x6858    0x10  fsl_pwm.o [1]
  .rodata            const         0x6868    0x10  main.o [1]
  .rodata            const         0x6878    0x10  main.o [1]
  .rodata            const         0x6888    0x10  main.o [1]
  .rodata            const         0x6898    0x10  main.o [1]
  .rodata            const         0x68a8    0x10  main.o [1]
  .rodata            const         0x68b8    0x10  main.o [1]
  .rodata            const         0x68c8    0x10  main.o [1]
  .rodata            const         0x68d8    0x10  main.o [1]
  .rodata            const         0x68e8    0x10  main.o [1]
  .rodata            const         0x68f8    0x10  main.o [1]
  .rodata            const         0x6908    0x10  main.o [1]
  .rodata            const         0x6918    0x10  serial_manager.o [1]
  .rodata            const         0x6928    0x10  serial_port_uart.o [1]
  .rodata            const         0x6938    0x10  serial_port_uart.o [1]
  .rodata            const         0x6948     0xc  clock_config.o [1]
  .rodata            const         0x6954     0xc  fsl_cadc.o [1]
  .rodata            const         0x6960     0xc  fsl_clock.o [1]
  .rodata            const         0x696c     0xc  fsl_clock.o [1]
  .rodata            const         0x6978     0xc  fsl_debug_console.o [1]
  .rodata            const         0x6984     0xc  fsl_edma.o [1]
  .rodata            const         0x6990     0xc  fsl_gpio.o [1]
  .rodata            const         0x699c     0xc  fsl_pwm.o [1]
  .rodata            const         0x69a8     0xc  fsl_pwm.o [1]
  .rodata            const         0x69b4     0xc  fsl_pwm.o [1]
  .rodata            const         0x69c0     0xc  fsl_pwm.o [1]
  .rodata            const         0x69cc     0xc  main.o [1]
  .rodata            const         0x69d8     0xc  main.o [1]
  .rodata            const         0x69e4     0xc  main.o [1]
  .rodata            const         0x69f0     0xc  serial_manager.o [1]
  .rodata            const         0x69fc     0xc  serial_manager.o [1]
  .text              ro code       0x6a08     0xc  cstartup_M.o [4]
  .rodata            const         0x6a14     0x8  clock_config.o [1]
  .rodata            const         0x6a1c     0x8  clock_config.o [1]
  .rodata            const         0x6a24     0x8  fsl_clock.o [1]
  .rodata            const         0x6a2c     0x8  fsl_debug_console.o [1]
  .rodata            const         0x6a34     0x8  fsl_pwm.o [1]
  .rodata            const         0x6a3c     0x8  fsl_uart.o [1]
  .rodata            const         0x6a44     0x8  fsl_uart.o [1]
  .rodata            const         0x6a4c     0x8  fsl_uart.o [1]
  .rodata            const         0x6a54     0x8  fsl_uart.o [1]
  .rodata            const         0x6a5c     0x8  serial_manager.o [1]
  .rodata            const         0x6a64     0x8  serial_manager.o [1]
  .rodata            const         0x6a6c     0x8  serial_manager.o [1]
  .rodata            const         0x6a74     0x8  serial_manager.o [1]
  .rodata            const         0x6a7c     0x8  serial_port_uart.o [1]
  .rodata            const         0x6a84     0x8  serial_port_uart.o [1]
  .rodata            const         0x6a8c     0x8  tasks.o [1]
  .rodata            const         0x6a94     0x8  timers.o [1]
  .rodata            const         0x6a9c     0x8  timers.o [1]
  .rodata            const         0x6aa4     0x8  uart_adapter.o [1]
  .rodata            const         0x6aac     0x8  uart_adapter.o [1]
  .rodata            const         0x6ab4     0x8  uart_adapter.o [1]
  .rodata            const         0x6abc     0x8  uart_adapter.o [1]
  .rodata            const         0x6ac4     0x8  uart_adapter.o [1]
  .text              ro code       0x6acc     0x8  startup_MKV46F16.o [1]
  .text              ro code       0x6ad4     0x8  startup_MKV46F16.o [1]
  .text              ro code       0x6adc     0x8  startup_MKV46F16.o [1]
  .text              ro code       0x6ae4     0x8  startup_MKV46F16.o [1]
  .text              ro code       0x6aec     0x8  startup_MKV46F16.o [1]
  .text              ro code       0x6af4     0x8  startup_MKV46F16.o [1]
  .text              ro code       0x6afc     0x8  startup_MKV46F16.o [1]
  .text              ro code       0x6b04     0x8  startup_MKV46F16.o [1]
  .text              ro code       0x6b0c     0x8  startup_MKV46F16.o [1]
  .text              ro code       0x6b14     0x8  startup_MKV46F16.o [1]
  .text              ro code       0x6b1c     0x8  startup_MKV46F16.o [1]
  .text              ro code       0x6b24     0x8  startup_MKV46F16.o [1]
  .text              ro code       0x6b2c     0x8  startup_MKV46F16.o [1]
  .text              ro code       0x6b34     0x8  startup_MKV46F16.o [1]
  .text              ro code       0x6b3c     0x8  startup_MKV46F16.o [1]
  .text              ro code       0x6b44     0x8  startup_MKV46F16.o [1]
  .text              ro code       0x6b4c     0x8  startup_MKV46F16.o [1]
  .text              ro code       0x6b54     0x8  startup_MKV46F16.o [1]
  .text              ro code       0x6b5c     0x8  startup_MKV46F16.o [1]
  .text              ro code       0x6b64     0x8  startup_MKV46F16.o [1]
  .text              ro code       0x6b6c     0x8  startup_MKV46F16.o [1]
  .text              ro code       0x6b74     0x8  startup_MKV46F16.o [1]
  .text              ro code       0x6b7c     0x8  startup_MKV46F16.o [1]
  .text              ro code       0x6b84     0x8  startup_MKV46F16.o [1]
  .text              ro code       0x6b8c     0x8  startup_MKV46F16.o [1]
  .text              ro code       0x6b94     0x8  startup_MKV46F16.o [1]
  .text              ro code       0x6b9c     0x8  startup_MKV46F16.o [1]
  .text              ro code       0x6ba4     0x8  startup_MKV46F16.o [1]
  .text              ro code       0x6bac     0x8  startup_MKV46F16.o [1]
  .text              ro code       0x6bb4     0x8  startup_MKV46F16.o [1]
  .text              ro code       0x6bbc     0x8  startup_MKV46F16.o [1]
  .text              ro code       0x6bc4     0x8  startup_MKV46F16.o [1]
  .text              ro code       0x6bcc     0x8  startup_MKV46F16.o [1]
  .text              ro code       0x6bd4     0x8  startup_MKV46F16.o [1]
  .text              ro code       0x6bdc     0x8  startup_MKV46F16.o [1]
  .rodata            const         0x6be4     0x4  fsl_cadc.o [1]
  .rodata            const         0x6be8     0x4  fsl_cadc.o [1]
  .rodata            const         0x6bec     0x4  fsl_pwm.o [1]
  .rodata            const         0x6bf0     0x4  fsl_xbara.o [1]
  .rodata            const         0x6bf4     0x4  fsl_xbara.o [1]
  .rodata            const         0x6bf8     0x4  heap_4.o [1]
  .rodata            const         0x6bfc     0x4  port.o [1]
  .text              ro code       0x6c00     0x4  startup_MKV46F16.o [1]
  .rodata            const         0x6c04     0x0  zero_init3.o [4]
  .rodata            const         0x6c04     0x0  copy_init3.o [4]
                                 - 0x6c04  0x67f4

"P3-P4", part 1 of 2:                        0x14
  RW                          0x2000'0000    0x14  <Block>
    RW-1                      0x2000'0000    0x11  <Init block>
      .data          inited   0x2000'0000     0x4  fsl_clock.o [1]
      .data          inited   0x2000'0004     0x4  fsl_clock.o [1]
      .data          inited   0x2000'0008     0x4  port.o [1]
      .data          inited   0x2000'000c     0x4  system_MKV46F16.o [1]
      .data          inited   0x2000'0010     0x1  bldc.o [1]
                            - 0x2000'0014    0x14

"P3-P4", part 2 of 2:                      0x2a74
  ZI                          0x2000'0014  0x2a74  <Block>
    .bss             zero     0x2000'0014     0x4  bldc.o [1]
    .bss             zero     0x2000'0018     0x4  fsl_clock.o [1]
    .bss             zero     0x2000'001c    0x1c  fsl_debug_console.o [1]
    .bss             zero     0x2000'0038     0x4  fsl_debug_console.o [1]
    .bss             zero     0x2000'003c     0x4  fsl_dspi.o [1]
    .bss             zero     0x2000'0040     0x4  fsl_dspi.o [1]
    .bss             zero     0x2000'0044     0x4  fsl_dspi.o [1]
    .bss             zero     0x2000'0048    0x40  fsl_edma.o [1]
    .bss             zero     0x2000'0088     0x8  fsl_flexcan.o [1]
    .bss             zero     0x2000'0090     0x4  fsl_flexcan.o [1]
    .bss             zero     0x2000'0094     0x4  fsl_i2c.o [1]
    .bss             zero     0x2000'0098     0x4  fsl_i2c.o [1]
    .bss             zero     0x2000'009c     0x4  fsl_i2c.o [1]
    .bss             zero     0x2000'00a0     0x8  fsl_uart.o [1]
    .bss             zero     0x2000'00a8     0x4  fsl_uart.o [1]
    .bss             zero     0x2000'00ac  0x2800  heap_4.o [1]
    .bss             zero     0x2000'28ac     0x8  heap_4.o [1]
    .bss             zero     0x2000'28b4     0x4  heap_4.o [1]
    .bss             zero     0x2000'28b8     0x4  heap_4.o [1]
    .bss             zero     0x2000'28bc     0x4  heap_4.o [1]
    .bss             zero     0x2000'28c0     0x4  heap_4.o [1]
    .bss             zero     0x2000'28c4     0x4  main.o [1]
    .bss             zero     0x2000'28c8     0x4  main.o [1]
    .bss             zero     0x2000'28cc     0x4  main.o [1]
    .bss             zero     0x2000'28d0     0x4  main.o [1]
    .bss             zero     0x2000'28d4     0x4  main.o [1]
    .bss             zero     0x2000'28d8     0x4  main.o [1]
    .bss             zero     0x2000'28dc    0x14  main.o [1]
    .bss             zero     0x2000'28f0     0x4  port.o [1]
    .bss             zero     0x2000'28f4    0x40  queue.o [1]
    .bss             zero     0x2000'2934     0x4  tasks.o [1]
    .bss             zero     0x2000'2938    0x8c  tasks.o [1]
    .bss             zero     0x2000'29c4    0x14  tasks.o [1]
    .bss             zero     0x2000'29d8    0x14  tasks.o [1]
    .bss             zero     0x2000'29ec     0x4  tasks.o [1]
    .bss             zero     0x2000'29f0     0x4  tasks.o [1]
    .bss             zero     0x2000'29f4    0x14  tasks.o [1]
    .bss             zero     0x2000'2a08    0x14  tasks.o [1]
    .bss             zero     0x2000'2a1c     0x4  tasks.o [1]
    .bss             zero     0x2000'2a20     0x4  tasks.o [1]
    .bss             zero     0x2000'2a24     0x4  tasks.o [1]
    .bss             zero     0x2000'2a28     0x4  tasks.o [1]
    .bss             zero     0x2000'2a2c     0x4  tasks.o [1]
    .bss             zero     0x2000'2a30     0x4  tasks.o [1]
    .bss             zero     0x2000'2a34     0x4  tasks.o [1]
    .bss             zero     0x2000'2a38     0x4  tasks.o [1]
    .bss             zero     0x2000'2a3c     0x4  tasks.o [1]
    .bss             zero     0x2000'2a40     0x4  tasks.o [1]
    .bss             zero     0x2000'2a44    0x14  timers.o [1]
    .bss             zero     0x2000'2a58    0x14  timers.o [1]
    .bss             zero     0x2000'2a6c     0x4  timers.o [1]
    .bss             zero     0x2000'2a70     0x4  timers.o [1]
    .bss             zero     0x2000'2a74     0x4  timers.o [1]
    .bss             zero     0x2000'2a78     0x4  timers.o [1]
    .bss             zero     0x2000'2a7c     0x4  xfail_s.o [2]
    .bss             zero     0x2000'2a80     0x2  tasks.o [1]
    .bss             zero     0x2000'2a82     0x2  tasks.o [1]
    .bss             zero     0x2000'2a84     0x2  timers.o [1]
    .bss             zero     0x2000'2a86     0x1  port.o [1]
                            - 0x2000'2a88  0x2a74

"P6":                                       0x400
  CSTACK                      0x2000'3c00   0x400  <Block>
    CSTACK           uninit   0x2000'3c00   0x400  <Block tail>
                            - 0x2000'4000   0x400

Unused ranges:

         From           To      Size
         ----           --      ----
       0x6c04     0x1'ffff  0x1'93fc
  0x1fff'e000  0x1fff'ffff    0x2000
  0x2000'2a88  0x2000'3bff    0x1178


*******************************************************************************
*** INIT TABLE
***

          Address      Size
          -------      ----
Zero (__iar_zero_init3)
    1 destination range, total size 0x2a73:
          0x2000'0014  0x2a73

Copy (__iar_copy_init3)
    1 source range, total size 0x14 (117% of destination):
               0x6804    0x14
    1 destination range, total size 0x11:
          0x2000'0000    0x11



*******************************************************************************
*** MODULE SUMMARY
***

    Module               ro code  ro data  rw data
    ------               -------  -------  -------
command line/config:
    ----------------------------------------------
    Total:

G:\MKV44F256FVH16_Pro\IAR_mkv44f128vlh16_software_folder\freeRTOS_iar_mkv44f128vlh16_soft\iar\debug\obj: [1]
    adc.o                    244       88
    bldc.o                   456       45        5
    board.o                   24
    clock_config.o           172       28
    fsl_assert.o              28       44
    fsl_cadc.o             1 620      232
    fsl_clock.o            1 572      192       12
    fsl_debug_console.o      522      212       32
    fsl_dspi.o               124      140       12
    fsl_edma.o               532      128       64
    fsl_flexcan.o            116      164       12
    fsl_gpio.o               824      188
    fsl_i2c.o                 88                12
    fsl_pwm.o              1 720      248
    fsl_str.o                784
    fsl_uart.o               904      472       12
    fsl_xbara.o              176      188
    heap_4.o                 628        4   10 264
    key.o                    540        2
    led.o                     24
    list.o                   164
    main.o                   836      628       44
    pin_mux.o                184
    pollingusart.o            52
    port.o                   604        8        9
    portasm.o                176
    queue.o                1 810                64
    serial_manager.o         508      208
    serial_port_uart.o       212      184
    startup_MKV46F16.o     1 376
    system_MKV46F16.o         54        4        4
    tasks.o                2 468        8      276
    timers.o               1 276       16       58
    uart_adapter.o           376      272
    ----------------------------------------------
    Total:                21 194    3 703   10 880

dl7M_tln.a: [2]
    abort.o                    6
    exit.o                     4
    low_level_init.o           4
    printf.o                  40
    putchar.o                 32
    xfail_s.o                 64                 4
    xprintfsmall_nomb.o    1 232
    xprout.o                  22
    ----------------------------------------------
    Total:                 1 404                 4

m7M_tls.a: [3]
    fpinit_M.o                34
    ----------------------------------------------
    Total:                    34

rt7M_tl.a: [4]
    ABImemclr4.o               6
    ABImemcpy.o              166
    ABImemset.o              102
    ABImemset48.o             50
    I64DivMod.o              560
    I64DivZer.o                2
    cexit.o                   10
    cmain.o                   30
    copy_init3.o              44
    cstartup_M.o              12
    data_init.o               40
    memchr.o                  88
    strchr.o                  22
    strlen.o                  54
    zero_init3.o              58
    ----------------------------------------------
    Total:                 1 244

shb_l.a: [5]
    exit.o                    20
    ----------------------------------------------
    Total:                    20

    Gaps                       6        8
    Linker created                     39    1 024
--------------------------------------------------
    Grand Total:          23 902    3 750   11 908


*******************************************************************************
*** ENTRY LIST
***

Entry                       Address    Size  Type      Object
-----                       -------    ----  ----      ------
.iar.init_table$$Base        0x6630           --   Gb  - Linker created -
.iar.init_table$$Limit       0x6654           --   Gb  - Linker created -
?main                        0x6675          Code  Gb  cmain.o [4]
ADC_CADC_Init                0x504d    0xd0  Code  Gb  adc.o [1]
AppObjCreate                 0x49cb    0x52  Code  Lc  main.o [1]
AppTaskCreate                0x4985    0x46  Code  Lc  main.o [1]
BOARD_BootClockRUN           0x4b97    0x3e  Code  Gb  clock_config.o [1]
BOARD_InitDebugConsole       0x4c21    0x18  Code  Gb  board.o [1]
BOARD_InitPins               0x4aed    0x6e  Code  Gb  pin_mux.o [1]
CADC_EnableConverter         0x3813    0x4e  Code  Gb  fsl_cadc.o [1]
CADC_EnableConverterPower
                             0x3861    0x5e  Code  Gb  fsl_cadc.o [1]
CADC_EnableSample            0x5035    0x18  Code  Lc  adc.o [1]
CADC_GetDefaultConfig        0x3659    0x40  Code  Gb  fsl_cadc.o [1]
CADC_GetDefaultConverterConfig
                             0x37d1    0x42  Code  Gb  fsl_cadc.o [1]
CADC_GetInstance             0x3579    0x34  Code  Lc  fsl_cadc.o [1]
CADC_GetStatusFlags          0x38bf    0x66  Code  Gb  fsl_cadc.o [1]
CADC_Init                    0x35ad    0xac  Code  Gb  fsl_cadc.o [1]
CADC_SetConverterAConfig
                             0x3699    0x7e  Code  Lc  fsl_cadc.o [1]
CADC_SetConverterBConfig
                             0x3717    0x78  Code  Lc  fsl_cadc.o [1]
CADC_SetConverterConfig
                             0x378f    0x42  Code  Gb  fsl_cadc.o [1]
CADC_SetSampleConfig         0x3925   0x270  Code  Gb  fsl_cadc.o [1]
CAN0_DriverIRQHandler        0x60f5    0x2a  Code  Gb  fsl_flexcan.o [1]
CAN1_DriverIRQHandler        0x6121    0x2a  Code  Gb  fsl_flexcan.o [1]
CLOCK_BootToPeeMode          0x4169    0x4a  Code  Gb  fsl_clock.o [1]
CLOCK_CONFIG_SetFllExtRefDiv
                             0x4b83    0x14  Code  Lc  clock_config.o [1]
CLOCK_CONFIG_SetSimSafeDivs
                             0x4b7b     0x8  Code  Lc  clock_config.o [1]
CLOCK_EnableClock            0x3565    0x14  Code  Lc  fsl_cadc.o [1]
CLOCK_EnableClock            0x2131    0x14  Code  Lc  fsl_pwm.o [1]
CLOCK_EnableClock            0x31dd    0x14  Code  Lc  fsl_uart.o [1]
CLOCK_EnableClock            0x54bd    0x12  Code  Lc  fsl_xbara.o [1]
CLOCK_EnableClock            0x4c71    0x14  Code  Lc  key.o [1]
CLOCK_EnableClock            0x4abd    0x12  Code  Lc  pin_mux.o [1]
CLOCK_EnablePll0             0x401d    0x58  Code  Gb  fsl_clock.o [1]
CLOCK_GetEr32kClkFreq        0x3d3d    0x36  Code  Gb  fsl_clock.o [1]
CLOCK_GetFastPeriphClkFreq
                             0x3d73    0x18  Code  Gb  fsl_clock.o [1]
CLOCK_GetFixedFreqClkFreq
                             0x3edf    0x1e  Code  Gb  fsl_clock.o [1]
CLOCK_GetFllExtRefClkFreq
                             0x3c09    0x56  Code  Lc  fsl_clock.o [1]
CLOCK_GetFllFreq             0x3e85    0x44  Code  Gb  fsl_clock.o [1]
CLOCK_GetFllFreq::fllFactorTable
                             0x6838    0x10  Data  Lc  fsl_clock.o [1]
CLOCK_GetFllRefClkFreq       0x3c85    0x20  Code  Lc  fsl_clock.o [1]
CLOCK_GetFreq                0x3d8b    0xae  Code  Gb  fsl_clock.o [1]
CLOCK_GetInternalRefClkFreq
                             0x3ec9    0x16  Code  Gb  fsl_clock.o [1]
CLOCK_GetInternalRefClkSelectFreq
                             0x3c5f    0x26  Code  Lc  fsl_clock.o [1]
CLOCK_GetMcgExtClkFreq       0x3be7    0x22  Code  Lc  fsl_clock.o [1]
CLOCK_GetOsc0ErClkDivFreq
                             0x3cff    0x3e  Code  Gb  fsl_clock.o [1]
CLOCK_GetOsc0ErClkUndivFreq
                             0x3ccd    0x32  Code  Gb  fsl_clock.o [1]
CLOCK_GetOscRangeFromFreq
                             0x3cad    0x20  Code  Lc  fsl_clock.o [1]
CLOCK_GetOutClkFreq          0x3e4d    0x38  Code  Gb  fsl_clock.o [1]
CLOCK_GetPll0Freq            0x3efd    0x54  Code  Gb  fsl_clock.o [1]
CLOCK_GetPll0RefFreq         0x3ca5     0x8  Code  Lc  fsl_clock.o [1]
CLOCK_InitOsc0               0x4075    0x50  Code  Gb  fsl_clock.o [1]
CLOCK_SetEr32kClock          0x3bb9     0xe  Code  Lc  fsl_clock.o [1]
CLOCK_SetExternalRefClkConfig
                             0x3f51     0x6  Code  Gb  fsl_clock.o [1]
CLOCK_SetInternalRefClkConfig
                             0x3f57    0xc6  Code  Gb  fsl_clock.o [1]
CLOCK_SetPbeMode             0x40e1    0x6c  Code  Gb  fsl_clock.o [1]
CLOCK_SetSimConfig           0x3e39    0x14  Code  Gb  fsl_clock.o [1]
CLOCK_SetXtal0Freq           0x4b75     0x6  Code  Lc  clock_config.o [1]
CSTACK$$Base            0x2000'3c00           --   Gb  - Linker created -
CSTACK$$Limit           0x2000'4000           --   Gb  - Linker created -
ConvertRadixNumToString
                             0x2c13    0xc0  Code  Lc  fsl_str.o [1]
DMA0_DriverIRQHandler        0x58a5    0x10  Code  Gb  fsl_edma.o [1]
DMA10_DriverIRQHandler       0x5947    0x10  Code  Gb  fsl_edma.o [1]
DMA11_DriverIRQHandler       0x5957    0x10  Code  Gb  fsl_edma.o [1]
DMA12_DriverIRQHandler       0x5967    0x10  Code  Gb  fsl_edma.o [1]
DMA13_DriverIRQHandler       0x5977    0x10  Code  Gb  fsl_edma.o [1]
DMA14_DriverIRQHandler       0x5987    0x10  Code  Gb  fsl_edma.o [1]
DMA15_DriverIRQHandler       0x5997    0x10  Code  Gb  fsl_edma.o [1]
DMA1_DriverIRQHandler        0x58b5    0x10  Code  Gb  fsl_edma.o [1]
DMA2_DriverIRQHandler        0x58c5    0x10  Code  Gb  fsl_edma.o [1]
DMA3_DriverIRQHandler        0x58d5    0x10  Code  Gb  fsl_edma.o [1]
DMA4_DriverIRQHandler        0x58e7    0x10  Code  Gb  fsl_edma.o [1]
DMA5_DriverIRQHandler        0x58f7    0x10  Code  Gb  fsl_edma.o [1]
DMA6_DriverIRQHandler        0x5907    0x10  Code  Gb  fsl_edma.o [1]
DMA7_DriverIRQHandler        0x5917    0x10  Code  Gb  fsl_edma.o [1]
DMA8_DriverIRQHandler        0x5927    0x10  Code  Gb  fsl_edma.o [1]
DMA9_DriverIRQHandler        0x5937    0x10  Code  Gb  fsl_edma.o [1]
DSPI_CommonIRQHandler        0x5ce9    0x2c  Code  Lc  fsl_dspi.o [1]
DSPI_IsMaster                0x5cd9    0x10  Code  Lc  fsl_dspi.o [1]
DWT_DelayInit                0x4bdd    0x16  Code  Gb  clock_config.o [1]
DbgConsole_Init              0x288b    0xf2  Code  Gb  fsl_debug_console.o [1]
DbgConsole_PrintCallback
                             0x284d    0x3e  Code  Lc  fsl_debug_console.o [1]
DbgConsole_Printf            0x297d    0x44  Code  Gb  fsl_debug_console.o [1]
DbgConsole_SendDataReliable
                             0x2805    0x48  Code  Gb  fsl_debug_console.o [1]
DelayInit                    0x4bd5     0x8  Code  Gb  clock_config.o [1]
Dir                     0x2000'0010     0x1  Data  Gb  bldc.o [1]
EDMA_HandleIRQ               0x57a1   0x104  Code  Gb  fsl_edma.o [1]
EnableIRQ                    0x4c85    0x20  Code  Lc  key.o [1]
GPIO_Init                    0x53b9    0xe4  Code  Gb  fsl_gpio.o [1]
GPIO_InstanceTable           0x67c8    0x14  Data  Lc  fsl_gpio.o [1]
GPIO_PinConfig               0x51e7    0x48  Code  Gb  fsl_gpio.o [1]
GPIO_PinInit                 0x51a3    0x44  Code  Gb  fsl_gpio.o [1]
GPIO_PinRead                 0x4e6d     0xa  Code  Lc  bldc.o [1]
GPIO_PinWrite                0x5185    0x1e  Code  Lc  fsl_gpio.o [1]
GPIO_QuickInit               0x549d    0x20  Code  Gb  fsl_gpio.o [1]
HAL_UartGetStatus            0x3065    0x10  Code  Lc  uart_adapter.o [1]
HAL_UartInit                 0x3075    0xec  Code  Gb  uart_adapter.o [1]
HAL_UartSendBlocking         0x3161    0x5a  Code  Gb  uart_adapter.o [1]
HallSensor_GetPinState       0x4e77    0x4e  Code  Gb  bldc.o [1]
HallSensor_GetPinState::State
                        0x2000'0014     0x4  Data  Lc  bldc.o [1]
I2C0_DriverIRQHandler        0x6219     0xe  Code  Gb  fsl_i2c.o [1]
I2C_TransferCommonIRQHandler
                             0x61d9    0x36  Code  Lc  fsl_i2c.o [1]
KEY_Init                     0x4ce1   0x166  Code  Gb  key.o [1]
LED_Init                     0x4c39    0x18  Code  Gb  led.o [1]
LoadInt                      0x43fb    0x56  Code  Lc  xprintfsmall_nomb.o [2]
OSC_SetCapLoad               0x3bdb     0xc  Code  Lc  fsl_clock.o [1]
OSC_SetExtRefClkConfig       0x3bc7    0x14  Code  Lc  fsl_clock.o [1]
PORT_InstanceTable           0x67dc    0x14  Data  Lc  fsl_gpio.o [1]
PORT_PinMuxConfig            0x522f    0x56  Code  Gb  fsl_gpio.o [1]
PORT_PinOpenDrainConfig
                             0x5285    0x5a  Code  Gb  fsl_gpio.o [1]
PORT_PinPullConfig           0x52df    0xbe  Code  Gb  fsl_gpio.o [1]
PORT_SetPinInterruptConfig
                             0x4cc3    0x1e  Code  Lc  key.o [1]
PORT_SetPinMux               0x4ca5    0x1e  Code  Lc  key.o [1]
PORT_SetPinMux               0x4acf    0x1e  Code  Lc  pin_mux.o [1]
PWM_BLDC_Init                0x4ec5    0xc4  Code  Gb  bldc.o [1]
PWM_DRV_Init3PhPwm           0x4f89    0x90  Code  Lc  bldc.o [1]
PWM_GetDefaultConfig         0x2315    0x5c  Code  Gb  fsl_pwm.o [1]
PWM_GetInstance              0x2145    0x34  Code  Lc  fsl_pwm.o [1]
PWM_Init                     0x2179   0x19c  Code  Gb  fsl_pwm.o [1]
PWM_SetupPwm                 0x2371   0x450  Code  Gb  fsl_pwm.o [1]
PendSV_Handler               0x18c5          Code  Gb  portasm.o [1]
RW$$Base                0x2000'0000           --   Gb  - Linker created -
RW$$Limit               0x2000'0014           --   Gb  - Linker created -
Region$$Table$$Base          0x6630           --   Gb  - Linker created -
Region$$Table$$Limit         0x6654           --   Gb  - Linker created -
SIM_GPIOClockGateTable       0x67f0    0x14  Data  Lc  fsl_gpio.o [1]
SPI0_DriverIRQHandler        0x5d15    0x24  Code  Gb  fsl_dspi.o [1]
SVC_Handler                  0x191d          Code  Gb  portasm.o [1]
SerialManager_Init           0x2abb    0x6a  Code  Gb  serial_manager.o [1]
SerialManager_OpenReadHandle
                             0x2b7b    0x5e  Code  Gb  serial_manager.o [1]
SerialManager_OpenWriteHandle
                             0x2b25    0x56  Code  Gb  serial_manager.o [1]
SerialManager_StartWriting
                             0x2a11    0x36  Code  Lc  serial_manager.o [1]
SerialManager_Write          0x2a47    0x74  Code  Lc  serial_manager.o [1]
SerialManager_WriteBlocking
                             0x2bd9    0x14  Code  Gb  serial_manager.o [1]
Serial_UartInit              0x2f25    0x6e  Code  Gb  serial_port_uart.o [1]
Serial_UartWrite             0x2f93    0x52  Code  Gb  serial_port_uart.o [1]
StrFormatPrintf              0x2cd3   0x250  Code  Gb  fsl_str.o [1]
SysTick_Handler              0x12ed    0x28  Code  Gb  port.o [1]
SystemCoreClock         0x2000'000c     0x4  Data  Gb  system_MKV46F16.o [1]
SystemInit                   0x636d    0x28  Code  Gb  system_MKV46F16.o [1]
UART0_DriverIRQHandler       0x3509    0x14  Code  Gb  fsl_uart.o [1]
UART0_RX_TX_DriverIRQHandler
                             0x351d     0xc  Code  Gb  fsl_uart.o [1]
UART1_DriverIRQHandler       0x3529    0x14  Code  Gb  fsl_uart.o [1]
UART1_RX_TX_DriverIRQHandler
                             0x3559     0xc  Code  Gb  fsl_uart.o [1]
UART_GetDefaultConfig        0x33ed    0x58  Code  Gb  fsl_uart.o [1]
UART_GetInstance             0x31f1    0x36  Code  Gb  fsl_uart.o [1]
UART_GetStatusFlags          0x3445    0x1a  Code  Gb  fsl_uart.o [1]
UART_Init                    0x3227   0x1c6  Code  Gb  fsl_uart.o [1]
UART_ReadBlocking            0x3477    0x6a  Code  Gb  fsl_uart.o [1]
UART_WriteBlocking           0x345f    0x18  Code  Gb  fsl_uart.o [1]
USART_POLLING_Init           0x5129    0x34  Code  Gb  pollingusart.o [1]
XBARA_GetInstance            0x54cf    0x2e  Code  Lc  fsl_xbara.o [1]
XBARA_Init                   0x54fd    0x16  Code  Gb  fsl_xbara.o [1]
XBARA_SetSignalsConnection
                             0x5513    0x44  Code  Gb  fsl_xbara.o [1]
ZI$$Base                0x2000'0014           --   Gb  - Linker created -
ZI$$Limit               0x2000'2a88           --   Gb  - Linker created -
_LitobSmallNoMb              0x458d    0xce  Code  Lc  xprintfsmall_nomb.o [2]
_PrintfSmallNoMb             0x41dd   0x214  Code  Gb  xprintfsmall_nomb.o [2]
_Prout                       0x6789    0x16  Code  Gb  xprout.o [2]
_PutcharsSmallNoMb           0x465b    0x2e  Code  Lc  xprintfsmall_nomb.o [2]
_PutfldSmallNoMb             0x4451   0x13c  Code  Lc  xprintfsmall_nomb.o [2]
__NVIC_EnableIRQ             0x4c51    0x20  Code  Lc  key.o [1]
__Vectors                       0x0           --   Gb  startup_MKV46F16.o [1]
__Vectors_End                 0x400          Data  Gb  startup_MKV46F16.o [1]
__Vectors_Size {Abs}          0x400           --   Gb  startup_MKV46F16.o [1]
__aeabi_assert               0x27e9    0x1c  Code  Gb  fsl_assert.o [1]
__aeabi_ldiv0                0x579d          Code  Gb  I64DivZer.o [4]
__aeabi_memclr4              0x2c0d          Code  Gb  ABImemclr4.o [4]
__aeabi_memcpy               0x2089          Code  Gb  ABImemcpy.o [4]
__aeabi_memcpy4              0x20a9          Code  Gb  ABImemcpy.o [4]
__aeabi_memcpy8              0x20a9          Code  Gb  ABImemcpy.o [4]
__aeabi_memset               0x1029          Code  Gb  ABImemset.o [4]
__aeabi_uldivmod             0x556d          Code  Gb  I64DivMod.o [4]
__cmain                      0x6675          Code  Gb  cmain.o [4]
__exit                       0x4765    0x14  Code  Gb  exit.o [5]
__iar_Fail_s                 0x46c5    0x1c  Code  Gb  xfail_s.o [2]
__iar_Memchr                 0x4705          Code  Gb  memchr.o [4]
__iar_Memset                 0x1029          Code  Gb  ABImemset.o [4]
__iar_Memset4_word           0x2ff9          Code  Gb  ABImemset48.o [4]
__iar_Memset8_word           0x2ff9          Code  Gb  ABImemset48.o [4]
__iar_Memset_word            0x1031          Code  Gb  ABImemset.o [4]
__iar_Strchr                 0x46ad          Code  Gb  strchr.o [4]
__iar_copy_init3             0x64b1    0x2c  Code  Gb  copy_init3.o [4]
__iar_data_init3             0x6555    0x28  Code  Gb  data_init.o [4]
__iar_init_vfp               0x660d          Code  Gb  fpinit_M.o [3]
__iar_program_start          0x6a09          Code  Gb  cstartup_M.o [4]
__iar_zero_init3             0x1133    0x3a  Code  Gb  zero_init3.o [4]
__low_level_init             0x6693     0x4  Code  Gb  low_level_init.o [2]
__vector_table                  0x0          Data  Gb  startup_MKV46F16.o [1]
__vector_table_0x1c            0x1c          Data  Gb  startup_MKV46F16.o [1]
__write                      0x29e5    0x2a  Code  Wk  fsl_debug_console.o [1]
_call_main                   0x6681          Code  Gb  cmain.o [4]
_exit                        0x669d          Code  Gb  cexit.o [4]
_main                        0x668f          Code  Gb  cmain.o [4]
abort                        0x475d     0x6  Code  Gb  abort.o [2]
exit                         0x6697     0x4  Code  Gb  exit.o [2]
g_CADCChannelConfigDifferentialMask
                             0x6828    0x10  Data  Lc  fsl_cadc.o [1]
g_dspiHandle            0x2000'003c     0x4  Data  Lc  fsl_dspi.o [1]
g_serialHandle          0x2000'0038     0x4  Data  Gb  fsl_debug_console.o [1]
g_tMsg                  0x2000'28dc    0x14  Data  Gb  main.o [1]
g_xtal0Freq             0x2000'0018     0x4  Data  Gb  fsl_clock.o [1]
main                         0x4779    0x38  Code  Gb  main.o [1]
mcgConfig_BOARD_BootClockRUN
                             0x6948     0xc  Data  Gb  clock_config.o [1]
memchr                       0x4705          Code  Gb  memchr.o [4]
oscConfig_BOARD_BootClockRUN
                             0x6a1c     0x8  Data  Gb  clock_config.o [1]
pcInterruptPriorityRegisters
                             0x6bfc     0x4  Data  Lc  port.o [1]
printf                       0x515d    0x28  Code  Gb  printf.o [2]
prvAddCurrentTaskToDelayedList
                              0xd0d    0x6e  Code  Lc  tasks.o [1]
prvAddNewTaskToReadyList
                              0x587    0x9e  Code  Lc  tasks.o [1]
prvCheckForValidListAndQueue
                             0x1857    0x46  Code  Lc  timers.o [1]
prvCheckTasksWaitingTermination
                              0xb8d    0x3e  Code  Lc  tasks.o [1]
prvCopyDataFromQueue         0x1f31    0x36  Code  Lc  queue.o [1]
prvCopyDataToQueue           0x1e95    0x9c  Code  Lc  queue.o [1]
prvDeleteTCB                  0xbd9    0x12  Code  Lc  tasks.o [1]
prvGetNextExpireTime         0x15a7    0x2a  Code  Lc  timers.o [1]
prvHeapInit                   0xf49    0x62  Code  Lc  heap_4.o [1]
prvIdleTask                   0xb15    0x22  Code  Lc  tasks.o [1]
prvInitialiseNewQueue        0x1a5f    0x36  Code  Lc  queue.o [1]
prvInitialiseNewTask          0x485   0x102  Code  Lc  tasks.o [1]
prvInitialiseTaskLists        0xb3d    0x4a  Code  Lc  tasks.o [1]
prvInsertBlockIntoFreeList
                              0xfab    0x5e  Code  Lc  heap_4.o [1]
prvInsertTimerInActiveList
                             0x15ff    0x6e  Code  Lc  timers.o [1]
prvIsQueueEmpty              0x1fd5    0x1c  Code  Lc  queue.o [1]
prvIsQueueFull               0x1ff1    0x1e  Code  Lc  queue.o [1]
prvProcessExpiredTimer       0x1493    0x74  Code  Lc  timers.o [1]
prvProcessReceivedCommands
                             0x166d   0x152  Code  Lc  timers.o [1]
prvProcessTimerOrBlockTask
                             0x1525    0x82  Code  Lc  timers.o [1]
prvResetNextTaskUnblockTime
                              0xbeb    0x24  Code  Lc  tasks.o [1]
prvSampleTimeNow             0x15d1    0x2e  Code  Lc  timers.o [1]
prvSampleTimeNow::xLastTime
                        0x2000'2a84     0x2  Data  Lc  timers.o [1]
prvSwitchTimerLists          0x17bf    0x98  Code  Lc  timers.o [1]
prvTaskExitError             0x1195    0x2a  Code  Lc  port.o [1]
prvTimerTask                 0x1509    0x1c  Code  Lc  timers.o [1]
prvUnlockQueue               0x1f67    0x6e  Code  Lc  queue.o [1]
putchar                      0x6655    0x20  Code  Gb  putchar.o [2]
pvPortMalloc                  0xdb5   0x120  Code  Gb  heap_4.o [1]
pxCurrentTCB            0x2000'2934     0x4  Data  Gb  tasks.o [1]
pxCurrentTimerList      0x2000'2a6c     0x4  Data  Lc  timers.o [1]
pxDelayedTaskList       0x2000'29ec     0x4  Data  Lc  tasks.o [1]
pxEnd                   0x2000'28b4     0x4  Data  Lc  heap_4.o [1]
pxOverflowDelayedTaskList
                        0x2000'29f0     0x4  Data  Lc  tasks.o [1]
pxOverflowTimerList     0x2000'2a70     0x4  Data  Lc  timers.o [1]
pxPortInitialiseStack        0x116d    0x28  Code  Gb  port.o [1]
pxReadyTasksLists       0x2000'2938    0x8c  Data  Lc  tasks.o [1]
s_EDMAHandle            0x2000'0048    0x40  Data  Lc  fsl_edma.o [1]
s_UartAdapterBase            0x6ac4     0x8  Data  Lc  uart_adapter.o [1]
s_cadcBases                  0x6be4     0x4  Data  Lc  fsl_cadc.o [1]
s_cadcClocks                 0x6be8     0x4  Data  Lc  fsl_cadc.o [1]
s_debugConsoleState     0x2000'001c    0x1c  Data  Lc  fsl_debug_console.o [1]
s_dspiMasterIsr         0x2000'0040     0x4  Data  Lc  fsl_dspi.o [1]
s_dspiSlaveIsr          0x2000'0044     0x4  Data  Lc  fsl_dspi.o [1]
s_fastIrcFreq           0x2000'0004     0x4  Data  Lc  fsl_clock.o [1]
s_flexcanHandle         0x2000'0088     0x8  Data  Lc  fsl_flexcan.o [1]
s_flexcanIsr            0x2000'0090     0x4  Data  Lc  fsl_flexcan.o [1]
s_i2cHandle             0x2000'0094     0x4  Data  Lc  fsl_i2c.o [1]
s_i2cMasterIsr          0x2000'0098     0x4  Data  Lc  fsl_i2c.o [1]
s_i2cSlaveIsr           0x2000'009c     0x4  Data  Lc  fsl_i2c.o [1]
s_pwmBases                   0x6bec     0x4  Data  Lc  fsl_pwm.o [1]
s_pwmClocks                  0x6858    0x10  Data  Lc  fsl_pwm.o [1]
s_slowIrcFreq           0x2000'0000     0x4  Data  Lc  fsl_clock.o [1]
s_uartBases                  0x6a4c     0x8  Data  Lc  fsl_uart.o [1]
s_uartClock                  0x6a54     0x8  Data  Lc  fsl_uart.o [1]
s_uartHandle            0x2000'00a0     0x8  Data  Lc  fsl_uart.o [1]
s_uartIsr               0x2000'00a8     0x4  Data  Lc  fsl_uart.o [1]
s_xbaraBases                 0x6bf0     0x4  Data  Lc  fsl_xbara.o [1]
s_xbaraClock                 0x6bf4     0x4  Data  Lc  fsl_xbara.o [1]
sec_hand                0x2000'2a7c     0x4  Data  Lc  xfail_s.o [2]
simConfig_BOARD_BootClockRUN
                             0x6a14     0x8  Data  Gb  clock_config.o [1]
strchr                       0x46ad          Code  Gb  strchr.o [4]
strlen                       0x302d          Code  Gb  strlen.o [4]
ucHeap                  0x2000'00ac  0x2800  Data  Lc  heap_4.o [1]
ucMaxSysCallPriority    0x2000'2a86     0x1  Data  Lc  port.o [1]
ulMaxPRIGROUPValue      0x2000'28f0     0x4  Data  Lc  port.o [1]
uxCriticalNesting       0x2000'0008     0x4  Data  Lc  port.o [1]
uxCurrentNumberOfTasks  0x2000'2a20     0x4  Data  Lc  tasks.o [1]
uxDeletedTasksWaitingCleanUp
                        0x2000'2a1c     0x4  Data  Lc  tasks.o [1]
uxListRemove                 0x110b    0x28  Code  Gb  list.o [1]
uxPendedTicks           0x2000'2a2c     0x4  Data  Lc  tasks.o [1]
uxSchedulerSuspended    0x2000'2a40     0x4  Data  Lc  tasks.o [1]
uxTaskNumber            0x2000'2a38     0x4  Data  Lc  tasks.o [1]
uxTopReadyPriority      0x2000'2a24     0x4  Data  Lc  tasks.o [1]
vListInitialise              0x108f    0x1e  Code  Gb  list.o [1]
vListInitialiseItem          0x10ad     0x6  Code  Gb  list.o [1]
vListInsert                  0x10cb    0x40  Code  Gb  list.o [1]
vListInsertEnd               0x10b3    0x18  Code  Gb  list.o [1]
vPortEnableVFP               0x1959          Code  Gb  portasm.o [1]
vPortEnterCritical           0x128d    0x34  Code  Gb  port.o [1]
vPortExitCritical            0x12c1    0x2c  Code  Gb  port.o [1]
vPortFree                     0xed5    0x74  Code  Gb  heap_4.o [1]
vPortStartFirstTask          0x1939          Code  Gb  portasm.o [1]
vPortValidateInterruptPriority
                             0x1315    0x4e  Code  Gb  port.o [1]
vQueueAddToRegistry          0x200f    0x26  Code  Gb  queue.o [1]
vQueueWaitForMessageRestricted
                             0x2039    0x4e  Code  Gb  queue.o [1]
vTaskDIR                     0x491b    0x6a  Code  Lc  main.o [1]
vTaskDelay                    0x625    0x54  Code  Gb  tasks.o [1]
vTaskInternalSetTimeOutState
                              0xa5d    0x12  Code  Gb  tasks.o [1]
vTaskLED                     0x48b7    0x64  Code  Lc  main.o [1]
vTaskMissedYield              0xaf9     0xa  Code  Gb  tasks.o [1]
vTaskPlaceOnEventList         0x96b    0x34  Code  Gb  tasks.o [1]
vTaskPlaceOnEventListRestricted
                              0x99f    0x42  Code  Gb  tasks.o [1]
vTaskStartScheduler           0x679    0x72  Code  Gb  tasks.o [1]
vTaskSuspendAll               0x6eb     0xc  Code  Gb  tasks.o [1]
vTaskSwitchContext            0x8fd    0x6e  Code  Gb  tasks.o [1]
vTaskUSART                   0x47b1   0x106  Code  Lc  main.o [1]
xActiveTimerList1       0x2000'2a44    0x14  Data  Lc  timers.o [1]
xActiveTimerList2       0x2000'2a58    0x14  Data  Lc  timers.o [1]
xBlockAllocatedBit      0x2000'28c0     0x4  Data  Lc  heap_4.o [1]
xDelayedTaskList1       0x2000'29c4    0x14  Data  Lc  tasks.o [1]
xDelayedTaskList2       0x2000'29d8    0x14  Data  Lc  tasks.o [1]
xFreeBytesRemaining     0x2000'28b8     0x4  Data  Lc  heap_4.o [1]
xHandleTaskDIR          0x2000'28cc     0x4  Data  Lc  main.o [1]
xHandleTaskLED          0x2000'28c8     0x4  Data  Lc  main.o [1]
xHandleTaskUSART        0x2000'28c4     0x4  Data  Lc  main.o [1]
xHeapStructSize              0x6bf8     0x4  Data  Lc  heap_4.o [1]
xIdleTaskHandle         0x2000'2a3c     0x4  Data  Lc  tasks.o [1]
xMinimumEverFreeBytesRemaining
                        0x2000'28bc     0x4  Data  Lc  heap_4.o [1]
xNextTaskUnblockTime    0x2000'2a82     0x2  Data  Lc  tasks.o [1]
xNumOfOverflows         0x2000'2a34     0x4  Data  Lc  tasks.o [1]
xPendingReadyList       0x2000'29f4    0x14  Data  Lc  tasks.o [1]
xPortStartScheduler          0x11bf    0xce  Code  Gb  port.o [1]
xQueue1                 0x2000'28d0     0x4  Data  Lc  main.o [1]
xQueue2                 0x2000'28d4     0x4  Data  Lc  main.o [1]
xQueue3                 0x2000'28d8     0x4  Data  Lc  main.o [1]
xQueueGenericCreate          0x1a09    0x56  Code  Gb  queue.o [1]
xQueueGenericReset           0x1975    0x94  Code  Gb  queue.o [1]
xQueueGenericSend            0x1a95   0x1ac  Code  Gb  queue.o [1]
xQueueGenericSendFromISR
                             0x1c41    0xe0  Code  Gb  queue.o [1]
xQueueReceive                0x1d21   0x170  Code  Gb  queue.o [1]
xQueueRegistry          0x2000'28f4    0x40  Data  Gb  queue.o [1]
xSchedulerRunning       0x2000'2a28     0x4  Data  Lc  tasks.o [1]
xStart                  0x2000'28ac     0x8  Data  Lc  heap_4.o [1]
xTaskCheckForTimeOut          0xa6f    0x86  Code  Gb  tasks.o [1]
xTaskCreate                   0x411    0x74  Code  Gb  tasks.o [1]
xTaskGetSchedulerState        0xc0f    0x20  Code  Gb  tasks.o [1]
xTaskGetTickCount             0x7df    0x16  Code  Gb  tasks.o [1]
xTaskIncrementTick            0x7f5   0x108  Code  Gb  tasks.o [1]
xTaskPriorityDisinherit
                              0xc39    0xb2  Code  Gb  tasks.o [1]
xTaskRemoveFromEventList
                              0x9e1    0x7c  Code  Gb  tasks.o [1]
xTaskResumeAll                0x6f7    0xe8  Code  Gb  tasks.o [1]
xTasksWaitingTermination
                        0x2000'2a08    0x14  Data  Lc  tasks.o [1]
xTickCount              0x2000'2a80     0x2  Data  Lc  tasks.o [1]
xTimerCreateTimerTask        0x13c9    0x46  Code  Gb  timers.o [1]
xTimerGenericCommand         0x140f    0x84  Code  Gb  timers.o [1]
xTimerQueue             0x2000'2a74     0x4  Data  Lc  timers.o [1]
xTimerTaskHandle        0x2000'2a78     0x4  Data  Lc  timers.o [1]
xYieldPending           0x2000'2a30     0x4  Data  Lc  tasks.o [1]


[1] = G:\MKV44F256FVH16_Pro\IAR_mkv44f128vlh16_software_folder\freeRTOS_iar_mkv44f128vlh16_soft\iar\debug\obj
[2] = dl7M_tln.a
[3] = m7M_tls.a
[4] = rt7M_tl.a
[5] = shb_l.a

  23 902 bytes of readonly  code memory
   3 750 bytes of readonly  data memory
  11 908 bytes of readwrite data memory

Errors: none
Warnings: none
