###############################################################################
#
# IAR ELF Linker V8.32.1.169/W32 for ARM                  22/Aug/2019  13:54:07
# Copyright 2007-2018 IAR Systems AB.
#
#    Output file  =  
#        G:\MKV44F256FVH16_Pro\IAR_mkv44f128vlh16_software_folder\freeRTOS_iar_mkv44f128vlh16_soft\iar\debug\pwm.out
#    Map file     =  
#        G:\MKV44F256FVH16_Pro\IAR_mkv44f128vlh16_software_folder\freeRTOS_iar_mkv44f128vlh16_soft\iar\debug\list\pwm.map
#    Command line =  
#        -f C:\Users\ADMINI~1\AppData\Local\Temp\EWDCEF.tmp
#        (G:\MKV44F256FVH16_Pro\IAR_mkv44f128vlh16_software_folder\freeRTOS_iar_mkv44f128vlh16_soft\iar\debug\obj\adc.o
#        G:\MKV44F256FVH16_Pro\IAR_mkv44f128vlh16_software_folder\freeRTOS_iar_mkv44f128vlh16_soft\iar\debug\obj\bldc.o
#        G:\MKV44F256FVH16_Pro\IAR_mkv44f128vlh16_software_folder\freeRTOS_iar_mkv44f128vlh16_soft\iar\debug\obj\board.o
#        G:\MKV44F256FVH16_Pro\IAR_mkv44f128vlh16_software_folder\freeRTOS_iar_mkv44f128vlh16_soft\iar\debug\obj\clock_config.o
#        G:\MKV44F256FVH16_Pro\IAR_mkv44f128vlh16_software_folder\freeRTOS_iar_mkv44f128vlh16_soft\iar\debug\obj\event_groups.o
#        G:\MKV44F256FVH16_Pro\IAR_mkv44f128vlh16_software_folder\freeRTOS_iar_mkv44f128vlh16_soft\iar\debug\obj\fsl_aoi.o
#        G:\MKV44F256FVH16_Pro\IAR_mkv44f128vlh16_software_folder\freeRTOS_iar_mkv44f128vlh16_soft\iar\debug\obj\fsl_assert.o
#        G:\MKV44F256FVH16_Pro\IAR_mkv44f128vlh16_software_folder\freeRTOS_iar_mkv44f128vlh16_soft\iar\debug\obj\fsl_cadc.o
#        G:\MKV44F256FVH16_Pro\IAR_mkv44f128vlh16_software_folder\freeRTOS_iar_mkv44f128vlh16_soft\iar\debug\obj\fsl_clock.o
#        G:\MKV44F256FVH16_Pro\IAR_mkv44f128vlh16_software_folder\freeRTOS_iar_mkv44f128vlh16_soft\iar\debug\obj\fsl_cmp.o
#        G:\MKV44F256FVH16_Pro\IAR_mkv44f128vlh16_software_folder\freeRTOS_iar_mkv44f128vlh16_soft\iar\debug\obj\fsl_common.o
#        G:\MKV44F256FVH16_Pro\IAR_mkv44f128vlh16_software_folder\freeRTOS_iar_mkv44f128vlh16_soft\iar\debug\obj\fsl_crc.o
#        G:\MKV44F256FVH16_Pro\IAR_mkv44f128vlh16_software_folder\freeRTOS_iar_mkv44f128vlh16_soft\iar\debug\obj\fsl_dac.o
#        G:\MKV44F256FVH16_Pro\IAR_mkv44f128vlh16_software_folder\freeRTOS_iar_mkv44f128vlh16_soft\iar\debug\obj\fsl_debug_console.o
#        G:\MKV44F256FVH16_Pro\IAR_mkv44f128vlh16_software_folder\freeRTOS_iar_mkv44f128vlh16_soft\iar\debug\obj\fsl_dmamux.o
#        G:\MKV44F256FVH16_Pro\IAR_mkv44f128vlh16_software_folder\freeRTOS_iar_mkv44f128vlh16_soft\iar\debug\obj\fsl_dspi.o
#        G:\MKV44F256FVH16_Pro\IAR_mkv44f128vlh16_software_folder\freeRTOS_iar_mkv44f128vlh16_soft\iar\debug\obj\fsl_dspi_edma.o
#        G:\MKV44F256FVH16_Pro\IAR_mkv44f128vlh16_software_folder\freeRTOS_iar_mkv44f128vlh16_soft\iar\debug\obj\fsl_edma.o
#        G:\MKV44F256FVH16_Pro\IAR_mkv44f128vlh16_software_folder\freeRTOS_iar_mkv44f128vlh16_soft\iar\debug\obj\fsl_enc.o
#        G:\MKV44F256FVH16_Pro\IAR_mkv44f128vlh16_software_folder\freeRTOS_iar_mkv44f128vlh16_soft\iar\debug\obj\fsl_ewm.o
#        G:\MKV44F256FVH16_Pro\IAR_mkv44f128vlh16_software_folder\freeRTOS_iar_mkv44f128vlh16_soft\iar\debug\obj\fsl_flexcan.o
#        G:\MKV44F256FVH16_Pro\IAR_mkv44f128vlh16_software_folder\freeRTOS_iar_mkv44f128vlh16_soft\iar\debug\obj\fsl_flexcan_edma.o
#        G:\MKV44F256FVH16_Pro\IAR_mkv44f128vlh16_software_folder\freeRTOS_iar_mkv44f128vlh16_soft\iar\debug\obj\fsl_ftfx_cache.o
#        G:\MKV44F256FVH16_Pro\IAR_mkv44f128vlh16_software_folder\freeRTOS_iar_mkv44f128vlh16_soft\iar\debug\obj\fsl_ftfx_controller.o
#        G:\MKV44F256FVH16_Pro\IAR_mkv44f128vlh16_software_folder\freeRTOS_iar_mkv44f128vlh16_soft\iar\debug\obj\fsl_ftfx_flash.o
#        G:\MKV44F256FVH16_Pro\IAR_mkv44f128vlh16_software_folder\freeRTOS_iar_mkv44f128vlh16_soft\iar\debug\obj\fsl_ftfx_flexnvm.o
#        G:\MKV44F256FVH16_Pro\IAR_mkv44f128vlh16_software_folder\freeRTOS_iar_mkv44f128vlh16_soft\iar\debug\obj\fsl_gpio.o
#        G:\MKV44F256FVH16_Pro\IAR_mkv44f128vlh16_software_folder\freeRTOS_iar_mkv44f128vlh16_soft\iar\debug\obj\fsl_i2c.o
#        G:\MKV44F256FVH16_Pro\IAR_mkv44f128vlh16_software_folder\freeRTOS_iar_mkv44f128vlh16_soft\iar\debug\obj\fsl_i2c_edma.o
#        G:\MKV44F256FVH16_Pro\IAR_mkv44f128vlh16_software_folder\freeRTOS_iar_mkv44f128vlh16_soft\iar\debug\obj\fsl_llwu.o
#        G:\MKV44F256FVH16_Pro\IAR_mkv44f128vlh16_software_folder\freeRTOS_iar_mkv44f128vlh16_soft\iar\debug\obj\fsl_lptmr.o
#        G:\MKV44F256FVH16_Pro\IAR_mkv44f128vlh16_software_folder\freeRTOS_iar_mkv44f128vlh16_soft\iar\debug\obj\fsl_pdb.o
#        G:\MKV44F256FVH16_Pro\IAR_mkv44f128vlh16_software_folder\freeRTOS_iar_mkv44f128vlh16_soft\iar\debug\obj\fsl_pit.o
#        G:\MKV44F256FVH16_Pro\IAR_mkv44f128vlh16_software_folder\freeRTOS_iar_mkv44f128vlh16_soft\iar\debug\obj\fsl_pmc.o
#        G:\MKV44F256FVH16_Pro\IAR_mkv44f128vlh16_software_folder\freeRTOS_iar_mkv44f128vlh16_soft\iar\debug\obj\fsl_pwm.o
#        G:\MKV44F256FVH16_Pro\IAR_mkv44f128vlh16_software_folder\freeRTOS_iar_mkv44f128vlh16_soft\iar\debug\obj\fsl_rcm.o
#        G:\MKV44F256FVH16_Pro\IAR_mkv44f128vlh16_software_folder\freeRTOS_iar_mkv44f128vlh16_soft\iar\debug\obj\fsl_sim.o
#        G:\MKV44F256FVH16_Pro\IAR_mkv44f128vlh16_software_folder\freeRTOS_iar_mkv44f128vlh16_soft\iar\debug\obj\fsl_smc.o
#        G:\MKV44F256FVH16_Pro\IAR_mkv44f128vlh16_software_folder\freeRTOS_iar_mkv44f128vlh16_soft\iar\debug\obj\fsl_str.o
#        G:\MKV44F256FVH16_Pro\IAR_mkv44f128vlh16_software_folder\freeRTOS_iar_mkv44f128vlh16_soft\iar\debug\obj\fsl_uart.o
#        G:\MKV44F256FVH16_Pro\IAR_mkv44f128vlh16_software_folder\freeRTOS_iar_mkv44f128vlh16_soft\iar\debug\obj\fsl_uart_edma.o
#        G:\MKV44F256FVH16_Pro\IAR_mkv44f128vlh16_software_folder\freeRTOS_iar_mkv44f128vlh16_soft\iar\debug\obj\fsl_wdog.o
#        G:\MKV44F256FVH16_Pro\IAR_mkv44f128vlh16_software_folder\freeRTOS_iar_mkv44f128vlh16_soft\iar\debug\obj\fsl_xbara.o
#        G:\MKV44F256FVH16_Pro\IAR_mkv44f128vlh16_software_folder\freeRTOS_iar_mkv44f128vlh16_soft\iar\debug\obj\fsl_xbarb.o
#        G:\MKV44F256FVH16_Pro\IAR_mkv44f128vlh16_software_folder\freeRTOS_iar_mkv44f128vlh16_soft\iar\debug\obj\heap_4.o
#        G:\MKV44F256FVH16_Pro\IAR_mkv44f128vlh16_software_folder\freeRTOS_iar_mkv44f128vlh16_soft\iar\debug\obj\key.o
#        G:\MKV44F256FVH16_Pro\IAR_mkv44f128vlh16_software_folder\freeRTOS_iar_mkv44f128vlh16_soft\iar\debug\obj\led.o
#        G:\MKV44F256FVH16_Pro\IAR_mkv44f128vlh16_software_folder\freeRTOS_iar_mkv44f128vlh16_soft\iar\debug\obj\list.o
#        G:\MKV44F256FVH16_Pro\IAR_mkv44f128vlh16_software_folder\freeRTOS_iar_mkv44f128vlh16_soft\iar\debug\obj\main.o
#        G:\MKV44F256FVH16_Pro\IAR_mkv44f128vlh16_software_folder\freeRTOS_iar_mkv44f128vlh16_soft\iar\debug\obj\output.o
#        G:\MKV44F256FVH16_Pro\IAR_mkv44f128vlh16_software_folder\freeRTOS_iar_mkv44f128vlh16_soft\iar\debug\obj\pin_mux.o
#        G:\MKV44F256FVH16_Pro\IAR_mkv44f128vlh16_software_folder\freeRTOS_iar_mkv44f128vlh16_soft\iar\debug\obj\pollingusart.o
#        G:\MKV44F256FVH16_Pro\IAR_mkv44f128vlh16_software_folder\freeRTOS_iar_mkv44f128vlh16_soft\iar\debug\obj\port.o
#        G:\MKV44F256FVH16_Pro\IAR_mkv44f128vlh16_software_folder\freeRTOS_iar_mkv44f128vlh16_soft\iar\debug\obj\portasm.o
#        G:\MKV44F256FVH16_Pro\IAR_mkv44f128vlh16_software_folder\freeRTOS_iar_mkv44f128vlh16_soft\iar\debug\obj\queue.o
#        G:\MKV44F256FVH16_Pro\IAR_mkv44f128vlh16_software_folder\freeRTOS_iar_mkv44f128vlh16_soft\iar\debug\obj\serial_manager.o
#        G:\MKV44F256FVH16_Pro\IAR_mkv44f128vlh16_software_folder\freeRTOS_iar_mkv44f128vlh16_soft\iar\debug\obj\serial_port_uart.o
#        G:\MKV44F256FVH16_Pro\IAR_mkv44f128vlh16_software_folder\freeRTOS_iar_mkv44f128vlh16_soft\iar\debug\obj\startup_MKV46F16.o
#        G:\MKV44F256FVH16_Pro\IAR_mkv44f128vlh16_software_folder\freeRTOS_iar_mkv44f128vlh16_soft\iar\debug\obj\stream_buffer.o
#        G:\MKV44F256FVH16_Pro\IAR_mkv44f128vlh16_software_folder\freeRTOS_iar_mkv44f128vlh16_soft\iar\debug\obj\system_MKV46F16.o
#        G:\MKV44F256FVH16_Pro\IAR_mkv44f128vlh16_software_folder\freeRTOS_iar_mkv44f128vlh16_soft\iar\debug\obj\tasks.o
#        G:\MKV44F256FVH16_Pro\IAR_mkv44f128vlh16_software_folder\freeRTOS_iar_mkv44f128vlh16_soft\iar\debug\obj\timers.o
#        G:\MKV44F256FVH16_Pro\IAR_mkv44f128vlh16_software_folder\freeRTOS_iar_mkv44f128vlh16_soft\iar\debug\obj\uart_adapter.o
#        --redirect _Printf=_PrintfSmallNoMb --redirect _Scanf=_ScanfSmallNoMb
#        --no_out_extension -o
#        G:\MKV44F256FVH16_Pro\IAR_mkv44f128vlh16_software_folder\freeRTOS_iar_mkv44f128vlh16_soft\iar\debug\pwm.out
#        --map
#        G:\MKV44F256FVH16_Pro\IAR_mkv44f128vlh16_software_folder\freeRTOS_iar_mkv44f128vlh16_soft\iar\debug\list\pwm.map
#        --config
#        G:\MKV44F256FVH16_Pro\IAR_mkv44f128vlh16_software_folder\freeRTOS_iar_mkv44f128vlh16_soft\iar/MKV46F256xxx16_flash.icf
#        --semihosting --entry __iar_program_start --vfe --text_out locale)
#
###############################################################################

*******************************************************************************
*** RUNTIME MODEL ATTRIBUTES
***

CppFlavor       = *
__Heap_Handler  = DLMalloc
__SystemLibrary = DLib
__dlib_version  = 6


*******************************************************************************
*** HEAP SELECTION
***

The advanced heap was selected because the application calls memory
allocation functions outside of system library functions, and there
are calls to deallocation functions in the application.


*******************************************************************************
*** PLACEMENT SUMMARY
***

"A0":  place at 0x0 { ro section .intvec };
"P1":  place in [from 0x400 to 0x40f] { section FlashConfig };
"P2":  place in [from 0x0 to 0x3ff] |
                [from 0x410 to 0x1'ffff] { ro };
define block RW { rw };
"P3":  place in [from 0x1fff'e000 to 0x1fff'ffff] |
                [from 0x2000'0000 to 0x2000'3bff] { block RW };
define block ZI { zi };
"P4":  place in [from 0x1fff'e000 to 0x1fff'ffff] |
                [from 0x2000'0000 to 0x2000'3bff] { block ZI };
define block CSTACK with size = 1K, alignment = 8 { };
"P6":  place in [from 0x2000'3c00 to 0x2000'3fff] { block CSTACK };
initialize by copy { rw, section .textrw };

  Section            Kind         Address    Size  Object
  -------            ----         -------    ----  ------
"A0":                                       0x400
  .intvec            ro code          0x0   0x400  startup_MKV46F16.o [1]
                                  - 0x400   0x400

"P1":                                        0x10
  FlashConfig        ro code        0x400    0x10  startup_MKV46F16.o [1]
                                  - 0x410    0x10

"P2":                                      0x722c
  .text              ro code        0x410   0x9b0  tasks.o [1]
  .text              ro code        0xdc0   0x274  heap_4.o [1]
  .text              ro code       0x1034    0x66  ABImemset.o [4]
  .text              ro code       0x109a    0x9a  list.o [1]
  .text              ro code       0x1134   0x25c  port.o [1]
  .text              ro code       0x1390   0x4a0  timers.o [1]
  CODE               ro code       0x1830    0xb0  portasm.o [1]
  .text              ro code       0x18e0   0x704  queue.o [1]
  .text              ro code       0x1fe4    0xa6  ABImemcpy.o [4]
  .text              ro code       0x208a    0x3a  zero_init3.o [4]
  .text              ro code       0x20c4   0x9a0  fsl_pwm.o [1]
  .text              ro code       0x2a64    0x1c  fsl_assert.o [1]
  .text              ro code       0x2a80   0x20a  fsl_debug_console.o [1]
  .rodata            const         0x2c8a     0x2  key.o [1]
  .text              ro code       0x2c8c   0x1fc  serial_manager.o [1]
  .text              ro code       0x2e88     0x6  ABImemclr4.o [4]
  .text              ro code       0x2e8e   0x310  fsl_str.o [1]
  .text              ro code       0x319e     0x2  startup_MKV46F16.o [1]
  .text              ro code       0x31a0    0xd4  serial_port_uart.o [1]
  .text              ro code       0x3274    0x32  ABImemset48.o [4]
  .text              ro code       0x32a6     0x2  startup_MKV46F16.o [1]
  .text              ro code       0x32a8    0x36  strlen.o [4]
  .text              ro code       0x32de     0x2  startup_MKV46F16.o [1]
  .text              ro code       0x32e0   0x178  uart_adapter.o [1]
  .text              ro code       0x3458   0x388  fsl_uart.o [1]
  .text              ro code       0x37e0   0x694  fsl_cadc.o [1]
  .text              ro code       0x3e74   0x624  fsl_clock.o [1]
  .text              ro code       0x4498   0x5a8  bldc.o [1]
  .text              ro code       0x4a40    0xb0  fsl_xbara.o [1]
  .text              ro code       0x4af0   0x230  I64DivMod.o [4]
  .text              ro code       0x4d20     0x2  I64DivZer.o [4]
  .text              ro code       0x4d22     0x2  startup_MKV46F16.o [1]
  .text              ro code       0x4d24   0x4d0  xprintfsmall_nomb.o [2]
  .text              ro code       0x51f4    0x16  strchr.o [4]
  .text              ro code       0x520a     0x2  startup_MKV46F16.o [1]
  .text              ro code       0x520c    0x40  xfail_s.o [2]
  .text              ro code       0x524c    0x58  memchr.o [4]
  .text              ro code       0x52a4     0x6  abort.o [2]
  .text              ro code       0x52aa     0x2  startup_MKV46F16.o [1]
  .text              ro code       0x52ac    0x14  exit.o [5]
  .text              ro code       0x52c0   0x448  main.o [1]
  .text              ro code       0x5708    0xb8  pin_mux.o [1]
  .text              ro code       0x57c0   0x106  clock_config.o [1]
  .text              ro code       0x58c6    0x18  board.o [1]
  .text              ro code       0x58de    0x18  led.o [1]
  .text              ro code       0x58f8   0x3b4  key.o [1]
  .text              ro code       0x5cac    0xf4  adc.o [1]
  .text              ro code       0x5da0    0x34  pollingusart.o [1]
  .text              ro code       0x5dd4    0x28  printf.o [2]
  .text              ro code       0x5dfc   0x38c  fsl_gpio.o [1]
  .text              ro code       0x6188   0x214  fsl_edma.o [1]
  .rodata            const         0x639c    0x88  fsl_debug_console.o [1]
  .rodata            const         0x6424    0x88  fsl_uart.o [1]
  .rodata            const         0x64ac    0x88  fsl_uart.o [1]
  .rodata            const         0x6534    0x88  serial_manager.o [1]
  .rodata            const         0x65bc    0x88  serial_port_uart.o [1]
  .rodata            const         0x6644    0x7c  uart_adapter.o [1]
  .text              ro code       0x66c0    0x7c  fsl_dspi.o [1]
  .rodata            const         0x673c    0x74  fsl_cadc.o [1]
  .rodata            const         0x67b0    0x74  fsl_clock.o [1]
  .rodata            const         0x6824    0x74  fsl_dspi.o [1]
  .rodata            const         0x6898    0x74  fsl_edma.o [1]
  .rodata            const         0x690c    0x74  fsl_flexcan.o [1]
  .rodata            const         0x6980    0x74  fsl_gpio.o [1]
  .rodata            const         0x69f4    0x74  fsl_uart.o [1]
  .rodata            const         0x6a68    0x74  fsl_xbara.o [1]
  .text              ro code       0x6adc    0x74  fsl_flexcan.o [1]
  .rodata            const         0x6b50    0x70  fsl_pwm.o [1]
  .text              ro code       0x6bc0    0x58  fsl_i2c.o [1]
  .rodata            const         0x6c18    0x48  uart_adapter.o [1]
  .rodata            const         0x6c60    0x40  fsl_xbara.o [1]
  .rodata            const         0x6ca0    0x3c  fsl_cadc.o [1]
  .rodata            const         0x6cdc    0x3c  fsl_gpio.o [1]
  .rodata            const         0x6d18    0x3c  fsl_pwm.o [1]
  .rodata            const         0x6d54    0x3c  main.o [1]
  .text              ro code       0x6d90    0x36  system_MKV46F16.o [1]
  .rodata            const         0x6dc8    0x30  adc.o [1]
  .rodata            const         0x6df8    0x2c  fsl_assert.o [1]
  .text              ro code       0x6e24    0x2c  copy_init3.o [4]
  .rodata            const         0x6e50    0x28  adc.o [1]
  .rodata            const         0x6e78    0x28  fsl_debug_console.o [1]
  .text              ro code       0x6ea0    0x28  startup_MKV46F16.o [1]
  .text              ro code       0x6ec8    0x28  data_init.o [4]
  .rodata            const         0x6ef0    0x24  main.o [1]
  .rodata            const         0x6f14    0x24  main.o [1]
  .rodata            const         0x6f38    0x24  main.o [1]
  .rodata            const         0x6f5c    0x24  main.o [1]
  .rodata            const         0x6f80    0x24  uart_adapter.o [1]
  .text              ro code       0x6fa4    0x22  fpinit_M.o [3]
  .iar.init_table    const         0x6fc8    0x24  - Linker created -
  .text              ro code       0x6fec    0x20  putchar.o [2]
  .text              ro code       0x700c    0x1e  cmain.o [4]
  .text              ro code       0x702a     0x4  low_level_init.o [2]
  .text              ro code       0x702e     0x4  exit.o [2]
  .text              ro code       0x7034     0xa  cexit.o [4]
  .rodata            const         0x7040    0x1c  bldc.o [1]
  .rodata            const         0x705c    0x1c  fsl_uart.o [1]
  .rodata            const         0x7078    0x18  fsl_dspi.o [1]
  .rodata            const         0x7090    0x18  fsl_flexcan.o [1]
  .rodata            const         0x70a8    0x18  fsl_flexcan.o [1]
  .rodata            const         0x70c0    0x18  fsl_pwm.o [1]
  .rodata            const         0x70d8    0x18  fsl_uart.o [1]
  .rodata            const         0x70f0    0x18  main.o [1]
  .rodata            const         0x7108    0x18  main.o [1]
  .rodata            const         0x7120    0x18  main.o [1]
  .rodata            const         0x7138    0x18  main.o [1]
  .text              ro code       0x7150    0x16  xprout.o [2]
  .rodata            const         0x7168    0x14  fsl_cadc.o [1]
  .rodata            const         0x717c    0x14  fsl_clock.o [1]
  .rodata            const         0x7190    0x14  fsl_gpio.o [1]
  .rodata            const         0x71a4    0x14  fsl_gpio.o [1]
  .rodata            const         0x71b8    0x14  fsl_gpio.o [1]
  .rodata            const         0x71cc    0x14  fsl_gpio.o [1]
  .rodata            const         0x71e0    0x14  fsl_gpio.o [1]
  Initializer bytes  const         0x71f4    0x14  <for RW-1>
  .rodata            const         0x7208    0x10  bldc.o [1]
  .rodata            const         0x7218    0x10  bldc.o [1]
  .rodata            const         0x7228    0x10  fsl_cadc.o [1]
  .rodata            const         0x7238    0x10  fsl_clock.o [1]
  .rodata            const         0x7248    0x10  fsl_debug_console.o [1]
  .rodata            const         0x7258    0x10  fsl_pwm.o [1]
  .rodata            const         0x7268    0x10  fsl_pwm.o [1]
  .rodata            const         0x7278    0x10  main.o [1]
  .rodata            const         0x7288    0x10  main.o [1]
  .rodata            const         0x7298    0x10  main.o [1]
  .rodata            const         0x72a8    0x10  main.o [1]
  .rodata            const         0x72b8    0x10  main.o [1]
  .rodata            const         0x72c8    0x10  main.o [1]
  .rodata            const         0x72d8    0x10  main.o [1]
  .rodata            const         0x72e8    0x10  main.o [1]
  .rodata            const         0x72f8    0x10  main.o [1]
  .rodata            const         0x7308    0x10  main.o [1]
  .rodata            const         0x7318    0x10  main.o [1]
  .rodata            const         0x7328    0x10  main.o [1]
  .rodata            const         0x7338    0x10  main.o [1]
  .rodata            const         0x7348    0x10  serial_manager.o [1]
  .rodata            const         0x7358    0x10  serial_port_uart.o [1]
  .rodata            const         0x7368    0x10  serial_port_uart.o [1]
  .rodata            const         0x7378     0xc  clock_config.o [1]
  .rodata            const         0x7384     0xc  fsl_cadc.o [1]
  .rodata            const         0x7390     0xc  fsl_clock.o [1]
  .rodata            const         0x739c     0xc  fsl_clock.o [1]
  .rodata            const         0x73a8     0xc  fsl_debug_console.o [1]
  .rodata            const         0x73b4     0xc  fsl_edma.o [1]
  .rodata            const         0x73c0     0xc  fsl_gpio.o [1]
  .rodata            const         0x73cc     0xc  fsl_pwm.o [1]
  .rodata            const         0x73d8     0xc  fsl_pwm.o [1]
  .rodata            const         0x73e4     0xc  fsl_pwm.o [1]
  .rodata            const         0x73f0     0xc  fsl_pwm.o [1]
  .rodata            const         0x73fc     0xc  main.o [1]
  .rodata            const         0x7408     0xc  main.o [1]
  .rodata            const         0x7414     0xc  main.o [1]
  .rodata            const         0x7420     0xc  serial_manager.o [1]
  .rodata            const         0x742c     0xc  serial_manager.o [1]
  .text              ro code       0x7438     0xc  cstartup_M.o [4]
  .rodata            const         0x7444     0x8  clock_config.o [1]
  .rodata            const         0x744c     0x8  clock_config.o [1]
  .rodata            const         0x7454     0x8  fsl_clock.o [1]
  .rodata            const         0x745c     0x8  fsl_debug_console.o [1]
  .rodata            const         0x7464     0x8  fsl_pwm.o [1]
  .rodata            const         0x746c     0x8  fsl_uart.o [1]
  .rodata            const         0x7474     0x8  fsl_uart.o [1]
  .rodata            const         0x747c     0x8  fsl_uart.o [1]
  .rodata            const         0x7484     0x8  fsl_uart.o [1]
  .rodata            const         0x748c     0x8  main.o [1]
  .rodata            const         0x7494     0x8  serial_manager.o [1]
  .rodata            const         0x749c     0x8  serial_manager.o [1]
  .rodata            const         0x74a4     0x8  serial_manager.o [1]
  .rodata            const         0x74ac     0x8  serial_manager.o [1]
  .rodata            const         0x74b4     0x8  serial_port_uart.o [1]
  .rodata            const         0x74bc     0x8  serial_port_uart.o [1]
  .rodata            const         0x74c4     0x8  tasks.o [1]
  .rodata            const         0x74cc     0x8  timers.o [1]
  .rodata            const         0x74d4     0x8  timers.o [1]
  .rodata            const         0x74dc     0x8  uart_adapter.o [1]
  .rodata            const         0x74e4     0x8  uart_adapter.o [1]
  .rodata            const         0x74ec     0x8  uart_adapter.o [1]
  .rodata            const         0x74f4     0x8  uart_adapter.o [1]
  .rodata            const         0x74fc     0x8  uart_adapter.o [1]
  .text              ro code       0x7504     0x8  startup_MKV46F16.o [1]
  .text              ro code       0x750c     0x8  startup_MKV46F16.o [1]
  .text              ro code       0x7514     0x8  startup_MKV46F16.o [1]
  .text              ro code       0x751c     0x8  startup_MKV46F16.o [1]
  .text              ro code       0x7524     0x8  startup_MKV46F16.o [1]
  .text              ro code       0x752c     0x8  startup_MKV46F16.o [1]
  .text              ro code       0x7534     0x8  startup_MKV46F16.o [1]
  .text              ro code       0x753c     0x8  startup_MKV46F16.o [1]
  .text              ro code       0x7544     0x8  startup_MKV46F16.o [1]
  .text              ro code       0x754c     0x8  startup_MKV46F16.o [1]
  .text              ro code       0x7554     0x8  startup_MKV46F16.o [1]
  .text              ro code       0x755c     0x8  startup_MKV46F16.o [1]
  .text              ro code       0x7564     0x8  startup_MKV46F16.o [1]
  .text              ro code       0x756c     0x8  startup_MKV46F16.o [1]
  .text              ro code       0x7574     0x8  startup_MKV46F16.o [1]
  .text              ro code       0x757c     0x8  startup_MKV46F16.o [1]
  .text              ro code       0x7584     0x8  startup_MKV46F16.o [1]
  .text              ro code       0x758c     0x8  startup_MKV46F16.o [1]
  .text              ro code       0x7594     0x8  startup_MKV46F16.o [1]
  .text              ro code       0x759c     0x8  startup_MKV46F16.o [1]
  .text              ro code       0x75a4     0x8  startup_MKV46F16.o [1]
  .text              ro code       0x75ac     0x8  startup_MKV46F16.o [1]
  .text              ro code       0x75b4     0x8  startup_MKV46F16.o [1]
  .text              ro code       0x75bc     0x8  startup_MKV46F16.o [1]
  .text              ro code       0x75c4     0x8  startup_MKV46F16.o [1]
  .text              ro code       0x75cc     0x8  startup_MKV46F16.o [1]
  .text              ro code       0x75d4     0x8  startup_MKV46F16.o [1]
  .text              ro code       0x75dc     0x8  startup_MKV46F16.o [1]
  .text              ro code       0x75e4     0x8  startup_MKV46F16.o [1]
  .text              ro code       0x75ec     0x8  startup_MKV46F16.o [1]
  .text              ro code       0x75f4     0x8  startup_MKV46F16.o [1]
  .text              ro code       0x75fc     0x8  startup_MKV46F16.o [1]
  .text              ro code       0x7604     0x8  startup_MKV46F16.o [1]
  .text              ro code       0x760c     0x8  startup_MKV46F16.o [1]
  .text              ro code       0x7614     0x8  startup_MKV46F16.o [1]
  .rodata            const         0x761c     0x4  fsl_cadc.o [1]
  .rodata            const         0x7620     0x4  fsl_cadc.o [1]
  .rodata            const         0x7624     0x4  fsl_pwm.o [1]
  .rodata            const         0x7628     0x4  fsl_xbara.o [1]
  .rodata            const         0x762c     0x4  fsl_xbara.o [1]
  .rodata            const         0x7630     0x4  heap_4.o [1]
  .rodata            const         0x7634     0x4  port.o [1]
  .text              ro code       0x7638     0x4  startup_MKV46F16.o [1]
  .rodata            const         0x763c     0x0  zero_init3.o [4]
  .rodata            const         0x763c     0x0  copy_init3.o [4]
                                 - 0x763c  0x722c

"P3-P4", part 1 of 2:                        0x14
  RW                          0x2000'0000    0x14  <Block>
    RW-1                      0x2000'0000    0x14  <Init block>
      .data          inited   0x2000'0000     0x4  fsl_clock.o [1]
      .data          inited   0x2000'0004     0x4  fsl_clock.o [1]
      .data          inited   0x2000'0008     0x4  port.o [1]
      .data          inited   0x2000'000c     0x4  system_MKV46F16.o [1]
      .data          inited   0x2000'0010     0x2  bldc.o [1]
      .data          inited   0x2000'0012     0x1  bldc.o [1]
      .data          inited   0x2000'0013     0x1  key.o [1]
                            - 0x2000'0014    0x14

"P3-P4", part 2 of 2:                      0x2a98
  ZI                          0x2000'0014  0x2a98  <Block>
    .bss             zero     0x2000'0014     0x4  bldc.o [1]
    .bss             zero     0x2000'0018     0x4  bldc.o [1]
    .bss             zero     0x2000'001c     0x4  fsl_clock.o [1]
    .bss             zero     0x2000'0020    0x1c  fsl_debug_console.o [1]
    .bss             zero     0x2000'003c     0x4  fsl_debug_console.o [1]
    .bss             zero     0x2000'0040     0x4  fsl_dspi.o [1]
    .bss             zero     0x2000'0044     0x4  fsl_dspi.o [1]
    .bss             zero     0x2000'0048     0x4  fsl_dspi.o [1]
    .bss             zero     0x2000'004c    0x40  fsl_edma.o [1]
    .bss             zero     0x2000'008c     0x8  fsl_flexcan.o [1]
    .bss             zero     0x2000'0094     0x4  fsl_flexcan.o [1]
    .bss             zero     0x2000'0098     0x4  fsl_i2c.o [1]
    .bss             zero     0x2000'009c     0x4  fsl_i2c.o [1]
    .bss             zero     0x2000'00a0     0x4  fsl_i2c.o [1]
    .bss             zero     0x2000'00a4     0x8  fsl_uart.o [1]
    .bss             zero     0x2000'00ac     0x4  fsl_uart.o [1]
    .bss             zero     0x2000'00b0  0x2800  heap_4.o [1]
    .bss             zero     0x2000'28b0     0x8  heap_4.o [1]
    .bss             zero     0x2000'28b8     0x4  heap_4.o [1]
    .bss             zero     0x2000'28bc     0x4  heap_4.o [1]
    .bss             zero     0x2000'28c0     0x4  heap_4.o [1]
    .bss             zero     0x2000'28c4     0x4  heap_4.o [1]
    .bss             zero     0x2000'28c8     0x8  main.o [1]
    .bss             zero     0x2000'28d0     0x4  main.o [1]
    .bss             zero     0x2000'28d4     0x4  main.o [1]
    .bss             zero     0x2000'28d8     0x4  main.o [1]
    .bss             zero     0x2000'28dc     0x4  main.o [1]
    .bss             zero     0x2000'28e0     0x4  main.o [1]
    .bss             zero     0x2000'28e4    0x14  main.o [1]
    .bss             zero     0x2000'28f8     0x4  port.o [1]
    .bss             zero     0x2000'28fc    0x40  queue.o [1]
    .bss             zero     0x2000'293c     0x4  tasks.o [1]
    .bss             zero     0x2000'2940    0x8c  tasks.o [1]
    .bss             zero     0x2000'29cc    0x14  tasks.o [1]
    .bss             zero     0x2000'29e0    0x14  tasks.o [1]
    .bss             zero     0x2000'29f4     0x4  tasks.o [1]
    .bss             zero     0x2000'29f8     0x4  tasks.o [1]
    .bss             zero     0x2000'29fc    0x14  tasks.o [1]
    .bss             zero     0x2000'2a10    0x14  tasks.o [1]
    .bss             zero     0x2000'2a24     0x4  tasks.o [1]
    .bss             zero     0x2000'2a28    0x14  tasks.o [1]
    .bss             zero     0x2000'2a3c     0x4  tasks.o [1]
    .bss             zero     0x2000'2a40     0x4  tasks.o [1]
    .bss             zero     0x2000'2a44     0x4  tasks.o [1]
    .bss             zero     0x2000'2a48     0x4  tasks.o [1]
    .bss             zero     0x2000'2a4c     0x4  tasks.o [1]
    .bss             zero     0x2000'2a50     0x4  tasks.o [1]
    .bss             zero     0x2000'2a54     0x4  tasks.o [1]
    .bss             zero     0x2000'2a58     0x4  tasks.o [1]
    .bss             zero     0x2000'2a5c     0x4  tasks.o [1]
    .bss             zero     0x2000'2a60     0x4  tasks.o [1]
    .bss             zero     0x2000'2a64     0x4  tasks.o [1]
    .bss             zero     0x2000'2a68    0x14  timers.o [1]
    .bss             zero     0x2000'2a7c    0x14  timers.o [1]
    .bss             zero     0x2000'2a90     0x4  timers.o [1]
    .bss             zero     0x2000'2a94     0x4  timers.o [1]
    .bss             zero     0x2000'2a98     0x4  timers.o [1]
    .bss             zero     0x2000'2a9c     0x4  timers.o [1]
    .bss             zero     0x2000'2aa0     0x4  timers.o [1]
    .bss             zero     0x2000'2aa4     0x4  xfail_s.o [2]
    .bss             zero     0x2000'2aa8     0x1  port.o [1]
                            - 0x2000'2aac  0x2a98

"P6":                                       0x400
  CSTACK                      0x2000'3c00   0x400  <Block>
    CSTACK           uninit   0x2000'3c00   0x400  <Block tail>
                            - 0x2000'4000   0x400

Unused ranges:

         From           To      Size
         ----           --      ----
       0x763c     0x1'ffff  0x1'89c4
  0x1fff'e000  0x1fff'ffff    0x2000
  0x2000'2aac  0x2000'3bff    0x1154


*******************************************************************************
*** INIT TABLE
***

          Address      Size
          -------      ----
Zero (__iar_zero_init3)
    1 destination range, total size 0x2a95:
          0x2000'0014  0x2a95

Copy (__iar_copy_init3)
    1 source range, total size 0x14:
               0x71f4    0x14
    1 destination range, total size 0x14:
          0x2000'0000    0x14



*******************************************************************************
*** MODULE SUMMARY
***

    Module               ro code  ro data  rw data
    ------               -------  -------  -------
command line/config:
    ----------------------------------------------
    Total:

G:\MKV44F256FVH16_Pro\IAR_mkv44f128vlh16_software_folder\freeRTOS_iar_mkv44f128vlh16_soft\iar\debug\obj: [1]
    adc.o                    244       88
    bldc.o                 1 448       63       11
    board.o                   24
    clock_config.o           262       28
    fsl_assert.o              28       44
    fsl_cadc.o             1 684      232
    fsl_clock.o            1 572      192       12
    fsl_debug_console.o      522      212       32
    fsl_dspi.o               124      140       12
    fsl_edma.o               532      128       64
    fsl_flexcan.o            116      164       12
    fsl_gpio.o               908      288
    fsl_i2c.o                 88                12
    fsl_pwm.o              2 464      288
    fsl_str.o                784
    fsl_uart.o               904      472       12
    fsl_xbara.o              176      188
    heap_4.o                 628        4   10 264
    key.o                    948        3        1
    led.o                     24
    list.o                   154
    main.o                 1 096      552       48
    pin_mux.o                184
    pollingusart.o            52
    port.o                   604        8        9
    portasm.o                176
    queue.o                1 796                64
    serial_manager.o         508      208
    serial_port_uart.o       212      184
    startup_MKV46F16.o     1 376
    system_MKV46F16.o         54        4        4
    tasks.o                2 480        8      300
    timers.o               1 184       16       60
    uart_adapter.o           376      272
    ----------------------------------------------
    Total:                23 732    3 786   10 917

dl7M_tln.a: [2]
    abort.o                    6
    exit.o                     4
    low_level_init.o           4
    printf.o                  40
    putchar.o                 32
    xfail_s.o                 64                 4
    xprintfsmall_nomb.o    1 232
    xprout.o                  22
    ----------------------------------------------
    Total:                 1 404                 4

m7M_tls.a: [3]
    fpinit_M.o                34
    ----------------------------------------------
    Total:                    34

rt7M_tl.a: [4]
    ABImemclr4.o               6
    ABImemcpy.o              166
    ABImemset.o              102
    ABImemset48.o             50
    I64DivMod.o              560
    I64DivZer.o                2
    cexit.o                   10
    cmain.o                   30
    copy_init3.o              44
    cstartup_M.o              12
    data_init.o               40
    memchr.o                  88
    strchr.o                  22
    strlen.o                  54
    zero_init3.o              58
    ----------------------------------------------
    Total:                 1 244

shb_l.a: [5]
    exit.o                    20
    ----------------------------------------------
    Total:                    20

    Gaps                       4        8
    Linker created                     36    1 024
--------------------------------------------------
    Grand Total:          26 438    3 830   11 945


*******************************************************************************
*** ENTRY LIST
***

Entry                       Address    Size  Type      Object
-----                       -------    ----  ----      ------
.iar.init_table$$Base        0x6fc8           --   Gb  - Linker created -
.iar.init_table$$Limit       0x6fec           --   Gb  - Linker created -
?main                        0x700d          Code  Gb  cmain.o [4]
ADC_CADC_Init                0x5cc5    0xd0  Code  Gb  adc.o [1]
AppObjCreate                 0x560b    0x38  Code  Lc  main.o [1]
AppTaskCreate                0x55c5    0x46  Code  Lc  main.o [1]
BOARD_BootClockRUN           0x57e3    0x3e  Code  Gb  clock_config.o [1]
BOARD_InitDebugConsole       0x58c7    0x18  Code  Gb  board.o [1]
BOARD_InitPins               0x5739    0x6e  Code  Gb  pin_mux.o [1]
CADC_ClearStatusFlags        0x3bc3    0x1e  Code  Gb  fsl_cadc.o [1]
CADC_DoSoftwareTriggerConverter
                             0x3b3b    0x22  Code  Gb  fsl_cadc.o [1]
CADC_EnableConverter         0x3a8f    0x4e  Code  Gb  fsl_cadc.o [1]
CADC_EnableConverterPower
                             0x3add    0x5e  Code  Gb  fsl_cadc.o [1]
CADC_EnableSample            0x5cad    0x18  Code  Lc  adc.o [1]
CADC_GetDefaultConfig        0x38d5    0x40  Code  Gb  fsl_cadc.o [1]
CADC_GetDefaultConverterConfig
                             0x3a4d    0x42  Code  Gb  fsl_cadc.o [1]
CADC_GetInstance             0x37f5    0x34  Code  Lc  fsl_cadc.o [1]
CADC_GetSampleReadyStatusFlags
                             0x52d7     0x4  Code  Lc  main.o [1]
CADC_GetSampleResultValue
                             0x52db     0xa  Code  Lc  main.o [1]
CADC_GetStatusFlags          0x3b5d    0x66  Code  Gb  fsl_cadc.o [1]
CADC_Init                    0x3829    0xac  Code  Gb  fsl_cadc.o [1]
CADC_SetConverterAConfig
                             0x3915    0x7e  Code  Lc  fsl_cadc.o [1]
CADC_SetConverterBConfig
                             0x3993    0x78  Code  Lc  fsl_cadc.o [1]
CADC_SetConverterConfig
                             0x3a0b    0x42  Code  Gb  fsl_cadc.o [1]
CADC_SetSampleConfig         0x3be1   0x270  Code  Gb  fsl_cadc.o [1]
CAN0_DriverIRQHandler        0x6add    0x2a  Code  Gb  fsl_flexcan.o [1]
CAN1_DriverIRQHandler        0x6b09    0x2a  Code  Gb  fsl_flexcan.o [1]
CLOCK_BootToPeeMode          0x4425    0x4a  Code  Gb  fsl_clock.o [1]
CLOCK_CONFIG_SetFllExtRefDiv
                             0x57cf    0x14  Code  Lc  clock_config.o [1]
CLOCK_CONFIG_SetSimSafeDivs
                             0x57c7     0x8  Code  Lc  clock_config.o [1]
CLOCK_EnableClock            0x37e1    0x14  Code  Lc  fsl_cadc.o [1]
CLOCK_EnableClock            0x20c5    0x14  Code  Lc  fsl_pwm.o [1]
CLOCK_EnableClock            0x3459    0x14  Code  Lc  fsl_uart.o [1]
CLOCK_EnableClock            0x4a41    0x12  Code  Lc  fsl_xbara.o [1]
CLOCK_EnableClock            0x5919    0x14  Code  Lc  key.o [1]
CLOCK_EnableClock            0x5709    0x12  Code  Lc  pin_mux.o [1]
CLOCK_EnablePll0             0x42d9    0x58  Code  Gb  fsl_clock.o [1]
CLOCK_GetEr32kClkFreq        0x3ff9    0x36  Code  Gb  fsl_clock.o [1]
CLOCK_GetFastPeriphClkFreq
                             0x402f    0x18  Code  Gb  fsl_clock.o [1]
CLOCK_GetFixedFreqClkFreq
                             0x419b    0x1e  Code  Gb  fsl_clock.o [1]
CLOCK_GetFllExtRefClkFreq
                             0x3ec5    0x56  Code  Lc  fsl_clock.o [1]
CLOCK_GetFllFreq             0x4141    0x44  Code  Gb  fsl_clock.o [1]
CLOCK_GetFllFreq::fllFactorTable
                             0x7238    0x10  Data  Lc  fsl_clock.o [1]
CLOCK_GetFllRefClkFreq       0x3f41    0x20  Code  Lc  fsl_clock.o [1]
CLOCK_GetFreq                0x4047    0xae  Code  Gb  fsl_clock.o [1]
CLOCK_GetInternalRefClkFreq
                             0x4185    0x16  Code  Gb  fsl_clock.o [1]
CLOCK_GetInternalRefClkSelectFreq
                             0x3f1b    0x26  Code  Lc  fsl_clock.o [1]
CLOCK_GetMcgExtClkFreq       0x3ea3    0x22  Code  Lc  fsl_clock.o [1]
CLOCK_GetOsc0ErClkDivFreq
                             0x3fbb    0x3e  Code  Gb  fsl_clock.o [1]
CLOCK_GetOsc0ErClkUndivFreq
                             0x3f89    0x32  Code  Gb  fsl_clock.o [1]
CLOCK_GetOscRangeFromFreq
                             0x3f69    0x20  Code  Lc  fsl_clock.o [1]
CLOCK_GetOutClkFreq          0x4109    0x38  Code  Gb  fsl_clock.o [1]
CLOCK_GetPll0Freq            0x41b9    0x54  Code  Gb  fsl_clock.o [1]
CLOCK_GetPll0RefFreq         0x3f61     0x8  Code  Lc  fsl_clock.o [1]
CLOCK_InitOsc0               0x4331    0x50  Code  Gb  fsl_clock.o [1]
CLOCK_SetEr32kClock          0x3e75     0xe  Code  Lc  fsl_clock.o [1]
CLOCK_SetExternalRefClkConfig
                             0x420d     0x6  Code  Gb  fsl_clock.o [1]
CLOCK_SetInternalRefClkConfig
                             0x4213    0xc6  Code  Gb  fsl_clock.o [1]
CLOCK_SetPbeMode             0x439d    0x6c  Code  Gb  fsl_clock.o [1]
CLOCK_SetSimConfig           0x40f5    0x14  Code  Gb  fsl_clock.o [1]
CLOCK_SetXtal0Freq           0x57c1     0x6  Code  Lc  clock_config.o [1]
CSTACK$$Base            0x2000'3c00           --   Gb  - Linker created -
CSTACK$$Limit           0x2000'4000           --   Gb  - Linker created -
ConvertRadixNumToString
                             0x2e8f    0xc0  Code  Lc  fsl_str.o [1]
DMA0_DriverIRQHandler        0x628d    0x10  Code  Gb  fsl_edma.o [1]
DMA10_DriverIRQHandler       0x632f    0x10  Code  Gb  fsl_edma.o [1]
DMA11_DriverIRQHandler       0x633f    0x10  Code  Gb  fsl_edma.o [1]
DMA12_DriverIRQHandler       0x634f    0x10  Code  Gb  fsl_edma.o [1]
DMA13_DriverIRQHandler       0x635f    0x10  Code  Gb  fsl_edma.o [1]
DMA14_DriverIRQHandler       0x636f    0x10  Code  Gb  fsl_edma.o [1]
DMA15_DriverIRQHandler       0x637f    0x10  Code  Gb  fsl_edma.o [1]
DMA1_DriverIRQHandler        0x629d    0x10  Code  Gb  fsl_edma.o [1]
DMA2_DriverIRQHandler        0x62ad    0x10  Code  Gb  fsl_edma.o [1]
DMA3_DriverIRQHandler        0x62bd    0x10  Code  Gb  fsl_edma.o [1]
DMA4_DriverIRQHandler        0x62cf    0x10  Code  Gb  fsl_edma.o [1]
DMA5_DriverIRQHandler        0x62df    0x10  Code  Gb  fsl_edma.o [1]
DMA6_DriverIRQHandler        0x62ef    0x10  Code  Gb  fsl_edma.o [1]
DMA7_DriverIRQHandler        0x62ff    0x10  Code  Gb  fsl_edma.o [1]
DMA8_DriverIRQHandler        0x630f    0x10  Code  Gb  fsl_edma.o [1]
DMA9_DriverIRQHandler        0x631f    0x10  Code  Gb  fsl_edma.o [1]
DSPI_CommonIRQHandler        0x66d1    0x2c  Code  Lc  fsl_dspi.o [1]
DSPI_IsMaster                0x66c1    0x10  Code  Lc  fsl_dspi.o [1]
DWT_DelayInit                0x5829    0x16  Code  Gb  clock_config.o [1]
DWT_DelayMs                  0x58a9    0x12  Code  Gb  clock_config.o [1]
DWT_DelayUs                  0x583f    0x32  Code  Gb  clock_config.o [1]
DbgConsole_Init              0x2b07    0xf2  Code  Gb  fsl_debug_console.o [1]
DbgConsole_PrintCallback
                             0x2ac9    0x3e  Code  Lc  fsl_debug_console.o [1]
DbgConsole_Printf            0x2bf9    0x44  Code  Gb  fsl_debug_console.o [1]
DbgConsole_SendDataReliable
                             0x2a81    0x48  Code  Gb  fsl_debug_console.o [1]
DelayInit                    0x5821     0x8  Code  Gb  clock_config.o [1]
DelayMs                      0x58bb     0xc  Code  Gb  clock_config.o [1]
Dir                     0x2000'0012     0x1  Data  Gb  bldc.o [1]
EDMA_HandleIRQ               0x6189   0x104  Code  Gb  fsl_edma.o [1]
EnableIRQ                    0x592d    0x20  Code  Lc  key.o [1]
GPIO_GetInstance             0x5e1b    0x2e  Code  Lc  fsl_gpio.o [1]
GPIO_Init                    0x6085    0xe4  Code  Gb  fsl_gpio.o [1]
GPIO_InstanceTable           0x7190    0x14  Data  Lc  fsl_gpio.o [1]
GPIO_PinConfig               0x5ea9    0x48  Code  Gb  fsl_gpio.o [1]
GPIO_PinInit                 0x5e49    0x44  Code  Gb  fsl_gpio.o [1]
GPIO_PinRead                 0x44e5     0xa  Code  Lc  bldc.o [1]
GPIO_PinWrite                0x5dfd    0x1e  Code  Lc  fsl_gpio.o [1]
GPIO_PortClearInterruptFlags
                             0x5e8d    0x1c  Code  Gb  fsl_gpio.o [1]
GPIO_QuickInit               0x6169    0x20  Code  Gb  fsl_gpio.o [1]
HALLSensor_Detected_BLDC
                             0x4691    0xc2  Code  Gb  bldc.o [1]
HAL_UartGetStatus            0x32e1    0x10  Code  Lc  uart_adapter.o [1]
HAL_UartInit                 0x32f1    0xec  Code  Gb  uart_adapter.o [1]
HAL_UartSendBlocking         0x33dd    0x5a  Code  Gb  uart_adapter.o [1]
HallSensor_GetPinState       0x44ef    0x4e  Code  Gb  bldc.o [1]
HallSensor_GetPinState::State
                        0x2000'0018     0x4  Data  Lc  bldc.o [1]
I2C0_DriverIRQHandler        0x6c01     0xe  Code  Gb  fsl_i2c.o [1]
I2C_TransferCommonIRQHandler
                             0x6bc1    0x36  Code  Lc  fsl_i2c.o [1]
KEY_Init                     0x5989   0x166  Code  Gb  key.o [1]
KEY_Scan                     0x5aef   0x16e  Code  Gb  key.o [1]
KEY_Scan::key_up        0x2000'0013     0x1  Data  Lc  key.o [1]
LED_Init                     0x58df    0x18  Code  Gb  led.o [1]
LoadInt                      0x4f43    0x56  Code  Lc  xprintfsmall_nomb.o [2]
OSC_SetCapLoad               0x3e97     0xc  Code  Lc  fsl_clock.o [1]
OSC_SetExtRefClkConfig       0x3e83    0x14  Code  Lc  fsl_clock.o [1]
PMW_AllClose_ABC_Channel
                             0x4993    0x84  Code  Gb  bldc.o [1]
PORTA_IRQHandler             0x5643    0x16  Code  Gb  main.o [1]
PORT_InstanceTable           0x71a4    0x14  Data  Lc  fsl_gpio.o [1]
PORT_PinMuxConfig            0x5ef1    0x56  Code  Gb  fsl_gpio.o [1]
PORT_PinOpenDrainConfig
                             0x5f47    0x5a  Code  Gb  fsl_gpio.o [1]
PORT_PinPullConfig           0x5fa1    0xbe  Code  Gb  fsl_gpio.o [1]
PORT_SetPinInterruptConfig
                             0x596b    0x1e  Code  Lc  key.o [1]
PORT_SetPinMux               0x594d    0x1e  Code  Lc  key.o [1]
PORT_SetPinMux               0x571b    0x1e  Code  Lc  pin_mux.o [1]
PWMA_Close_ABC_Channel       0x48f1    0xa2  Code  Gb  bldc.o [1]
PWMA_Select_AB_Channel       0x4753    0x8a  Code  Gb  bldc.o [1]
PWMA_Select_BC_Channel       0x47dd    0x8a  Code  Gb  bldc.o [1]
PWMA_Select_CA_Channel       0x4867    0x8a  Code  Gb  bldc.o [1]
PWM_BLDC_Init                0x453d    0xc4  Code  Gb  bldc.o [1]
PWM_DRV_Init3PhPwm           0x4601    0x90  Code  Lc  bldc.o [1]
PWM_Duty                0x2000'0010     0x2  Data  Gb  bldc.o [1]
PWM_GetDefaultConfig         0x22a9    0x5c  Code  Gb  fsl_pwm.o [1]
PWM_GetInstance              0x20d9    0x34  Code  Lc  fsl_pwm.o [1]
PWM_Init                     0x210d   0x19c  Code  Gb  fsl_pwm.o [1]
PWM_SetPwmLdok               0x44af    0x36  Code  Lc  bldc.o [1]
PWM_SetupPwm                 0x2305   0x450  Code  Gb  fsl_pwm.o [1]
PWM_StartTimer               0x4499    0x16  Code  Lc  bldc.o [1]
PWM_StopTimer                0x52c1    0x16  Code  Lc  main.o [1]
PWM_UpdatePwmDutycycle       0x2755   0x2e0  Code  Gb  fsl_pwm.o [1]
PendSV_Handler               0x1831          Code  Gb  portasm.o [1]
RW$$Base                0x2000'0000           --   Gb  - Linker created -
RW$$Limit               0x2000'0014           --   Gb  - Linker created -
Region$$Table$$Base          0x6fc8           --   Gb  - Linker created -
Region$$Table$$Limit         0x6fec           --   Gb  - Linker created -
SIM_GPIOClockGateTable       0x71b8    0x14  Data  Lc  fsl_gpio.o [1]
SPI0_DriverIRQHandler        0x66fd    0x24  Code  Gb  fsl_dspi.o [1]
SVC_Handler                  0x1889          Code  Gb  portasm.o [1]
SerialManager_Init           0x2d37    0x6a  Code  Gb  serial_manager.o [1]
SerialManager_OpenReadHandle
                             0x2df7    0x5e  Code  Gb  serial_manager.o [1]
SerialManager_OpenWriteHandle
                             0x2da1    0x56  Code  Gb  serial_manager.o [1]
SerialManager_StartWriting
                             0x2c8d    0x36  Code  Lc  serial_manager.o [1]
SerialManager_Write          0x2cc3    0x74  Code  Lc  serial_manager.o [1]
SerialManager_WriteBlocking
                             0x2e55    0x14  Code  Gb  serial_manager.o [1]
Serial_UartInit              0x31a1    0x6e  Code  Gb  serial_port_uart.o [1]
Serial_UartWrite             0x320f    0x52  Code  Gb  serial_port_uart.o [1]
StrFormatPrintf              0x2f4f   0x250  Code  Gb  fsl_str.o [1]
SysTick_Handler              0x12b5    0x28  Code  Gb  port.o [1]
SystemCoreClock         0x2000'000c     0x4  Data  Gb  system_MKV46F16.o [1]
SystemInit                   0x6d91    0x28  Code  Gb  system_MKV46F16.o [1]
UART0_DriverIRQHandler       0x3785    0x14  Code  Gb  fsl_uart.o [1]
UART0_RX_TX_DriverIRQHandler
                             0x3799     0xc  Code  Gb  fsl_uart.o [1]
UART1_DriverIRQHandler       0x37a5    0x14  Code  Gb  fsl_uart.o [1]
UART1_RX_TX_DriverIRQHandler
                             0x37d5     0xc  Code  Gb  fsl_uart.o [1]
UART_GetDefaultConfig        0x3669    0x58  Code  Gb  fsl_uart.o [1]
UART_GetInstance             0x346d    0x36  Code  Gb  fsl_uart.o [1]
UART_GetStatusFlags          0x36c1    0x1a  Code  Gb  fsl_uart.o [1]
UART_Init                    0x34a3   0x1c6  Code  Gb  fsl_uart.o [1]
UART_ReadBlocking            0x36f3    0x6a  Code  Gb  fsl_uart.o [1]
UART_WriteBlocking           0x36db    0x18  Code  Gb  fsl_uart.o [1]
USART_POLLING_Init           0x5da1    0x34  Code  Gb  pollingusart.o [1]
XBARA_GetInstance            0x4a53    0x2e  Code  Lc  fsl_xbara.o [1]
XBARA_Init                   0x4a81    0x16  Code  Gb  fsl_xbara.o [1]
XBARA_SetSignalsConnection
                             0x4a97    0x44  Code  Gb  fsl_xbara.o [1]
ZI$$Base                0x2000'0014           --   Gb  - Linker created -
ZI$$Limit               0x2000'2aac           --   Gb  - Linker created -
_LitobSmallNoMb              0x50d5    0xce  Code  Lc  xprintfsmall_nomb.o [2]
_PrintfSmallNoMb             0x4d25   0x214  Code  Gb  xprintfsmall_nomb.o [2]
_Prout                       0x7151    0x16  Code  Gb  xprout.o [2]
_PutcharsSmallNoMb           0x51a3    0x2e  Code  Lc  xprintfsmall_nomb.o [2]
_PutfldSmallNoMb             0x4f99   0x13c  Code  Lc  xprintfsmall_nomb.o [2]
__NVIC_EnableIRQ             0x58f9    0x20  Code  Lc  key.o [1]
__Vectors                       0x0           --   Gb  startup_MKV46F16.o [1]
__Vectors_End                 0x400          Data  Gb  startup_MKV46F16.o [1]
__Vectors_Size {Abs}          0x400           --   Gb  startup_MKV46F16.o [1]
__aeabi_assert               0x2a65    0x1c  Code  Gb  fsl_assert.o [1]
__aeabi_ldiv0                0x4d21          Code  Gb  I64DivZer.o [4]
__aeabi_memclr4              0x2e89          Code  Gb  ABImemclr4.o [4]
__aeabi_memcpy               0x1fe5          Code  Gb  ABImemcpy.o [4]
__aeabi_memcpy4              0x2005          Code  Gb  ABImemcpy.o [4]
__aeabi_memcpy8              0x2005          Code  Gb  ABImemcpy.o [4]
__aeabi_memset               0x1035          Code  Gb  ABImemset.o [4]
__aeabi_uldivmod             0x4af1          Code  Gb  I64DivMod.o [4]
__cmain                      0x700d          Code  Gb  cmain.o [4]
__exit                       0x52ad    0x14  Code  Gb  exit.o [5]
__iar_Fail_s                 0x520d    0x1c  Code  Gb  xfail_s.o [2]
__iar_Memchr                 0x524d          Code  Gb  memchr.o [4]
__iar_Memset                 0x1035          Code  Gb  ABImemset.o [4]
__iar_Memset4_word           0x3275          Code  Gb  ABImemset48.o [4]
__iar_Memset8_word           0x3275          Code  Gb  ABImemset48.o [4]
__iar_Memset_word            0x103d          Code  Gb  ABImemset.o [4]
__iar_Strchr                 0x51f5          Code  Gb  strchr.o [4]
__iar_copy_init3             0x6e25    0x2c  Code  Gb  copy_init3.o [4]
__iar_data_init3             0x6ec9    0x28  Code  Gb  data_init.o [4]
__iar_init_vfp               0x6fa5          Code  Gb  fpinit_M.o [3]
__iar_program_start          0x7439          Code  Gb  cstartup_M.o [4]
__iar_zero_init3             0x208b    0x3a  Code  Gb  zero_init3.o [4]
__low_level_init             0x702b     0x4  Code  Gb  low_level_init.o [2]
__vector_table                  0x0          Data  Gb  startup_MKV46F16.o [1]
__vector_table_0x1c            0x1c          Data  Gb  startup_MKV46F16.o [1]
__write                      0x2c61    0x2a  Code  Wk  fsl_debug_console.o [1]
_call_main                   0x7019          Code  Gb  cmain.o [4]
_exit                        0x7035          Code  Gb  cexit.o [4]
_main                        0x7027          Code  Gb  cmain.o [4]
abort                        0x52a5     0x6  Code  Gb  abort.o [2]
exit                         0x702f     0x4  Code  Gb  exit.o [2]
g_CADCChannelConfigDifferentialMask
                             0x7228    0x10  Data  Lc  fsl_cadc.o [1]
g_dspiHandle            0x2000'0040     0x4  Data  Lc  fsl_dspi.o [1]
g_serialHandle          0x2000'003c     0x4  Data  Gb  fsl_debug_console.o [1]
g_tMsg                  0x2000'28e4    0x14  Data  Gb  main.o [1]
g_xtal0Freq             0x2000'001c     0x4  Data  Gb  fsl_clock.o [1]
main                         0x52e5    0x38  Code  Gb  main.o [1]
mcgConfig_BOARD_BootClockRUN
                             0x7378     0xc  Data  Gb  clock_config.o [1]
memchr                       0x524d          Code  Gb  memchr.o [4]
oscConfig_BOARD_BootClockRUN
                             0x744c     0x8  Data  Gb  clock_config.o [1]
pcInterruptPriorityRegisters
                             0x7634     0x4  Data  Lc  port.o [1]
printf                       0x5dd5    0x28  Code  Gb  printf.o [2]
prvAddCurrentTaskToDelayedList
                              0xd09    0x82  Code  Lc  tasks.o [1]
prvAddNewTaskToReadyList
                              0x587    0x9e  Code  Lc  tasks.o [1]
prvCheckForValidListAndQueue
                             0x17c1    0x46  Code  Lc  timers.o [1]
prvCheckTasksWaitingTermination
                              0xb87    0x3e  Code  Lc  tasks.o [1]
prvCopyDataFromQueue         0x1e91    0x36  Code  Lc  queue.o [1]
prvCopyDataToQueue           0x1df5    0x9c  Code  Lc  queue.o [1]
prvDeleteTCB                  0xbc5    0x12  Code  Lc  tasks.o [1]
prvGetNextExpireTime         0x1553    0x28  Code  Lc  timers.o [1]
prvHeapInit                   0xf55    0x62  Code  Lc  heap_4.o [1]
prvIdleTask                   0xb05    0x24  Code  Lc  tasks.o [1]
prvInitialiseNewQueue        0x19cb    0x36  Code  Lc  queue.o [1]
prvInitialiseNewTask          0x485   0x102  Code  Lc  tasks.o [1]
prvInitialiseTaskLists        0xb31    0x56  Code  Lc  tasks.o [1]
prvInsertBlockIntoFreeList
                              0xfb7    0x5e  Code  Lc  heap_4.o [1]
prvInsertTimerInActiveList
                             0x15a3    0x52  Code  Lc  timers.o [1]
prvIsQueueEmpty              0x1f35    0x1c  Code  Lc  queue.o [1]
prvIsQueueFull               0x1f51    0x1e  Code  Lc  queue.o [1]
prvProcessExpiredTimer       0x1459    0x6c  Code  Lc  timers.o [1]
prvProcessReceivedCommands
                             0x15f5   0x13e  Code  Lc  timers.o [1]
prvProcessTimerOrBlockTask
                             0x14df    0x74  Code  Lc  timers.o [1]
prvResetNextTaskUnblockTime
                              0xbd7    0x26  Code  Lc  tasks.o [1]
prvSampleTimeNow             0x157b    0x28  Code  Lc  timers.o [1]
prvSampleTimeNow::xLastTime
                        0x2000'2aa0     0x4  Data  Lc  timers.o [1]
prvSwitchTimerLists          0x1733    0x8e  Code  Lc  timers.o [1]
prvTaskExitError             0x115d    0x2a  Code  Lc  port.o [1]
prvTimerTask                 0x14c5    0x1a  Code  Lc  timers.o [1]
prvUnlockQueue               0x1ec7    0x6e  Code  Lc  queue.o [1]
putchar                      0x6fed    0x20  Code  Gb  putchar.o [2]
pvPortMalloc                  0xdc1   0x120  Code  Gb  heap_4.o [1]
pxCurrentTCB            0x2000'293c     0x4  Data  Gb  tasks.o [1]
pxCurrentTimerList      0x2000'2a90     0x4  Data  Lc  timers.o [1]
pxDelayedTaskList       0x2000'29f4     0x4  Data  Lc  tasks.o [1]
pxEnd                   0x2000'28b8     0x4  Data  Lc  heap_4.o [1]
pxOverflowDelayedTaskList
                        0x2000'29f8     0x4  Data  Lc  tasks.o [1]
pxOverflowTimerList     0x2000'2a94     0x4  Data  Lc  timers.o [1]
pxPortInitialiseStack        0x1135    0x28  Code  Gb  port.o [1]
pxReadyTasksLists       0x2000'2940    0x8c  Data  Lc  tasks.o [1]
recoder_number          0x2000'28c8     0x8  Data  Gb  main.o [1]
s_EDMAHandle            0x2000'004c    0x40  Data  Lc  fsl_edma.o [1]
s_UartAdapterBase            0x74fc     0x8  Data  Lc  uart_adapter.o [1]
s_cadcBases                  0x761c     0x4  Data  Lc  fsl_cadc.o [1]
s_cadcClocks                 0x7620     0x4  Data  Lc  fsl_cadc.o [1]
s_debugConsoleState     0x2000'0020    0x1c  Data  Lc  fsl_debug_console.o [1]
s_dspiMasterIsr         0x2000'0044     0x4  Data  Lc  fsl_dspi.o [1]
s_dspiSlaveIsr          0x2000'0048     0x4  Data  Lc  fsl_dspi.o [1]
s_fastIrcFreq           0x2000'0004     0x4  Data  Lc  fsl_clock.o [1]
s_flexcanHandle         0x2000'008c     0x8  Data  Lc  fsl_flexcan.o [1]
s_flexcanIsr            0x2000'0094     0x4  Data  Lc  fsl_flexcan.o [1]
s_gpioBases                  0x71e0    0x14  Data  Lc  fsl_gpio.o [1]
s_i2cHandle             0x2000'0098     0x4  Data  Lc  fsl_i2c.o [1]
s_i2cMasterIsr          0x2000'009c     0x4  Data  Lc  fsl_i2c.o [1]
s_i2cSlaveIsr           0x2000'00a0     0x4  Data  Lc  fsl_i2c.o [1]
s_portBases                  0x71cc    0x14  Data  Lc  fsl_gpio.o [1]
s_pwmBases                   0x7624     0x4  Data  Lc  fsl_pwm.o [1]
s_pwmClocks                  0x7268    0x10  Data  Lc  fsl_pwm.o [1]
s_slowIrcFreq           0x2000'0000     0x4  Data  Lc  fsl_clock.o [1]
s_uartBases                  0x747c     0x8  Data  Lc  fsl_uart.o [1]
s_uartClock                  0x7484     0x8  Data  Lc  fsl_uart.o [1]
s_uartHandle            0x2000'00a4     0x8  Data  Lc  fsl_uart.o [1]
s_uartIsr               0x2000'00ac     0x4  Data  Lc  fsl_uart.o [1]
s_xbaraBases                 0x7628     0x4  Data  Lc  fsl_xbara.o [1]
s_xbaraClock                 0x762c     0x4  Data  Lc  fsl_xbara.o [1]
sec_hand                0x2000'2aa4     0x4  Data  Lc  xfail_s.o [2]
simConfig_BOARD_BootClockRUN
                             0x7444     0x8  Data  Gb  clock_config.o [1]
strchr                       0x51f5          Code  Gb  strchr.o [4]
strlen                       0x32a9          Code  Gb  strlen.o [4]
ucHeap                  0x2000'00b0  0x2800  Data  Lc  heap_4.o [1]
ucMaxSysCallPriority    0x2000'2aa8     0x1  Data  Lc  port.o [1]
ulMaxPRIGROUPValue      0x2000'28f8     0x4  Data  Lc  port.o [1]
uwStep                  0x2000'0014     0x4  Data  Gb  bldc.o [1]
uxCriticalNesting       0x2000'0008     0x4  Data  Lc  port.o [1]
uxCurrentNumberOfTasks  0x2000'2a3c     0x4  Data  Lc  tasks.o [1]
uxDeletedTasksWaitingCleanUp
                        0x2000'2a24     0x4  Data  Lc  tasks.o [1]
uxListRemove                 0x110d    0x28  Code  Gb  list.o [1]
uxPendedTicks           0x2000'2a4c     0x4  Data  Lc  tasks.o [1]
uxSchedulerSuspended    0x2000'2a64     0x4  Data  Lc  tasks.o [1]
uxTaskNumber            0x2000'2a58     0x4  Data  Lc  tasks.o [1]
uxTopReadyPriority      0x2000'2a44     0x4  Data  Lc  tasks.o [1]
vListInitialise              0x109b    0x1e  Code  Gb  list.o [1]
vListInitialiseItem          0x10b9     0x6  Code  Gb  list.o [1]
vListInsert                  0x10d7    0x36  Code  Gb  list.o [1]
vListInsertEnd               0x10bf    0x18  Code  Gb  list.o [1]
vPortEnableVFP               0x18c5          Code  Gb  portasm.o [1]
vPortEnterCritical           0x1255    0x34  Code  Gb  port.o [1]
vPortExitCritical            0x1289    0x2c  Code  Gb  port.o [1]
vPortFree                     0xee1    0x74  Code  Gb  heap_4.o [1]
vPortStartFirstTask          0x18a5          Code  Gb  portasm.o [1]
vPortValidateInterruptPriority
                             0x12dd    0x4e  Code  Gb  port.o [1]
vQueueAddToRegistry          0x1f6f    0x26  Code  Gb  queue.o [1]
vQueueWaitForMessageRestricted
                             0x1f99    0x4c  Code  Gb  queue.o [1]
vTaskBLDC                    0x54e9    0xdc  Code  Lc  main.o [1]
vTaskCOTL                    0x5449    0xa0  Code  Lc  main.o [1]
vTaskDelay                    0x625    0x4e  Code  Gb  tasks.o [1]
vTaskInternalSetTimeOutState
                              0xa51    0x12  Code  Gb  tasks.o [1]
vTaskMissedYield              0xafb     0xa  Code  Gb  tasks.o [1]
vTaskPlaceOnEventList         0x93b    0x34  Code  Gb  tasks.o [1]
vTaskPlaceOnEventListRestricted
                              0x985    0x40  Code  Gb  tasks.o [1]
vTaskStartScheduler           0x673    0x72  Code  Gb  tasks.o [1]
vTaskSuspendAll               0x6e5     0xc  Code  Gb  tasks.o [1]
vTaskSwitchContext            0x8cf    0x6c  Code  Gb  tasks.o [1]
vTaskUSART                   0x531d   0x12c  Code  Lc  main.o [1]
xActiveTimerList1       0x2000'2a68    0x14  Data  Lc  timers.o [1]
xActiveTimerList2       0x2000'2a7c    0x14  Data  Lc  timers.o [1]
xBlockAllocatedBit      0x2000'28c4     0x4  Data  Lc  heap_4.o [1]
xDelayedTaskList1       0x2000'29cc    0x14  Data  Lc  tasks.o [1]
xDelayedTaskList2       0x2000'29e0    0x14  Data  Lc  tasks.o [1]
xFreeBytesRemaining     0x2000'28bc     0x4  Data  Lc  heap_4.o [1]
xHandleTaskDIR          0x2000'28d8     0x4  Data  Lc  main.o [1]
xHandleTaskLED          0x2000'28d4     0x4  Data  Lc  main.o [1]
xHandleTaskUSART        0x2000'28d0     0x4  Data  Lc  main.o [1]
xHeapStructSize              0x7630     0x4  Data  Lc  heap_4.o [1]
xIdleTaskHandle         0x2000'2a60     0x4  Data  Lc  tasks.o [1]
xMinimumEverFreeBytesRemaining
                        0x2000'28c0     0x4  Data  Lc  heap_4.o [1]
xNextTaskUnblockTime    0x2000'2a5c     0x4  Data  Lc  tasks.o [1]
xNumOfOverflows         0x2000'2a54     0x4  Data  Lc  tasks.o [1]
xPendingReadyList       0x2000'29fc    0x14  Data  Lc  tasks.o [1]
xPortStartScheduler          0x1187    0xce  Code  Gb  port.o [1]
xQueue1                 0x2000'28dc     0x4  Data  Lc  main.o [1]
xQueue2                 0x2000'28e0     0x4  Data  Lc  main.o [1]
xQueueGenericCreate          0x1975    0x56  Code  Gb  queue.o [1]
xQueueGenericReset           0x18e1    0x94  Code  Gb  queue.o [1]
xQueueGenericSend            0x1a01   0x1a6  Code  Gb  queue.o [1]
xQueueGenericSendFromISR
                             0x1ba7    0xe0  Code  Gb  queue.o [1]
xQueueReceive                0x1c87   0x16a  Code  Gb  queue.o [1]
xQueueRegistry          0x2000'28fc    0x40  Data  Gb  queue.o [1]
xSchedulerRunning       0x2000'2a48     0x4  Data  Lc  tasks.o [1]
xStart                  0x2000'28b0     0x8  Data  Lc  heap_4.o [1]
xSuspendedTaskList      0x2000'2a28    0x14  Data  Lc  tasks.o [1]
xTaskCheckForTimeOut          0xa6d    0x8e  Code  Gb  tasks.o [1]
xTaskCreate                   0x411    0x74  Code  Gb  tasks.o [1]
xTaskGetSchedulerState        0xbfd    0x20  Code  Gb  tasks.o [1]
xTaskGetTickCount             0x7d5     0x8  Code  Gb  tasks.o [1]
xTaskIncrementTick            0x7dd    0xf2  Code  Gb  tasks.o [1]
xTaskPriorityDisinherit
                              0xc25    0xb2  Code  Gb  tasks.o [1]
xTaskRemoveFromEventList
                              0x9c9    0x82  Code  Gb  tasks.o [1]
xTaskResumeAll                0x6f1    0xe4  Code  Gb  tasks.o [1]
xTasksWaitingTermination
                        0x2000'2a10    0x14  Data  Lc  tasks.o [1]
xTickCount              0x2000'2a40     0x4  Data  Lc  tasks.o [1]
xTimerCreateTimerTask        0x1391    0x46  Code  Gb  timers.o [1]
xTimerGenericCommand         0x13d7    0x82  Code  Gb  timers.o [1]
xTimerQueue             0x2000'2a98     0x4  Data  Lc  timers.o [1]
xTimerTaskHandle        0x2000'2a9c     0x4  Data  Lc  timers.o [1]
xYieldPending           0x2000'2a50     0x4  Data  Lc  tasks.o [1]


[1] = G:\MKV44F256FVH16_Pro\IAR_mkv44f128vlh16_software_folder\freeRTOS_iar_mkv44f128vlh16_soft\iar\debug\obj
[2] = dl7M_tln.a
[3] = m7M_tls.a
[4] = rt7M_tl.a
[5] = shb_l.a

  26 438 bytes of readonly  code memory
   3 830 bytes of readonly  data memory
  11 945 bytes of readwrite data memory

Errors: none
Warnings: none
