###############################################################################
#
# IAR ELF Linker V8.32.1.169/W32 for ARM                  12/Aug/2019  16:30:15
# Copyright 2007-2018 IAR Systems AB.
#
#    Output file  =  
#        G:\MKV44F256FVH16_Pro\IAR_mkv44f128vlh16_software_folder\freeRTOS_iar_mkv44f128vlh16_soft\iar\debug\pwm.out
#    Map file     =  
#        G:\MKV44F256FVH16_Pro\IAR_mkv44f128vlh16_software_folder\freeRTOS_iar_mkv44f128vlh16_soft\iar\debug\list\pwm.map
#    Command line =  
#        -f C:\Users\ADMINI~1\AppData\Local\Temp\EW3885.tmp
#        (G:\MKV44F256FVH16_Pro\IAR_mkv44f128vlh16_software_folder\freeRTOS_iar_mkv44f128vlh16_soft\iar\debug\obj\adc.o
#        G:\MKV44F256FVH16_Pro\IAR_mkv44f128vlh16_software_folder\freeRTOS_iar_mkv44f128vlh16_soft\iar\debug\obj\board.o
#        G:\MKV44F256FVH16_Pro\IAR_mkv44f128vlh16_software_folder\freeRTOS_iar_mkv44f128vlh16_soft\iar\debug\obj\clock_config.o
#        G:\MKV44F256FVH16_Pro\IAR_mkv44f128vlh16_software_folder\freeRTOS_iar_mkv44f128vlh16_soft\iar\debug\obj\event_groups.o
#        G:\MKV44F256FVH16_Pro\IAR_mkv44f128vlh16_software_folder\freeRTOS_iar_mkv44f128vlh16_soft\iar\debug\obj\fsl_aoi.o
#        G:\MKV44F256FVH16_Pro\IAR_mkv44f128vlh16_software_folder\freeRTOS_iar_mkv44f128vlh16_soft\iar\debug\obj\fsl_assert.o
#        G:\MKV44F256FVH16_Pro\IAR_mkv44f128vlh16_software_folder\freeRTOS_iar_mkv44f128vlh16_soft\iar\debug\obj\fsl_cadc.o
#        G:\MKV44F256FVH16_Pro\IAR_mkv44f128vlh16_software_folder\freeRTOS_iar_mkv44f128vlh16_soft\iar\debug\obj\fsl_clock.o
#        G:\MKV44F256FVH16_Pro\IAR_mkv44f128vlh16_software_folder\freeRTOS_iar_mkv44f128vlh16_soft\iar\debug\obj\fsl_cmp.o
#        G:\MKV44F256FVH16_Pro\IAR_mkv44f128vlh16_software_folder\freeRTOS_iar_mkv44f128vlh16_soft\iar\debug\obj\fsl_common.o
#        G:\MKV44F256FVH16_Pro\IAR_mkv44f128vlh16_software_folder\freeRTOS_iar_mkv44f128vlh16_soft\iar\debug\obj\fsl_crc.o
#        G:\MKV44F256FVH16_Pro\IAR_mkv44f128vlh16_software_folder\freeRTOS_iar_mkv44f128vlh16_soft\iar\debug\obj\fsl_dac.o
#        G:\MKV44F256FVH16_Pro\IAR_mkv44f128vlh16_software_folder\freeRTOS_iar_mkv44f128vlh16_soft\iar\debug\obj\fsl_debug_console.o
#        G:\MKV44F256FVH16_Pro\IAR_mkv44f128vlh16_software_folder\freeRTOS_iar_mkv44f128vlh16_soft\iar\debug\obj\fsl_dmamux.o
#        G:\MKV44F256FVH16_Pro\IAR_mkv44f128vlh16_software_folder\freeRTOS_iar_mkv44f128vlh16_soft\iar\debug\obj\fsl_dspi.o
#        G:\MKV44F256FVH16_Pro\IAR_mkv44f128vlh16_software_folder\freeRTOS_iar_mkv44f128vlh16_soft\iar\debug\obj\fsl_dspi_edma.o
#        G:\MKV44F256FVH16_Pro\IAR_mkv44f128vlh16_software_folder\freeRTOS_iar_mkv44f128vlh16_soft\iar\debug\obj\fsl_edma.o
#        G:\MKV44F256FVH16_Pro\IAR_mkv44f128vlh16_software_folder\freeRTOS_iar_mkv44f128vlh16_soft\iar\debug\obj\fsl_enc.o
#        G:\MKV44F256FVH16_Pro\IAR_mkv44f128vlh16_software_folder\freeRTOS_iar_mkv44f128vlh16_soft\iar\debug\obj\fsl_ewm.o
#        G:\MKV44F256FVH16_Pro\IAR_mkv44f128vlh16_software_folder\freeRTOS_iar_mkv44f128vlh16_soft\iar\debug\obj\fsl_flexcan.o
#        G:\MKV44F256FVH16_Pro\IAR_mkv44f128vlh16_software_folder\freeRTOS_iar_mkv44f128vlh16_soft\iar\debug\obj\fsl_flexcan_edma.o
#        G:\MKV44F256FVH16_Pro\IAR_mkv44f128vlh16_software_folder\freeRTOS_iar_mkv44f128vlh16_soft\iar\debug\obj\fsl_ftfx_cache.o
#        G:\MKV44F256FVH16_Pro\IAR_mkv44f128vlh16_software_folder\freeRTOS_iar_mkv44f128vlh16_soft\iar\debug\obj\fsl_ftfx_controller.o
#        G:\MKV44F256FVH16_Pro\IAR_mkv44f128vlh16_software_folder\freeRTOS_iar_mkv44f128vlh16_soft\iar\debug\obj\fsl_ftfx_flash.o
#        G:\MKV44F256FVH16_Pro\IAR_mkv44f128vlh16_software_folder\freeRTOS_iar_mkv44f128vlh16_soft\iar\debug\obj\fsl_ftfx_flexnvm.o
#        G:\MKV44F256FVH16_Pro\IAR_mkv44f128vlh16_software_folder\freeRTOS_iar_mkv44f128vlh16_soft\iar\debug\obj\fsl_gpio.o
#        G:\MKV44F256FVH16_Pro\IAR_mkv44f128vlh16_software_folder\freeRTOS_iar_mkv44f128vlh16_soft\iar\debug\obj\fsl_i2c.o
#        G:\MKV44F256FVH16_Pro\IAR_mkv44f128vlh16_software_folder\freeRTOS_iar_mkv44f128vlh16_soft\iar\debug\obj\fsl_i2c_edma.o
#        G:\MKV44F256FVH16_Pro\IAR_mkv44f128vlh16_software_folder\freeRTOS_iar_mkv44f128vlh16_soft\iar\debug\obj\fsl_llwu.o
#        G:\MKV44F256FVH16_Pro\IAR_mkv44f128vlh16_software_folder\freeRTOS_iar_mkv44f128vlh16_soft\iar\debug\obj\fsl_lptmr.o
#        G:\MKV44F256FVH16_Pro\IAR_mkv44f128vlh16_software_folder\freeRTOS_iar_mkv44f128vlh16_soft\iar\debug\obj\fsl_pdb.o
#        G:\MKV44F256FVH16_Pro\IAR_mkv44f128vlh16_software_folder\freeRTOS_iar_mkv44f128vlh16_soft\iar\debug\obj\fsl_pit.o
#        G:\MKV44F256FVH16_Pro\IAR_mkv44f128vlh16_software_folder\freeRTOS_iar_mkv44f128vlh16_soft\iar\debug\obj\fsl_pmc.o
#        G:\MKV44F256FVH16_Pro\IAR_mkv44f128vlh16_software_folder\freeRTOS_iar_mkv44f128vlh16_soft\iar\debug\obj\fsl_pwm.o
#        G:\MKV44F256FVH16_Pro\IAR_mkv44f128vlh16_software_folder\freeRTOS_iar_mkv44f128vlh16_soft\iar\debug\obj\fsl_rcm.o
#        G:\MKV44F256FVH16_Pro\IAR_mkv44f128vlh16_software_folder\freeRTOS_iar_mkv44f128vlh16_soft\iar\debug\obj\fsl_sim.o
#        G:\MKV44F256FVH16_Pro\IAR_mkv44f128vlh16_software_folder\freeRTOS_iar_mkv44f128vlh16_soft\iar\debug\obj\fsl_smc.o
#        G:\MKV44F256FVH16_Pro\IAR_mkv44f128vlh16_software_folder\freeRTOS_iar_mkv44f128vlh16_soft\iar\debug\obj\fsl_str.o
#        G:\MKV44F256FVH16_Pro\IAR_mkv44f128vlh16_software_folder\freeRTOS_iar_mkv44f128vlh16_soft\iar\debug\obj\fsl_uart.o
#        G:\MKV44F256FVH16_Pro\IAR_mkv44f128vlh16_software_folder\freeRTOS_iar_mkv44f128vlh16_soft\iar\debug\obj\fsl_uart_edma.o
#        G:\MKV44F256FVH16_Pro\IAR_mkv44f128vlh16_software_folder\freeRTOS_iar_mkv44f128vlh16_soft\iar\debug\obj\fsl_wdog.o
#        G:\MKV44F256FVH16_Pro\IAR_mkv44f128vlh16_software_folder\freeRTOS_iar_mkv44f128vlh16_soft\iar\debug\obj\fsl_xbara.o
#        G:\MKV44F256FVH16_Pro\IAR_mkv44f128vlh16_software_folder\freeRTOS_iar_mkv44f128vlh16_soft\iar\debug\obj\fsl_xbarb.o
#        G:\MKV44F256FVH16_Pro\IAR_mkv44f128vlh16_software_folder\freeRTOS_iar_mkv44f128vlh16_soft\iar\debug\obj\heap_4.o
#        G:\MKV44F256FVH16_Pro\IAR_mkv44f128vlh16_software_folder\freeRTOS_iar_mkv44f128vlh16_soft\iar\debug\obj\key.o
#        G:\MKV44F256FVH16_Pro\IAR_mkv44f128vlh16_software_folder\freeRTOS_iar_mkv44f128vlh16_soft\iar\debug\obj\led.o
#        G:\MKV44F256FVH16_Pro\IAR_mkv44f128vlh16_software_folder\freeRTOS_iar_mkv44f128vlh16_soft\iar\debug\obj\list.o
#        G:\MKV44F256FVH16_Pro\IAR_mkv44f128vlh16_software_folder\freeRTOS_iar_mkv44f128vlh16_soft\iar\debug\obj\main.o
#        G:\MKV44F256FVH16_Pro\IAR_mkv44f128vlh16_software_folder\freeRTOS_iar_mkv44f128vlh16_soft\iar\debug\obj\pin_mux.o
#        G:\MKV44F256FVH16_Pro\IAR_mkv44f128vlh16_software_folder\freeRTOS_iar_mkv44f128vlh16_soft\iar\debug\obj\pollingusart.o
#        G:\MKV44F256FVH16_Pro\IAR_mkv44f128vlh16_software_folder\freeRTOS_iar_mkv44f128vlh16_soft\iar\debug\obj\port.o
#        G:\MKV44F256FVH16_Pro\IAR_mkv44f128vlh16_software_folder\freeRTOS_iar_mkv44f128vlh16_soft\iar\debug\obj\portasm.o
#        G:\MKV44F256FVH16_Pro\IAR_mkv44f128vlh16_software_folder\freeRTOS_iar_mkv44f128vlh16_soft\iar\debug\obj\pwm.o
#        G:\MKV44F256FVH16_Pro\IAR_mkv44f128vlh16_software_folder\freeRTOS_iar_mkv44f128vlh16_soft\iar\debug\obj\queue.o
#        G:\MKV44F256FVH16_Pro\IAR_mkv44f128vlh16_software_folder\freeRTOS_iar_mkv44f128vlh16_soft\iar\debug\obj\serial_manager.o
#        G:\MKV44F256FVH16_Pro\IAR_mkv44f128vlh16_software_folder\freeRTOS_iar_mkv44f128vlh16_soft\iar\debug\obj\serial_port_uart.o
#        G:\MKV44F256FVH16_Pro\IAR_mkv44f128vlh16_software_folder\freeRTOS_iar_mkv44f128vlh16_soft\iar\debug\obj\startup_MKV46F16.o
#        G:\MKV44F256FVH16_Pro\IAR_mkv44f128vlh16_software_folder\freeRTOS_iar_mkv44f128vlh16_soft\iar\debug\obj\stream_buffer.o
#        G:\MKV44F256FVH16_Pro\IAR_mkv44f128vlh16_software_folder\freeRTOS_iar_mkv44f128vlh16_soft\iar\debug\obj\system_MKV46F16.o
#        G:\MKV44F256FVH16_Pro\IAR_mkv44f128vlh16_software_folder\freeRTOS_iar_mkv44f128vlh16_soft\iar\debug\obj\tasks.o
#        G:\MKV44F256FVH16_Pro\IAR_mkv44f128vlh16_software_folder\freeRTOS_iar_mkv44f128vlh16_soft\iar\debug\obj\timers.o
#        G:\MKV44F256FVH16_Pro\IAR_mkv44f128vlh16_software_folder\freeRTOS_iar_mkv44f128vlh16_soft\iar\debug\obj\uart_adapter.o
#        --redirect _Printf=_PrintfSmallNoMb --redirect _Scanf=_ScanfSmallNoMb
#        --no_out_extension -o
#        G:\MKV44F256FVH16_Pro\IAR_mkv44f128vlh16_software_folder\freeRTOS_iar_mkv44f128vlh16_soft\iar\debug\pwm.out
#        --map
#        G:\MKV44F256FVH16_Pro\IAR_mkv44f128vlh16_software_folder\freeRTOS_iar_mkv44f128vlh16_soft\iar\debug\list\pwm.map
#        --config
#        G:\MKV44F256FVH16_Pro\IAR_mkv44f128vlh16_software_folder\freeRTOS_iar_mkv44f128vlh16_soft\iar/MKV46F256xxx16_flash.icf
#        --semihosting --entry __iar_program_start --vfe --text_out locale)
#
###############################################################################

*******************************************************************************
*** RUNTIME MODEL ATTRIBUTES
***

CppFlavor       = *
__Heap_Handler  = DLMalloc
__SystemLibrary = DLib
__dlib_version  = 6


*******************************************************************************
*** HEAP SELECTION
***

The advanced heap was selected because the application calls memory
allocation functions outside of system library functions, and there
are calls to deallocation functions in the application.


*******************************************************************************
*** PLACEMENT SUMMARY
***

"A0":  place at 0x0 { ro section .intvec };
"P1":  place in [from 0x400 to 0x40f] { section FlashConfig };
"P2":  place in [from 0x0 to 0x3ff] |
                [from 0x410 to 0x1'ffff] { ro };
define block RW { rw };
"P3":  place in [from 0x1fff'e000 to 0x1fff'ffff] |
                [from 0x2000'0000 to 0x2000'3bff] { block RW };
define block ZI { zi };
"P4":  place in [from 0x1fff'e000 to 0x1fff'ffff] |
                [from 0x2000'0000 to 0x2000'3bff] { block ZI };
define block CSTACK with size = 1K, alignment = 8 { };
"P6":  place in [from 0x2000'3c00 to 0x2000'3fff] { block CSTACK };
initialize by copy { rw, section .textrw };

  Section            Kind         Address    Size  Object
  -------            ----         -------    ----  ------
"A0":                                       0x400
  .intvec            ro code          0x0   0x400  startup_MKV46F16.o [1]
                                  - 0x400   0x400

"P1":                                        0x10
  FlashConfig        ro code        0x400    0x10  startup_MKV46F16.o [1]
                                  - 0x410    0x10

"P2":                                      0x7148
  .text              ro code        0x410   0x9b0  tasks.o [1]
  .text              ro code        0xdc0   0x274  heap_4.o [1]
  .text              ro code       0x1034    0x66  ABImemset.o [4]
  .text              ro code       0x109a    0x9a  list.o [1]
  .text              ro code       0x1134   0x25c  port.o [1]
  .text              ro code       0x1390   0x4a0  timers.o [1]
  CODE               ro code       0x1830    0xb0  portasm.o [1]
  .text              ro code       0x18e0   0x704  queue.o [1]
  .text              ro code       0x1fe4    0xa6  ABImemcpy.o [4]
  .text              ro code       0x208a    0x3a  zero_init3.o [4]
  .text              ro code       0x20c4   0x9a0  fsl_pwm.o [1]
  .text              ro code       0x2a64    0x1c  fsl_assert.o [1]
  .text              ro code       0x2a80   0x20a  fsl_debug_console.o [1]
  .text              ro code       0x2c8a     0x2  startup_MKV46F16.o [1]
  .text              ro code       0x2c8c   0x1fc  serial_manager.o [1]
  .text              ro code       0x2e88     0x6  ABImemclr4.o [4]
  .text              ro code       0x2e8e   0x310  fsl_str.o [1]
  .text              ro code       0x319e     0x2  startup_MKV46F16.o [1]
  .text              ro code       0x31a0    0xd4  serial_port_uart.o [1]
  .text              ro code       0x3274    0x32  ABImemset48.o [4]
  .text              ro code       0x32a6     0x2  startup_MKV46F16.o [1]
  .text              ro code       0x32a8    0x36  strlen.o [4]
  .text              ro code       0x32de     0x2  startup_MKV46F16.o [1]
  .text              ro code       0x32e0   0x178  uart_adapter.o [1]
  .text              ro code       0x3458   0x388  fsl_uart.o [1]
  .text              ro code       0x37e0   0x654  fsl_cadc.o [1]
  .text              ro code       0x3e34   0x624  fsl_clock.o [1]
  .text              ro code       0x4458   0x5c0  pwm.o [1]
  .text              ro code       0x4a18   0x2cc  fsl_gpio.o [1]
  .text              ro code       0x4ce4    0xb0  fsl_xbara.o [1]
  .text              ro code       0x4d94   0x230  I64DivMod.o [4]
  .text              ro code       0x4fc4     0x2  I64DivZer.o [4]
  .text              ro code       0x4fc6     0x2  startup_MKV46F16.o [1]
  .text              ro code       0x4fc8   0x4d0  xprintfsmall_nomb.o [2]
  .text              ro code       0x5498    0x16  strchr.o [4]
  .text              ro code       0x54ae     0x2  startup_MKV46F16.o [1]
  .text              ro code       0x54b0    0x40  xfail_s.o [2]
  .text              ro code       0x54f0    0x58  memchr.o [4]
  .text              ro code       0x5548     0x6  abort.o [2]
  .text              ro code       0x5550    0x14  exit.o [5]
  .text              ro code       0x5564   0x4c0  main.o [1]
  .text              ro code       0x5a24    0xb8  pin_mux.o [1]
  .text              ro code       0x5adc   0x106  clock_config.o [1]
  .text              ro code       0x5be2    0x18  board.o [1]
  .text              ro code       0x5bfa    0x18  led.o [1]
  .text              ro code       0x5c14   0x1d8  key.o [1]
  .text              ro code       0x5dec    0xf4  adc.o [1]
  .text              ro code       0x5ee0    0x40  pollingusart.o [1]
  .text              ro code       0x5f20    0x28  printf.o [2]
  .text              ro code       0x5f48   0x214  fsl_edma.o [1]
  .rodata            const         0x615c    0x88  fsl_debug_console.o [1]
  .rodata            const         0x61e4    0x88  fsl_uart.o [1]
  .rodata            const         0x626c    0x88  fsl_uart.o [1]
  .rodata            const         0x62f4    0x88  serial_manager.o [1]
  .rodata            const         0x637c    0x88  serial_port_uart.o [1]
  .rodata            const         0x6404    0x7c  uart_adapter.o [1]
  .text              ro code       0x6480    0x7c  fsl_dspi.o [1]
  Initializer bytes  const         0x64fc    0x7c  <for RW-1>
  .rodata            const         0x6578    0x74  fsl_cadc.o [1]
  .rodata            const         0x65ec    0x74  fsl_clock.o [1]
  .rodata            const         0x6660    0x74  fsl_dspi.o [1]
  .rodata            const         0x66d4    0x74  fsl_edma.o [1]
  .rodata            const         0x6748    0x74  fsl_flexcan.o [1]
  .rodata            const         0x67bc    0x74  fsl_uart.o [1]
  .rodata            const         0x6830    0x74  fsl_xbara.o [1]
  .text              ro code       0x68a4    0x74  fsl_flexcan.o [1]
  .rodata            const         0x6918    0x70  fsl_pwm.o [1]
  .text              ro code       0x6988    0x58  fsl_i2c.o [1]
  .rodata            const         0x69e0    0x48  uart_adapter.o [1]
  .rodata            const         0x6a28    0x40  fsl_xbara.o [1]
  .rodata            const         0x6a68    0x3c  fsl_cadc.o [1]
  .rodata            const         0x6aa4    0x3c  fsl_pwm.o [1]
  .rodata            const         0x6ae0    0x3c  main.o [1]
  .rodata            const         0x6b1c    0x3c  main.o [1]
  .rodata            const         0x6b58    0x3c  main.o [1]
  .text              ro code       0x6b94    0x36  system_MKV46F16.o [1]
  .rodata            const         0x6bcc    0x34  main.o [1]
  .rodata            const         0x6c00    0x30  adc.o [1]
  .rodata            const         0x6c30    0x30  main.o [1]
  .rodata            const         0x6c60    0x2c  fsl_assert.o [1]
  .rodata            const         0x6c8c    0x2c  main.o [1]
  .rodata            const         0x6cb8    0x2c  main.o [1]
  .rodata            const         0x6ce4    0x2c  main.o [1]
  .rodata            const         0x6d10    0x2c  main.o [1]
  .rodata            const         0x6d3c    0x2c  main.o [1]
  .rodata            const         0x6d68    0x2c  main.o [1]
  .rodata            const         0x6d94    0x2c  main.o [1]
  .rodata            const         0x6dc0    0x2c  main.o [1]
  .rodata            const         0x6dec    0x2c  main.o [1]
  .text              ro code       0x6e18    0x2c  copy_init3.o [4]
  .rodata            const         0x6e44    0x28  adc.o [1]
  .rodata            const         0x6e6c    0x28  fsl_debug_console.o [1]
  .text              ro code       0x6e94    0x28  startup_MKV46F16.o [1]
  .text              ro code       0x6ebc    0x28  data_init.o [4]
  .rodata            const         0x6ee4    0x24  main.o [1]
  .rodata            const         0x6f08    0x24  main.o [1]
  .rodata            const         0x6f2c    0x24  main.o [1]
  .rodata            const         0x6f50    0x24  uart_adapter.o [1]
  .text              ro code       0x6f74    0x22  fpinit_M.o [3]
  .iar.init_table    const         0x6f98    0x24  - Linker created -
  .text              ro code       0x6fbc    0x20  putchar.o [2]
  .text              ro code       0x6fdc    0x1e  cmain.o [4]
  .text              ro code       0x6ffa     0x4  low_level_init.o [2]
  .text              ro code       0x6ffe     0x4  exit.o [2]
  .text              ro code       0x7004     0xa  cexit.o [4]
  .rodata            const         0x7010    0x1c  fsl_uart.o [1]
  .rodata            const         0x702c    0x1c  pwm.o [1]
  .rodata            const         0x7048    0x1c  pwm.o [1]
  .rodata            const         0x7064    0x18  fsl_dspi.o [1]
  .rodata            const         0x707c    0x18  fsl_flexcan.o [1]
  .rodata            const         0x7094    0x18  fsl_flexcan.o [1]
  .rodata            const         0x70ac    0x18  fsl_pwm.o [1]
  .rodata            const         0x70c4    0x18  fsl_uart.o [1]
  .rodata            const         0x70dc    0x18  main.o [1]
  .rodata            const         0x70f4    0x18  main.o [1]
  .rodata            const         0x710c    0x18  main.o [1]
  .rodata            const         0x7124    0x18  pwm.o [1]
  .text              ro code       0x713c    0x16  xprout.o [2]
  .rodata            const         0x7154    0x14  fsl_cadc.o [1]
  .rodata            const         0x7168    0x14  fsl_clock.o [1]
  .rodata            const         0x717c    0x14  fsl_gpio.o [1]
  .rodata            const         0x7190    0x14  fsl_gpio.o [1]
  .rodata            const         0x71a4    0x14  fsl_gpio.o [1]
  .rodata            const         0x71b8    0x10  fsl_cadc.o [1]
  .rodata            const         0x71c8    0x10  fsl_clock.o [1]
  .rodata            const         0x71d8    0x10  fsl_debug_console.o [1]
  .rodata            const         0x71e8    0x10  fsl_pwm.o [1]
  .rodata            const         0x71f8    0x10  fsl_pwm.o [1]
  .rodata            const         0x7208    0x10  main.o [1]
  .rodata            const         0x7218    0x10  pwm.o [1]
  .rodata            const         0x7228    0x10  pwm.o [1]
  .rodata            const         0x7238    0x10  pwm.o [1]
  .rodata            const         0x7248    0x10  serial_manager.o [1]
  .rodata            const         0x7258    0x10  serial_port_uart.o [1]
  .rodata            const         0x7268    0x10  serial_port_uart.o [1]
  .rodata            const         0x7278     0xc  clock_config.o [1]
  .rodata            const         0x7284     0xc  fsl_cadc.o [1]
  .rodata            const         0x7290     0xc  fsl_clock.o [1]
  .rodata            const         0x729c     0xc  fsl_clock.o [1]
  .rodata            const         0x72a8     0xc  fsl_debug_console.o [1]
  .rodata            const         0x72b4     0xc  fsl_edma.o [1]
  .rodata            const         0x72c0     0xc  fsl_pwm.o [1]
  .rodata            const         0x72cc     0xc  fsl_pwm.o [1]
  .rodata            const         0x72d8     0xc  fsl_pwm.o [1]
  .rodata            const         0x72e4     0xc  fsl_pwm.o [1]
  .rodata            const         0x72f0     0xc  main.o [1]
  .rodata            const         0x72fc     0xc  main.o [1]
  .rodata            const         0x7308     0xc  main.o [1]
  .rodata            const         0x7314     0xc  main.o [1]
  .rodata            const         0x7320     0xc  main.o [1]
  .rodata            const         0x732c     0xc  main.o [1]
  .rodata            const         0x7338     0xc  pwm.o [1]
  .rodata            const         0x7344     0xc  serial_manager.o [1]
  .rodata            const         0x7350     0xc  serial_manager.o [1]
  .text              ro code       0x735c     0xc  cstartup_M.o [4]
  .rodata            const         0x7368     0x8  clock_config.o [1]
  .rodata            const         0x7370     0x8  clock_config.o [1]
  .rodata            const         0x7378     0x8  fsl_clock.o [1]
  .rodata            const         0x7380     0x8  fsl_debug_console.o [1]
  .rodata            const         0x7388     0x8  fsl_pwm.o [1]
  .rodata            const         0x7390     0x8  fsl_uart.o [1]
  .rodata            const         0x7398     0x8  fsl_uart.o [1]
  .rodata            const         0x73a0     0x8  fsl_uart.o [1]
  .rodata            const         0x73a8     0x8  fsl_uart.o [1]
  .rodata            const         0x73b0     0x8  serial_manager.o [1]
  .rodata            const         0x73b8     0x8  serial_manager.o [1]
  .rodata            const         0x73c0     0x8  serial_manager.o [1]
  .rodata            const         0x73c8     0x8  serial_manager.o [1]
  .rodata            const         0x73d0     0x8  serial_port_uart.o [1]
  .rodata            const         0x73d8     0x8  serial_port_uart.o [1]
  .rodata            const         0x73e0     0x8  tasks.o [1]
  .rodata            const         0x73e8     0x8  timers.o [1]
  .rodata            const         0x73f0     0x8  timers.o [1]
  .rodata            const         0x73f8     0x8  uart_adapter.o [1]
  .rodata            const         0x7400     0x8  uart_adapter.o [1]
  .rodata            const         0x7408     0x8  uart_adapter.o [1]
  .rodata            const         0x7410     0x8  uart_adapter.o [1]
  .rodata            const         0x7418     0x8  uart_adapter.o [1]
  .text              ro code       0x7420     0x8  startup_MKV46F16.o [1]
  .text              ro code       0x7428     0x8  startup_MKV46F16.o [1]
  .text              ro code       0x7430     0x8  startup_MKV46F16.o [1]
  .text              ro code       0x7438     0x8  startup_MKV46F16.o [1]
  .text              ro code       0x7440     0x8  startup_MKV46F16.o [1]
  .text              ro code       0x7448     0x8  startup_MKV46F16.o [1]
  .text              ro code       0x7450     0x8  startup_MKV46F16.o [1]
  .text              ro code       0x7458     0x8  startup_MKV46F16.o [1]
  .text              ro code       0x7460     0x8  startup_MKV46F16.o [1]
  .text              ro code       0x7468     0x8  startup_MKV46F16.o [1]
  .text              ro code       0x7470     0x8  startup_MKV46F16.o [1]
  .text              ro code       0x7478     0x8  startup_MKV46F16.o [1]
  .text              ro code       0x7480     0x8  startup_MKV46F16.o [1]
  .text              ro code       0x7488     0x8  startup_MKV46F16.o [1]
  .text              ro code       0x7490     0x8  startup_MKV46F16.o [1]
  .text              ro code       0x7498     0x8  startup_MKV46F16.o [1]
  .text              ro code       0x74a0     0x8  startup_MKV46F16.o [1]
  .text              ro code       0x74a8     0x8  startup_MKV46F16.o [1]
  .text              ro code       0x74b0     0x8  startup_MKV46F16.o [1]
  .text              ro code       0x74b8     0x8  startup_MKV46F16.o [1]
  .text              ro code       0x74c0     0x8  startup_MKV46F16.o [1]
  .text              ro code       0x74c8     0x8  startup_MKV46F16.o [1]
  .text              ro code       0x74d0     0x8  startup_MKV46F16.o [1]
  .text              ro code       0x74d8     0x8  startup_MKV46F16.o [1]
  .text              ro code       0x74e0     0x8  startup_MKV46F16.o [1]
  .text              ro code       0x74e8     0x8  startup_MKV46F16.o [1]
  .text              ro code       0x74f0     0x8  startup_MKV46F16.o [1]
  .text              ro code       0x74f8     0x8  startup_MKV46F16.o [1]
  .text              ro code       0x7500     0x8  startup_MKV46F16.o [1]
  .text              ro code       0x7508     0x8  startup_MKV46F16.o [1]
  .text              ro code       0x7510     0x8  startup_MKV46F16.o [1]
  .text              ro code       0x7518     0x8  startup_MKV46F16.o [1]
  .text              ro code       0x7520     0x8  startup_MKV46F16.o [1]
  .text              ro code       0x7528     0x8  startup_MKV46F16.o [1]
  .text              ro code       0x7530     0x8  startup_MKV46F16.o [1]
  .rodata            const         0x7538     0x4  fsl_cadc.o [1]
  .rodata            const         0x753c     0x4  fsl_cadc.o [1]
  .rodata            const         0x7540     0x4  fsl_pwm.o [1]
  .rodata            const         0x7544     0x4  fsl_xbara.o [1]
  .rodata            const         0x7548     0x4  fsl_xbara.o [1]
  .rodata            const         0x754c     0x4  heap_4.o [1]
  .rodata            const         0x7550     0x4  port.o [1]
  .text              ro code       0x7554     0x4  startup_MKV46F16.o [1]
  .rodata            const         0x7558     0x0  zero_init3.o [4]
  .rodata            const         0x7558     0x0  copy_init3.o [4]
                                 - 0x7558  0x7148

"P3-P4", part 1 of 2:                        0x7c
  RW                          0x2000'0000    0x7c  <Block>
    RW-1                      0x2000'0000    0x79  <Init block>
      .data          inited   0x2000'0000     0x4  fsl_clock.o [1]
      .data          inited   0x2000'0004     0x4  fsl_clock.o [1]
      .data          inited   0x2000'0008    0x44  pollingusart.o [1]
      .data          inited   0x2000'004c     0x4  port.o [1]
      .data          inited   0x2000'0050    0x20  pwm.o [1]
      .data          inited   0x2000'0070     0x4  pwm.o [1]
      .data          inited   0x2000'0074     0x4  system_MKV46F16.o [1]
      .data          inited   0x2000'0078     0x1  key.o [1]
                            - 0x2000'007c    0x7c

"P3-P4", part 2 of 2:                      0x2a94
  ZI                          0x2000'007c  0x2a94  <Block>
    .bss             zero     0x2000'007c     0x4  fsl_clock.o [1]
    .bss             zero     0x2000'0080    0x1c  fsl_debug_console.o [1]
    .bss             zero     0x2000'009c     0x4  fsl_debug_console.o [1]
    .bss             zero     0x2000'00a0     0x4  fsl_dspi.o [1]
    .bss             zero     0x2000'00a4     0x4  fsl_dspi.o [1]
    .bss             zero     0x2000'00a8     0x4  fsl_dspi.o [1]
    .bss             zero     0x2000'00ac    0x40  fsl_edma.o [1]
    .bss             zero     0x2000'00ec     0x8  fsl_flexcan.o [1]
    .bss             zero     0x2000'00f4     0x4  fsl_flexcan.o [1]
    .bss             zero     0x2000'00f8     0x4  fsl_i2c.o [1]
    .bss             zero     0x2000'00fc     0x4  fsl_i2c.o [1]
    .bss             zero     0x2000'0100     0x4  fsl_i2c.o [1]
    .bss             zero     0x2000'0104     0x8  fsl_uart.o [1]
    .bss             zero     0x2000'010c     0x4  fsl_uart.o [1]
    .bss             zero     0x2000'0110  0x2800  heap_4.o [1]
    .bss             zero     0x2000'2910     0x8  heap_4.o [1]
    .bss             zero     0x2000'2918     0x4  heap_4.o [1]
    .bss             zero     0x2000'291c     0x4  heap_4.o [1]
    .bss             zero     0x2000'2920     0x4  heap_4.o [1]
    .bss             zero     0x2000'2924     0x4  heap_4.o [1]
    .bss             zero     0x2000'2928     0x4  main.o [1]
    .bss             zero     0x2000'292c     0x4  main.o [1]
    .bss             zero     0x2000'2930     0x4  main.o [1]
    .bss             zero     0x2000'2934     0x4  main.o [1]
    .bss             zero     0x2000'2938     0x4  main.o [1]
    .bss             zero     0x2000'293c     0x4  main.o [1]
    .bss             zero     0x2000'2940     0x4  main.o [1]
    .bss             zero     0x2000'2944     0x4  main.o [1]
    .bss             zero     0x2000'2948     0x4  main.o [1]
    .bss             zero     0x2000'294c     0x8  main.o [1]
    .bss             zero     0x2000'2954     0x4  port.o [1]
    .bss             zero     0x2000'2958     0x4  pwm.o [1]
    .bss             zero     0x2000'295c     0x4  pwm.o [1]
    .bss             zero     0x2000'2960    0x40  queue.o [1]
    .bss             zero     0x2000'29a0     0x4  tasks.o [1]
    .bss             zero     0x2000'29a4    0x8c  tasks.o [1]
    .bss             zero     0x2000'2a30    0x14  tasks.o [1]
    .bss             zero     0x2000'2a44    0x14  tasks.o [1]
    .bss             zero     0x2000'2a58     0x4  tasks.o [1]
    .bss             zero     0x2000'2a5c     0x4  tasks.o [1]
    .bss             zero     0x2000'2a60    0x14  tasks.o [1]
    .bss             zero     0x2000'2a74    0x14  tasks.o [1]
    .bss             zero     0x2000'2a88     0x4  tasks.o [1]
    .bss             zero     0x2000'2a8c    0x14  tasks.o [1]
    .bss             zero     0x2000'2aa0     0x4  tasks.o [1]
    .bss             zero     0x2000'2aa4     0x4  tasks.o [1]
    .bss             zero     0x2000'2aa8     0x4  tasks.o [1]
    .bss             zero     0x2000'2aac     0x4  tasks.o [1]
    .bss             zero     0x2000'2ab0     0x4  tasks.o [1]
    .bss             zero     0x2000'2ab4     0x4  tasks.o [1]
    .bss             zero     0x2000'2ab8     0x4  tasks.o [1]
    .bss             zero     0x2000'2abc     0x4  tasks.o [1]
    .bss             zero     0x2000'2ac0     0x4  tasks.o [1]
    .bss             zero     0x2000'2ac4     0x4  tasks.o [1]
    .bss             zero     0x2000'2ac8     0x4  tasks.o [1]
    .bss             zero     0x2000'2acc    0x14  timers.o [1]
    .bss             zero     0x2000'2ae0    0x14  timers.o [1]
    .bss             zero     0x2000'2af4     0x4  timers.o [1]
    .bss             zero     0x2000'2af8     0x4  timers.o [1]
    .bss             zero     0x2000'2afc     0x4  timers.o [1]
    .bss             zero     0x2000'2b00     0x4  timers.o [1]
    .bss             zero     0x2000'2b04     0x4  timers.o [1]
    .bss             zero     0x2000'2b08     0x4  xfail_s.o [2]
    .bss             zero     0x2000'2b0c     0x1  port.o [1]
                            - 0x2000'2b10  0x2a94

"P6":                                       0x400
  CSTACK                      0x2000'3c00   0x400  <Block>
    CSTACK           uninit   0x2000'3c00   0x400  <Block tail>
                            - 0x2000'4000   0x400

Unused ranges:

         From           To      Size
         ----           --      ----
       0x7558     0x1'ffff  0x1'8aa8
  0x1fff'e000  0x1fff'ffff    0x2000
  0x2000'2b10  0x2000'3bff    0x10f0


*******************************************************************************
*** INIT TABLE
***

          Address      Size
          -------      ----
Zero (__iar_zero_init3)
    1 destination range, total size 0x2a91:
          0x2000'007c  0x2a91

Copy (__iar_copy_init3)
    1 source range, total size 0x7c (102% of destination):
               0x64fc    0x7c
    1 destination range, total size 0x79:
          0x2000'0000    0x79



*******************************************************************************
*** MODULE SUMMARY
***

    Module               ro code  ro data  rw data
    ------               -------  -------  -------
command line/config:
    ----------------------------------------------
    Total:

G:\MKV44F256FVH16_Pro\IAR_mkv44f128vlh16_software_folder\freeRTOS_iar_mkv44f128vlh16_soft\iar\debug\obj: [1]
    adc.o                    244       88
    board.o                   24
    clock_config.o           262       28
    fsl_assert.o              28       44
    fsl_cadc.o             1 620      232
    fsl_clock.o            1 572      192       12
    fsl_debug_console.o      522      212       32
    fsl_dspi.o               124      140       12
    fsl_edma.o               532      128       64
    fsl_flexcan.o            116      164       12
    fsl_gpio.o               716       60
    fsl_i2c.o                 88                12
    fsl_pwm.o              2 464      288
    fsl_str.o                784
    fsl_uart.o               904      472       12
    fsl_xbara.o              176      188
    heap_4.o                 628        4   10 264
    key.o                    472        1        1
    led.o                     24
    list.o                   154
    main.o                 1 216      944       44
    pin_mux.o                184
    pollingusart.o            64       68       68
    port.o                   604        8        9
    portasm.o                176
    pwm.o                  1 472      176       44
    queue.o                1 796                64
    serial_manager.o         508      208
    serial_port_uart.o       212      184
    startup_MKV46F16.o     1 376
    system_MKV46F16.o         54        4        4
    tasks.o                2 480        8      300
    timers.o               1 184       16       60
    uart_adapter.o           376      272
    ----------------------------------------------
    Total:                23 156    4 129   11 014

dl7M_tln.a: [2]
    abort.o                    6
    exit.o                     4
    low_level_init.o           4
    printf.o                  40
    putchar.o                 32
    xfail_s.o                 64                 4
    xprintfsmall_nomb.o    1 232
    xprout.o                  22
    ----------------------------------------------
    Total:                 1 404                 4

m7M_tls.a: [3]
    fpinit_M.o                34
    ----------------------------------------------
    Total:                    34

rt7M_tl.a: [4]
    ABImemclr4.o               6
    ABImemcpy.o              166
    ABImemset.o              102
    ABImemset48.o             50
    I64DivMod.o              560
    I64DivZer.o                2
    cexit.o                   10
    cmain.o                   30
    copy_init3.o              44
    cstartup_M.o              12
    data_init.o               40
    memchr.o                  88
    strchr.o                  22
    strlen.o                  54
    zero_init3.o              58
    ----------------------------------------------
    Total:                 1 244

shb_l.a: [5]
    exit.o                    20
    ----------------------------------------------
    Total:                    20

    Gaps                       6        8
    Linker created                     39    1 024
--------------------------------------------------
    Grand Total:          25 864    4 176   12 042


*******************************************************************************
*** ENTRY LIST
***

Entry                       Address    Size  Type      Object
-----                       -------    ----  ----      ------
.iar.init_table$$Base        0x6f98           --   Gb  - Linker created -
.iar.init_table$$Limit       0x6fbc           --   Gb  - Linker created -
?main                        0x6fdd          Code  Gb  cmain.o [4]
ADC_CADC_Init                0x5e05    0xd0  Code  Gb  adc.o [1]
AppObjCreate                 0x5917    0x52  Code  Lc  main.o [1]
AppTaskCreate                0x588f    0x88  Code  Lc  main.o [1]
BLDCMotor               0x2000'0050    0x20  Data  Gb  pwm.o [1]
BOARD_BootClockRUN           0x5aff    0x3e  Code  Gb  clock_config.o [1]
BOARD_InitDebugConsole       0x5be3    0x18  Code  Gb  board.o [1]
BOARD_InitPins               0x5a55    0x6e  Code  Gb  pin_mux.o [1]
CADC_EnableConverter         0x3a8f    0x4e  Code  Gb  fsl_cadc.o [1]
CADC_EnableConverterPower
                             0x3add    0x5e  Code  Gb  fsl_cadc.o [1]
CADC_EnableSample            0x5ded    0x18  Code  Lc  adc.o [1]
CADC_GetDefaultConfig        0x38d5    0x40  Code  Gb  fsl_cadc.o [1]
CADC_GetDefaultConverterConfig
                             0x3a4d    0x42  Code  Gb  fsl_cadc.o [1]
CADC_GetInstance             0x37f5    0x34  Code  Lc  fsl_cadc.o [1]
CADC_GetStatusFlags          0x3b3b    0x66  Code  Gb  fsl_cadc.o [1]
CADC_Init                    0x3829    0xac  Code  Gb  fsl_cadc.o [1]
CADC_SetConverterAConfig
                             0x3915    0x7e  Code  Lc  fsl_cadc.o [1]
CADC_SetConverterBConfig
                             0x3993    0x78  Code  Lc  fsl_cadc.o [1]
CADC_SetConverterConfig
                             0x3a0b    0x42  Code  Gb  fsl_cadc.o [1]
CADC_SetSampleConfig         0x3ba1   0x270  Code  Gb  fsl_cadc.o [1]
CAN0_DriverIRQHandler        0x68a5    0x2a  Code  Gb  fsl_flexcan.o [1]
CAN1_DriverIRQHandler        0x68d1    0x2a  Code  Gb  fsl_flexcan.o [1]
CLOCK_BootToPeeMode          0x43e5    0x4a  Code  Gb  fsl_clock.o [1]
CLOCK_CONFIG_SetFllExtRefDiv
                             0x5aeb    0x14  Code  Lc  clock_config.o [1]
CLOCK_CONFIG_SetSimSafeDivs
                             0x5ae3     0x8  Code  Lc  clock_config.o [1]
CLOCK_EnableClock            0x37e1    0x14  Code  Lc  fsl_cadc.o [1]
CLOCK_EnableClock            0x20c5    0x14  Code  Lc  fsl_pwm.o [1]
CLOCK_EnableClock            0x3459    0x14  Code  Lc  fsl_uart.o [1]
CLOCK_EnableClock            0x4ce5    0x12  Code  Lc  fsl_xbara.o [1]
CLOCK_EnableClock            0x5a25    0x12  Code  Lc  pin_mux.o [1]
CLOCK_EnablePll0             0x4299    0x58  Code  Gb  fsl_clock.o [1]
CLOCK_GetEr32kClkFreq        0x3fb9    0x36  Code  Gb  fsl_clock.o [1]
CLOCK_GetFastPeriphClkFreq
                             0x3fef    0x18  Code  Gb  fsl_clock.o [1]
CLOCK_GetFixedFreqClkFreq
                             0x415b    0x1e  Code  Gb  fsl_clock.o [1]
CLOCK_GetFllExtRefClkFreq
                             0x3e85    0x56  Code  Lc  fsl_clock.o [1]
CLOCK_GetFllFreq             0x4101    0x44  Code  Gb  fsl_clock.o [1]
CLOCK_GetFllFreq::fllFactorTable
                             0x71c8    0x10  Data  Lc  fsl_clock.o [1]
CLOCK_GetFllRefClkFreq       0x3f01    0x20  Code  Lc  fsl_clock.o [1]
CLOCK_GetFreq                0x4007    0xae  Code  Gb  fsl_clock.o [1]
CLOCK_GetInternalRefClkFreq
                             0x4145    0x16  Code  Gb  fsl_clock.o [1]
CLOCK_GetInternalRefClkSelectFreq
                             0x3edb    0x26  Code  Lc  fsl_clock.o [1]
CLOCK_GetMcgExtClkFreq       0x3e63    0x22  Code  Lc  fsl_clock.o [1]
CLOCK_GetOsc0ErClkDivFreq
                             0x3f7b    0x3e  Code  Gb  fsl_clock.o [1]
CLOCK_GetOsc0ErClkUndivFreq
                             0x3f49    0x32  Code  Gb  fsl_clock.o [1]
CLOCK_GetOscRangeFromFreq
                             0x3f29    0x20  Code  Lc  fsl_clock.o [1]
CLOCK_GetOutClkFreq          0x40c9    0x38  Code  Gb  fsl_clock.o [1]
CLOCK_GetPll0Freq            0x4179    0x54  Code  Gb  fsl_clock.o [1]
CLOCK_GetPll0RefFreq         0x3f21     0x8  Code  Lc  fsl_clock.o [1]
CLOCK_InitOsc0               0x42f1    0x50  Code  Gb  fsl_clock.o [1]
CLOCK_SetEr32kClock          0x3e35     0xe  Code  Lc  fsl_clock.o [1]
CLOCK_SetExternalRefClkConfig
                             0x41cd     0x6  Code  Gb  fsl_clock.o [1]
CLOCK_SetInternalRefClkConfig
                             0x41d3    0xc6  Code  Gb  fsl_clock.o [1]
CLOCK_SetPbeMode             0x435d    0x6c  Code  Gb  fsl_clock.o [1]
CLOCK_SetSimConfig           0x40b5    0x14  Code  Gb  fsl_clock.o [1]
CLOCK_SetXtal0Freq           0x5add     0x6  Code  Lc  clock_config.o [1]
CSTACK$$Base            0x2000'3c00           --   Gb  - Linker created -
CSTACK$$Limit           0x2000'4000           --   Gb  - Linker created -
ConvertRadixNumToString
                             0x2e8f    0xc0  Code  Lc  fsl_str.o [1]
DMA0_DriverIRQHandler        0x604d    0x10  Code  Gb  fsl_edma.o [1]
DMA10_DriverIRQHandler       0x60ef    0x10  Code  Gb  fsl_edma.o [1]
DMA11_DriverIRQHandler       0x60ff    0x10  Code  Gb  fsl_edma.o [1]
DMA12_DriverIRQHandler       0x610f    0x10  Code  Gb  fsl_edma.o [1]
DMA13_DriverIRQHandler       0x611f    0x10  Code  Gb  fsl_edma.o [1]
DMA14_DriverIRQHandler       0x612f    0x10  Code  Gb  fsl_edma.o [1]
DMA15_DriverIRQHandler       0x613f    0x10  Code  Gb  fsl_edma.o [1]
DMA1_DriverIRQHandler        0x605d    0x10  Code  Gb  fsl_edma.o [1]
DMA2_DriverIRQHandler        0x606d    0x10  Code  Gb  fsl_edma.o [1]
DMA3_DriverIRQHandler        0x607d    0x10  Code  Gb  fsl_edma.o [1]
DMA4_DriverIRQHandler        0x608f    0x10  Code  Gb  fsl_edma.o [1]
DMA5_DriverIRQHandler        0x609f    0x10  Code  Gb  fsl_edma.o [1]
DMA6_DriverIRQHandler        0x60af    0x10  Code  Gb  fsl_edma.o [1]
DMA7_DriverIRQHandler        0x60bf    0x10  Code  Gb  fsl_edma.o [1]
DMA8_DriverIRQHandler        0x60cf    0x10  Code  Gb  fsl_edma.o [1]
DMA9_DriverIRQHandler        0x60df    0x10  Code  Gb  fsl_edma.o [1]
DSPI_CommonIRQHandler        0x6491    0x2c  Code  Lc  fsl_dspi.o [1]
DSPI_IsMaster                0x6481    0x10  Code  Lc  fsl_dspi.o [1]
DWT_DelayInit                0x5b45    0x16  Code  Gb  clock_config.o [1]
DWT_DelayMs                  0x5bc5    0x12  Code  Gb  clock_config.o [1]
DWT_DelayUs                  0x5b5b    0x32  Code  Gb  clock_config.o [1]
DbgConsole_Init              0x2b07    0xf2  Code  Gb  fsl_debug_console.o [1]
DbgConsole_PrintCallback
                             0x2ac9    0x3e  Code  Lc  fsl_debug_console.o [1]
DbgConsole_Printf            0x2bf9    0x44  Code  Gb  fsl_debug_console.o [1]
DbgConsole_SendDataReliable
                             0x2a81    0x48  Code  Gb  fsl_debug_console.o [1]
DelayInit                    0x5b3d     0x8  Code  Gb  clock_config.o [1]
DelayMs                      0x5bd7     0xc  Code  Gb  clock_config.o [1]
Dir                     0x2000'0070     0x4  Data  Gb  pwm.o [1]
EDMA_HandleIRQ               0x5f49   0x104  Code  Gb  fsl_edma.o [1]
GPIO_Init                    0x4be1    0xe4  Code  Gb  fsl_gpio.o [1]
GPIO_InstanceTable           0x717c    0x14  Data  Lc  fsl_gpio.o [1]
GPIO_PinConfig               0x4a19    0x48  Code  Gb  fsl_gpio.o [1]
GPIO_PinRead                 0x44a5     0xa  Code  Lc  pwm.o [1]
GPIO_QuickInit               0x4cc5    0x20  Code  Gb  fsl_gpio.o [1]
HALLSensor_Detected_BLDC
                             0x4693    0xee  Code  Gb  pwm.o [1]
HALL_Init                    0x44af    0x22  Code  Gb  pwm.o [1]
HAL_UartGetStatus            0x32e1    0x10  Code  Lc  uart_adapter.o [1]
HAL_UartInit                 0x32f1    0xec  Code  Gb  uart_adapter.o [1]
HAL_UartSendBlocking         0x33dd    0x5a  Code  Gb  uart_adapter.o [1]
HallSensor_GetPinState       0x44d1    0x4e  Code  Gb  pwm.o [1]
HallSensor_GetPinState::State
                        0x2000'295c     0x4  Data  Lc  pwm.o [1]
I2C0_DriverIRQHandler        0x69c9     0xe  Code  Gb  fsl_i2c.o [1]
I2C_TransferCommonIRQHandler
                             0x6989    0x36  Code  Lc  fsl_i2c.o [1]
KEY_Init                     0x5c15    0x68  Code  Gb  key.o [1]
KEY_Scan                     0x5c7d   0x142  Code  Gb  key.o [1]
KEY_Scan::key_up        0x2000'0078     0x1  Data  Lc  key.o [1]
LED_Init                     0x5bfb    0x18  Code  Gb  led.o [1]
LoadInt                      0x51e7    0x56  Code  Lc  xprintfsmall_nomb.o [2]
OSC_SetCapLoad               0x3e57     0xc  Code  Lc  fsl_clock.o [1]
OSC_SetExtRefClkConfig       0x3e43    0x14  Code  Lc  fsl_clock.o [1]
POLLING_USART_Init           0x5ee1    0x40  Code  Gb  pollingusart.o [1]
PORT_InstanceTable           0x7190    0x14  Data  Lc  fsl_gpio.o [1]
PORT_PinMuxConfig            0x4a61    0x56  Code  Gb  fsl_gpio.o [1]
PORT_PinOpenDrainConfig
                             0x4ab7    0x5a  Code  Gb  fsl_gpio.o [1]
PORT_PinPullConfig           0x4b11    0xbe  Code  Gb  fsl_gpio.o [1]
PORT_SetPinMux               0x5a37    0x1e  Code  Lc  pin_mux.o [1]
PWMA_Close_ABC_Channel       0x4901    0xdc  Code  Gb  pwm.o [1]
PWMA_Select_A_Channel        0x4781    0x80  Code  Gb  pwm.o [1]
PWMA_Select_B_Channel        0x4801    0x80  Code  Gb  pwm.o [1]
PWMA_Select_C_Channel        0x4881    0x80  Code  Gb  pwm.o [1]
PWM_BLDC_Init                0x451f    0xe4  Code  Gb  pwm.o [1]
PWM_DRV_Init3PhPwm           0x4603    0x90  Code  Lc  pwm.o [1]
PWM_GetDefaultConfig         0x22a9    0x5c  Code  Gb  fsl_pwm.o [1]
PWM_GetInstance              0x20d9    0x34  Code  Lc  fsl_pwm.o [1]
PWM_Init                     0x210d   0x19c  Code  Gb  fsl_pwm.o [1]
PWM_SetPwmLdok               0x446f    0x36  Code  Lc  pwm.o [1]
PWM_SetupPwm                 0x2305   0x450  Code  Gb  fsl_pwm.o [1]
PWM_StartTimer               0x4459    0x16  Code  Lc  pwm.o [1]
PWM_UpdatePwmDutycycle       0x2755   0x2e0  Code  Gb  fsl_pwm.o [1]
PendSV_Handler               0x1831          Code  Gb  portasm.o [1]
RW$$Base                0x2000'0000           --   Gb  - Linker created -
RW$$Limit               0x2000'007c           --   Gb  - Linker created -
Region$$Table$$Base          0x6f98           --   Gb  - Linker created -
Region$$Table$$Limit         0x6fbc           --   Gb  - Linker created -
SIM_GPIOClockGateTable       0x71a4    0x14  Data  Lc  fsl_gpio.o [1]
SPI0_DriverIRQHandler        0x64bd    0x24  Code  Gb  fsl_dspi.o [1]
SVC_Handler                  0x1889          Code  Gb  portasm.o [1]
SerialManager_Init           0x2d37    0x6a  Code  Gb  serial_manager.o [1]
SerialManager_OpenReadHandle
                             0x2df7    0x5e  Code  Gb  serial_manager.o [1]
SerialManager_OpenWriteHandle
                             0x2da1    0x56  Code  Gb  serial_manager.o [1]
SerialManager_StartWriting
                             0x2c8d    0x36  Code  Lc  serial_manager.o [1]
SerialManager_Write          0x2cc3    0x74  Code  Lc  serial_manager.o [1]
SerialManager_WriteBlocking
                             0x2e55    0x14  Code  Gb  serial_manager.o [1]
Serial_UartInit              0x31a1    0x6e  Code  Gb  serial_port_uart.o [1]
Serial_UartWrite             0x320f    0x52  Code  Gb  serial_port_uart.o [1]
StrFormatPrintf              0x2f4f   0x250  Code  Gb  fsl_str.o [1]
SysTick_Handler              0x12b5    0x28  Code  Gb  port.o [1]
SystemCoreClock         0x2000'0074     0x4  Data  Gb  system_MKV46F16.o [1]
SystemInit                   0x6b95    0x28  Code  Gb  system_MKV46F16.o [1]
UART0_DriverIRQHandler       0x3785    0x14  Code  Gb  fsl_uart.o [1]
UART0_RX_TX_DriverIRQHandler
                             0x3799     0xc  Code  Gb  fsl_uart.o [1]
UART1_DriverIRQHandler       0x37a5    0x14  Code  Gb  fsl_uart.o [1]
UART1_RX_TX_DriverIRQHandler
                             0x37d5     0xc  Code  Gb  fsl_uart.o [1]
UART_GetDefaultConfig        0x3669    0x58  Code  Gb  fsl_uart.o [1]
UART_GetInstance             0x346d    0x36  Code  Gb  fsl_uart.o [1]
UART_GetStatusFlags          0x36c1    0x1a  Code  Gb  fsl_uart.o [1]
UART_Init                    0x34a3   0x1c6  Code  Gb  fsl_uart.o [1]
UART_ReadBlocking            0x36f3    0x6a  Code  Gb  fsl_uart.o [1]
UART_WriteBlocking           0x36db    0x18  Code  Gb  fsl_uart.o [1]
XBARA_GetInstance            0x4cf7    0x2e  Code  Lc  fsl_xbara.o [1]
XBARA_Init                   0x4d25    0x16  Code  Gb  fsl_xbara.o [1]
XBARA_SetSignalsConnection
                             0x4d3b    0x44  Code  Gb  fsl_xbara.o [1]
ZI$$Base                0x2000'007c           --   Gb  - Linker created -
ZI$$Limit               0x2000'2b10           --   Gb  - Linker created -
_LitobSmallNoMb              0x5379    0xce  Code  Lc  xprintfsmall_nomb.o [2]
_PrintfSmallNoMb             0x4fc9   0x214  Code  Gb  xprintfsmall_nomb.o [2]
_Prout                       0x713d    0x16  Code  Gb  xprout.o [2]
_PutcharsSmallNoMb           0x5447    0x2e  Code  Lc  xprintfsmall_nomb.o [2]
_PutfldSmallNoMb             0x523d   0x13c  Code  Lc  xprintfsmall_nomb.o [2]
__Vectors                       0x0           --   Gb  startup_MKV46F16.o [1]
__Vectors_End                 0x400          Data  Gb  startup_MKV46F16.o [1]
__Vectors_Size {Abs}          0x400           --   Gb  startup_MKV46F16.o [1]
__aeabi_assert               0x2a65    0x1c  Code  Gb  fsl_assert.o [1]
__aeabi_ldiv0                0x4fc5          Code  Gb  I64DivZer.o [4]
__aeabi_memclr4              0x2e89          Code  Gb  ABImemclr4.o [4]
__aeabi_memcpy               0x1fe5          Code  Gb  ABImemcpy.o [4]
__aeabi_memcpy4              0x2005          Code  Gb  ABImemcpy.o [4]
__aeabi_memcpy8              0x2005          Code  Gb  ABImemcpy.o [4]
__aeabi_memset               0x1035          Code  Gb  ABImemset.o [4]
__aeabi_uldivmod             0x4d95          Code  Gb  I64DivMod.o [4]
__cmain                      0x6fdd          Code  Gb  cmain.o [4]
__exit                       0x5551    0x14  Code  Gb  exit.o [5]
__iar_Fail_s                 0x54b1    0x1c  Code  Gb  xfail_s.o [2]
__iar_Memchr                 0x54f1          Code  Gb  memchr.o [4]
__iar_Memset                 0x1035          Code  Gb  ABImemset.o [4]
__iar_Memset4_word           0x3275          Code  Gb  ABImemset48.o [4]
__iar_Memset8_word           0x3275          Code  Gb  ABImemset48.o [4]
__iar_Memset_word            0x103d          Code  Gb  ABImemset.o [4]
__iar_Strchr                 0x5499          Code  Gb  strchr.o [4]
__iar_copy_init3             0x6e19    0x2c  Code  Gb  copy_init3.o [4]
__iar_data_init3             0x6ebd    0x28  Code  Gb  data_init.o [4]
__iar_init_vfp               0x6f75          Code  Gb  fpinit_M.o [3]
__iar_program_start          0x735d          Code  Gb  cstartup_M.o [4]
__iar_zero_init3             0x208b    0x3a  Code  Gb  zero_init3.o [4]
__low_level_init             0x6ffb     0x4  Code  Gb  low_level_init.o [2]
__vector_table                  0x0          Data  Gb  startup_MKV46F16.o [1]
__vector_table_0x1c            0x1c          Data  Gb  startup_MKV46F16.o [1]
__write                      0x2c61    0x2a  Code  Wk  fsl_debug_console.o [1]
_call_main                   0x6fe9          Code  Gb  cmain.o [4]
_exit                        0x7005          Code  Gb  cexit.o [4]
_main                        0x6ff7          Code  Gb  cmain.o [4]
abort                        0x5549     0x6  Code  Gb  abort.o [2]
exit                         0x6fff     0x4  Code  Gb  exit.o [2]
g_CADCChannelConfigDifferentialMask
                             0x71b8    0x10  Data  Lc  fsl_cadc.o [1]
g_dspiHandle            0x2000'00a0     0x4  Data  Lc  fsl_dspi.o [1]
g_serialHandle          0x2000'009c     0x4  Data  Gb  fsl_debug_console.o [1]
g_tMsg                  0x2000'294c     0x8  Data  Gb  main.o [1]
g_xtal0Freq             0x2000'007c     0x4  Data  Gb  fsl_clock.o [1]
main                         0x5565    0x40  Code  Gb  main.o [1]
mcgConfig_BOARD_BootClockRUN
                             0x7278     0xc  Data  Gb  clock_config.o [1]
memchr                       0x54f1          Code  Gb  memchr.o [4]
oscConfig_BOARD_BootClockRUN
                             0x7370     0x8  Data  Gb  clock_config.o [1]
pcInterruptPriorityRegisters
                             0x7550     0x4  Data  Lc  port.o [1]
printf                       0x5f21    0x28  Code  Gb  printf.o [2]
prvAddCurrentTaskToDelayedList
                              0xd09    0x82  Code  Lc  tasks.o [1]
prvAddNewTaskToReadyList
                              0x587    0x9e  Code  Lc  tasks.o [1]
prvCheckForValidListAndQueue
                             0x17c1    0x46  Code  Lc  timers.o [1]
prvCheckTasksWaitingTermination
                              0xb87    0x3e  Code  Lc  tasks.o [1]
prvCopyDataFromQueue         0x1e91    0x36  Code  Lc  queue.o [1]
prvCopyDataToQueue           0x1df5    0x9c  Code  Lc  queue.o [1]
prvDeleteTCB                  0xbc5    0x12  Code  Lc  tasks.o [1]
prvGetNextExpireTime         0x1553    0x28  Code  Lc  timers.o [1]
prvHeapInit                   0xf55    0x62  Code  Lc  heap_4.o [1]
prvIdleTask                   0xb05    0x24  Code  Lc  tasks.o [1]
prvInitialiseNewQueue        0x19cb    0x36  Code  Lc  queue.o [1]
prvInitialiseNewTask          0x485   0x102  Code  Lc  tasks.o [1]
prvInitialiseTaskLists        0xb31    0x56  Code  Lc  tasks.o [1]
prvInsertBlockIntoFreeList
                              0xfb7    0x5e  Code  Lc  heap_4.o [1]
prvInsertTimerInActiveList
                             0x15a3    0x52  Code  Lc  timers.o [1]
prvIsQueueEmpty              0x1f35    0x1c  Code  Lc  queue.o [1]
prvIsQueueFull               0x1f51    0x1e  Code  Lc  queue.o [1]
prvProcessExpiredTimer       0x1459    0x6c  Code  Lc  timers.o [1]
prvProcessReceivedCommands
                             0x15f5   0x13e  Code  Lc  timers.o [1]
prvProcessTimerOrBlockTask
                             0x14df    0x74  Code  Lc  timers.o [1]
prvResetNextTaskUnblockTime
                              0xbd7    0x26  Code  Lc  tasks.o [1]
prvSampleTimeNow             0x157b    0x28  Code  Lc  timers.o [1]
prvSampleTimeNow::xLastTime
                        0x2000'2b04     0x4  Data  Lc  timers.o [1]
prvSwitchTimerLists          0x1733    0x8e  Code  Lc  timers.o [1]
prvTaskExitError             0x115d    0x2a  Code  Lc  port.o [1]
prvTimerTask                 0x14c5    0x1a  Code  Lc  timers.o [1]
prvUnlockQueue               0x1ec7    0x6e  Code  Lc  queue.o [1]
putchar                      0x6fbd    0x20  Code  Gb  putchar.o [2]
pvPortMalloc                  0xdc1   0x120  Code  Gb  heap_4.o [1]
pxCurrentTCB            0x2000'29a0     0x4  Data  Gb  tasks.o [1]
pxCurrentTimerList      0x2000'2af4     0x4  Data  Lc  timers.o [1]
pxDelayedTaskList       0x2000'2a58     0x4  Data  Lc  tasks.o [1]
pxEnd                   0x2000'2918     0x4  Data  Lc  heap_4.o [1]
pxOverflowDelayedTaskList
                        0x2000'2a5c     0x4  Data  Lc  tasks.o [1]
pxOverflowTimerList     0x2000'2af8     0x4  Data  Lc  timers.o [1]
pxPortInitialiseStack        0x1135    0x28  Code  Gb  port.o [1]
pxReadyTasksLists       0x2000'29a4    0x8c  Data  Lc  tasks.o [1]
s_EDMAHandle            0x2000'00ac    0x40  Data  Lc  fsl_edma.o [1]
s_UartAdapterBase            0x7418     0x8  Data  Lc  uart_adapter.o [1]
s_cadcBases                  0x7538     0x4  Data  Lc  fsl_cadc.o [1]
s_cadcClocks                 0x753c     0x4  Data  Lc  fsl_cadc.o [1]
s_debugConsoleState     0x2000'0080    0x1c  Data  Lc  fsl_debug_console.o [1]
s_dspiMasterIsr         0x2000'00a4     0x4  Data  Lc  fsl_dspi.o [1]
s_dspiSlaveIsr          0x2000'00a8     0x4  Data  Lc  fsl_dspi.o [1]
s_fastIrcFreq           0x2000'0004     0x4  Data  Lc  fsl_clock.o [1]
s_flexcanHandle         0x2000'00ec     0x8  Data  Lc  fsl_flexcan.o [1]
s_flexcanIsr            0x2000'00f4     0x4  Data  Lc  fsl_flexcan.o [1]
s_i2cHandle             0x2000'00f8     0x4  Data  Lc  fsl_i2c.o [1]
s_i2cMasterIsr          0x2000'00fc     0x4  Data  Lc  fsl_i2c.o [1]
s_i2cSlaveIsr           0x2000'0100     0x4  Data  Lc  fsl_i2c.o [1]
s_pwmBases                   0x7540     0x4  Data  Lc  fsl_pwm.o [1]
s_pwmClocks                  0x71f8    0x10  Data  Lc  fsl_pwm.o [1]
s_slowIrcFreq           0x2000'0000     0x4  Data  Lc  fsl_clock.o [1]
s_uartBases                  0x73a0     0x8  Data  Lc  fsl_uart.o [1]
s_uartClock                  0x73a8     0x8  Data  Lc  fsl_uart.o [1]
s_uartHandle            0x2000'0104     0x8  Data  Lc  fsl_uart.o [1]
s_uartIsr               0x2000'010c     0x4  Data  Lc  fsl_uart.o [1]
s_xbaraBases                 0x7544     0x4  Data  Lc  fsl_xbara.o [1]
s_xbaraClock                 0x7548     0x4  Data  Lc  fsl_xbara.o [1]
sec_hand                0x2000'2b08     0x4  Data  Lc  xfail_s.o [2]
simConfig_BOARD_BootClockRUN
                             0x7368     0x8  Data  Gb  clock_config.o [1]
strchr                       0x5499          Code  Gb  strchr.o [4]
strlen                       0x32a9          Code  Gb  strlen.o [4]
txbuff                  0x2000'0008    0x44  Data  Gb  pollingusart.o [1]
ucHeap                  0x2000'0110  0x2800  Data  Lc  heap_4.o [1]
ucMaxSysCallPriority    0x2000'2b0c     0x1  Data  Lc  port.o [1]
ulMaxPRIGROUPValue      0x2000'2954     0x4  Data  Lc  port.o [1]
uwStep                  0x2000'2958     0x4  Data  Gb  pwm.o [1]
uxCriticalNesting       0x2000'004c     0x4  Data  Lc  port.o [1]
uxCurrentNumberOfTasks  0x2000'2aa0     0x4  Data  Lc  tasks.o [1]
uxDeletedTasksWaitingCleanUp
                        0x2000'2a88     0x4  Data  Lc  tasks.o [1]
uxListRemove                 0x110d    0x28  Code  Gb  list.o [1]
uxPendedTicks           0x2000'2ab0     0x4  Data  Lc  tasks.o [1]
uxSchedulerSuspended    0x2000'2ac8     0x4  Data  Lc  tasks.o [1]
uxTaskNumber            0x2000'2abc     0x4  Data  Lc  tasks.o [1]
uxTopReadyPriority      0x2000'2aa8     0x4  Data  Lc  tasks.o [1]
vListInitialise              0x109b    0x1e  Code  Gb  list.o [1]
vListInitialiseItem          0x10b9     0x6  Code  Gb  list.o [1]
vListInsert                  0x10d7    0x36  Code  Gb  list.o [1]
vListInsertEnd               0x10bf    0x18  Code  Gb  list.o [1]
vPortEnableVFP               0x18c5          Code  Gb  portasm.o [1]
vPortEnterCritical           0x1255    0x34  Code  Gb  port.o [1]
vPortExitCritical            0x1289    0x2c  Code  Gb  port.o [1]
vPortFree                     0xee1    0x74  Code  Gb  heap_4.o [1]
vPortStartFirstTask          0x18a5          Code  Gb  portasm.o [1]
vPortValidateInterruptPriority
                             0x12dd    0x4e  Code  Gb  port.o [1]
vQueueAddToRegistry          0x1f6f    0x26  Code  Gb  queue.o [1]
vQueueWaitForMessageRestricted
                             0x1f99    0x4c  Code  Gb  queue.o [1]
vTaskBLDC                    0x57cf    0x74  Code  Lc  main.o [1]
vTaskDelay                    0x625    0x4e  Code  Gb  tasks.o [1]
vTaskInternalSetTimeOutState
                              0xa51    0x12  Code  Gb  tasks.o [1]
vTaskLED                     0x5737    0x4c  Code  Lc  main.o [1]
vTaskLED2                    0x5783    0x4c  Code  Lc  main.o [1]
vTaskMissedYield              0xafb     0xa  Code  Gb  tasks.o [1]
vTaskMsgPro                  0x5843    0x3a  Code  Lc  main.o [1]
vTaskPlaceOnEventList         0x93b    0x34  Code  Gb  tasks.o [1]
vTaskPlaceOnEventListRestricted
                              0x985    0x40  Code  Gb  tasks.o [1]
vTaskStart                   0x587d    0x12  Code  Lc  main.o [1]
vTaskStartScheduler           0x673    0x72  Code  Gb  tasks.o [1]
vTaskSuspendAll               0x6e5     0xc  Code  Gb  tasks.o [1]
vTaskSwitchContext            0x8cf    0x6c  Code  Gb  tasks.o [1]
vTaskTaskUserIF              0x55a5   0x192  Code  Lc  main.o [1]
xActiveTimerList1       0x2000'2acc    0x14  Data  Lc  timers.o [1]
xActiveTimerList2       0x2000'2ae0    0x14  Data  Lc  timers.o [1]
xBlockAllocatedBit      0x2000'2924     0x4  Data  Lc  heap_4.o [1]
xDelayedTaskList1       0x2000'2a30    0x14  Data  Lc  tasks.o [1]
xDelayedTaskList2       0x2000'2a44    0x14  Data  Lc  tasks.o [1]
xFreeBytesRemaining     0x2000'291c     0x4  Data  Lc  heap_4.o [1]
xHandleTaskBLDC         0x2000'2934     0x4  Data  Lc  main.o [1]
xHandleTaskLED          0x2000'292c     0x4  Data  Lc  main.o [1]
xHandleTaskLED2         0x2000'2930     0x4  Data  Lc  main.o [1]
xHandleTaskMsgPro       0x2000'2938     0x4  Data  Lc  main.o [1]
xHandleTaskStart        0x2000'293c     0x4  Data  Lc  main.o [1]
xHandleTaskUserIF       0x2000'2928     0x4  Data  Lc  main.o [1]
xHeapStructSize              0x754c     0x4  Data  Lc  heap_4.o [1]
xIdleTaskHandle         0x2000'2ac4     0x4  Data  Lc  tasks.o [1]
xMinimumEverFreeBytesRemaining
                        0x2000'2920     0x4  Data  Lc  heap_4.o [1]
xNextTaskUnblockTime    0x2000'2ac0     0x4  Data  Lc  tasks.o [1]
xNumOfOverflows         0x2000'2ab8     0x4  Data  Lc  tasks.o [1]
xPendingReadyList       0x2000'2a60    0x14  Data  Lc  tasks.o [1]
xPortStartScheduler          0x1187    0xce  Code  Gb  port.o [1]
xQueue1                 0x2000'2940     0x4  Data  Lc  main.o [1]
xQueue2                 0x2000'2944     0x4  Data  Lc  main.o [1]
xQueue3                 0x2000'2948     0x4  Data  Lc  main.o [1]
xQueueGenericCreate          0x1975    0x56  Code  Gb  queue.o [1]
xQueueGenericReset           0x18e1    0x94  Code  Gb  queue.o [1]
xQueueGenericSend            0x1a01   0x1a6  Code  Gb  queue.o [1]
xQueueGenericSendFromISR
                             0x1ba7    0xe0  Code  Gb  queue.o [1]
xQueueReceive                0x1c87   0x16a  Code  Gb  queue.o [1]
xQueueRegistry          0x2000'2960    0x40  Data  Gb  queue.o [1]
xSchedulerRunning       0x2000'2aac     0x4  Data  Lc  tasks.o [1]
xStart                  0x2000'2910     0x8  Data  Lc  heap_4.o [1]
xSuspendedTaskList      0x2000'2a8c    0x14  Data  Lc  tasks.o [1]
xTaskCheckForTimeOut          0xa6d    0x8e  Code  Gb  tasks.o [1]
xTaskCreate                   0x411    0x74  Code  Gb  tasks.o [1]
xTaskGetSchedulerState        0xbfd    0x20  Code  Gb  tasks.o [1]
xTaskGetTickCount             0x7d5     0x8  Code  Gb  tasks.o [1]
xTaskIncrementTick            0x7dd    0xf2  Code  Gb  tasks.o [1]
xTaskPriorityDisinherit
                              0xc25    0xb2  Code  Gb  tasks.o [1]
xTaskRemoveFromEventList
                              0x9c9    0x82  Code  Gb  tasks.o [1]
xTaskResumeAll                0x6f1    0xe4  Code  Gb  tasks.o [1]
xTasksWaitingTermination
                        0x2000'2a74    0x14  Data  Lc  tasks.o [1]
xTickCount              0x2000'2aa4     0x4  Data  Lc  tasks.o [1]
xTimerCreateTimerTask        0x1391    0x46  Code  Gb  timers.o [1]
xTimerGenericCommand         0x13d7    0x82  Code  Gb  timers.o [1]
xTimerQueue             0x2000'2afc     0x4  Data  Lc  timers.o [1]
xTimerTaskHandle        0x2000'2b00     0x4  Data  Lc  timers.o [1]
xYieldPending           0x2000'2ab4     0x4  Data  Lc  tasks.o [1]


[1] = G:\MKV44F256FVH16_Pro\IAR_mkv44f128vlh16_software_folder\freeRTOS_iar_mkv44f128vlh16_soft\iar\debug\obj
[2] = dl7M_tln.a
[3] = m7M_tls.a
[4] = rt7M_tl.a
[5] = shb_l.a

  25 864 bytes of readonly  code memory
   4 176 bytes of readonly  data memory
  12 042 bytes of readwrite data memory

Errors: none
Warnings: none
